Component: ARM Compiler 5.06 update 6 (build 750) Tool: armlink [4d35ed]

==============================================================================

Section Cross References

    main.o(i.main) refers to ltck.o(i.LTCK_Init) for LTCK_Init
    main.o(i.main) refers to ltck.o(i.Choose_Color) for Choose_Color
    main.o(i.main) refers to ltck.o(i.Go_To_Turntable) for Go_To_Turntable
    main.o(i.main) refers to ltck.o(i.Go_To_Stairs) for Go_To_Stairs
    system_stm32f4xx.o(i.SystemCoreClockUpdate) refers to system_stm32f4xx.o(.data) for .data
    system_stm32f4xx.o(i.SystemCoreClockUpdate) refers to system_stm32f4xx.o(.constdata) for .constdata
    system_stm32f4xx.o(i.SystemInit) refers to system_stm32f4xx.o(i.SetSysClock) for SetSysClock
    ltck.o(i.Avoid_Obstacle) refers to f2d.o(.text) for __aeabi_f2d
    ltck.o(i.Avoid_Obstacle) refers to printfa.o(i.__0printf) for __2printf
    ltck.o(i.Avoid_Obstacle) refers to vl53l0x_gen.o(i.vl53l0x_start_single_test) for vl53l0x_start_single_test
    ltck.o(i.Avoid_Obstacle) refers to pid.o(i.PID_PositionCalc) for PID_PositionCalc
    ltck.o(i.Avoid_Obstacle) refers to dmul.o(.text) for __aeabi_dmul
    ltck.o(i.Avoid_Obstacle) refers to d2f.o(.text) for __aeabi_d2f
    ltck.o(i.Avoid_Obstacle) refers to chassis.o(i.Chassis_InverseMotionControl) for Chassis_InverseMotionControl
    ltck.o(i.Avoid_Obstacle) refers to chassis_pid.o(.bss) for Chassis_AnglePID
    ltck.o(i.Avoid_Obstacle) refers to vl53l0x.o(.bss) for avoid_data
    ltck.o(i.Avoid_Obstacle) refers to im948_cmd.o(.data) for Yaw_Angle
    ltck.o(i.Avoid_Obstacle) refers to vl53l0x_gen.o(.bss) for vl53l0x_data
    ltck.o(i.Avoid_Obstacle) refers to vl53l0x.o(.bss) for vl53l0x_dev4
    ltck.o(i.Choose_Color) refers to ws2812.o(i.rgb_SetColor) for rgb_SetColor
    ltck.o(i.Choose_Color) refers to key.o(.data) for Key1_value
    ltck.o(i.Choose_Color) refers to ltck.o(.data) for .data
    ltck.o(i.Choose_Color) refers to ws2812.o(.constdata) for BLACK
    ltck.o(i.Go_To_Home) refers to chassis.o(i.Chassis_TurnLeft) for Chassis_TurnLeft
    ltck.o(i.Go_To_Home) refers to chassis.o(i.Chassis_MovePath) for Chassis_MovePath
    ltck.o(i.Go_To_Home) refers to chassis_path.o(.bss) for Chassis_Path_StartToHome
    ltck.o(i.Go_To_Stairs) refers to vl53l0x_gen.o(i.vl53l0x_start_single_test) for vl53l0x_start_single_test
    ltck.o(i.Go_To_Stairs) refers to chassis.o(i.Chassis_SetSpeed) for Chassis_SetSpeed
    ltck.o(i.Go_To_Stairs) refers to ltck.o(i.Avoid_Obstacle) for Avoid_Obstacle
    ltck.o(i.Go_To_Stairs) refers to chassis.o(i.Chassis_GuiWei) for Chassis_GuiWei
    ltck.o(i.Go_To_Stairs) refers to chassis.o(i.Chassis_TurnLeft) for Chassis_TurnLeft
    ltck.o(i.Go_To_Stairs) refers to printfa.o(i.__0printf) for __2printf
    ltck.o(i.Go_To_Stairs) refers to delay.o(i.delay_ms) for delay_ms
    ltck.o(i.Go_To_Stairs) refers to chassis.o(i.Chassis_InverseMotionControl) for Chassis_InverseMotionControl
    ltck.o(i.Go_To_Stairs) refers to vl53l0x_gen.o(.bss) for vl53l0x_data
    ltck.o(i.Go_To_Stairs) refers to im948_cmd.o(.data) for Yaw_Angle
    ltck.o(i.Go_To_Stairs) refers to vl53l0x.o(.bss) for vl53l0x_dev4
    ltck.o(i.Go_To_Turntable) refers to chassis.o(i.Chassis_MovePath) for Chassis_MovePath
    ltck.o(i.Go_To_Turntable) refers to chassis.o(i.Chassis_SetSpeed) for Chassis_SetSpeed
    ltck.o(i.Go_To_Turntable) refers to stm32f4xx_gpio.o(i.GPIO_ReadInputDataBit) for GPIO_ReadInputDataBit
    ltck.o(i.Go_To_Turntable) refers to delay.o(i.delay_ms) for delay_ms
    ltck.o(i.Go_To_Turntable) refers to chassis.o(i.Chassis_InverseMotionControl) for Chassis_InverseMotionControl
    ltck.o(i.Go_To_Turntable) refers to chassis.o(i.Chassis_MoveOnce) for Chassis_MoveOnce
    ltck.o(i.Go_To_Turntable) refers to f2d.o(.text) for __aeabi_f2d
    ltck.o(i.Go_To_Turntable) refers to printfa.o(i.__0printf) for __2printf
    ltck.o(i.Go_To_Turntable) refers to chassis_path.o(.bss) for Chassis_Path_StartToTurntable
    ltck.o(i.Go_To_Turntable) refers to im948_cmd.o(.data) for Yaw_Angle
    ltck.o(i.Go_To_Turntable) refers to chassis_pid.o(.bss) for Chassis_AnglePID
    ltck.o(i.Go_To_Warehouse) refers to chassis.o(i.Chassis_MovePath) for Chassis_MovePath
    ltck.o(i.Go_To_Warehouse) refers to chassis_path.o(.bss) for Chassis_Path_StartToWarehouse
    ltck.o(i.LTCK_Init) refers to misc.o(i.NVIC_PriorityGroupConfig) for NVIC_PriorityGroupConfig
    ltck.o(i.LTCK_Init) refers to gray.o(i.Gray_Init) for Gray_Init
    ltck.o(i.LTCK_Init) refers to led.o(i.LED_Init) for LED_Init
    ltck.o(i.LTCK_Init) refers to infrared.o(i.Infrared_Init) for Infrared_Init
    ltck.o(i.LTCK_Init) refers to key.o(i.KEY_Init) for KEY_Init
    ltck.o(i.LTCK_Init) refers to delay.o(i.delay_init) for delay_init
    ltck.o(i.LTCK_Init) refers to uart5.o(i.uart5_init) for uart5_init
    ltck.o(i.LTCK_Init) refers to usart3.o(i.usart3_init) for usart3_init
    ltck.o(i.LTCK_Init) refers to uart4.o(i.uart4_init) for uart4_init
[...]
    USART1_IRQHandler                        0x080001b7   Thumb Code     0  startup_stm32f40_41xxx.o(.text)
    WWDG_IRQHandler                          0x080001b7   Thumb Code     0  startup_stm32f40_41xxx.o(.text)
    __aeabi_uldivmod                         0x080001c1   Thumb Code    98  uldiv.o(.text)
    __aeabi_memcpy                           0x08000223   Thumb Code    36  memcpya.o(.text)
    __aeabi_memcpy4                          0x08000223   Thumb Code     0  memcpya.o(.text)
    __aeabi_memcpy8                          0x08000223   Thumb Code     0  memcpya.o(.text)
    __aeabi_memset                           0x08000247   Thumb Code    14  memseta.o(.text)
    __aeabi_memset4                          0x08000247   Thumb Code     0  memseta.o(.text)
    __aeabi_memset8                          0x08000247   Thumb Code     0  memseta.o(.text)
    __aeabi_memclr                           0x08000255   Thumb Code     4  memseta.o(.text)
    __aeabi_memclr4                          0x08000255   Thumb Code     0  memseta.o(.text)
    __aeabi_memclr8                          0x08000255   Thumb Code     0  memseta.o(.text)
    _memset$wrapper                          0x08000259   Thumb Code    18  memseta.o(.text)
    strcpy                                   0x0800026b   Thumb Code    18  strcpy.o(.text)
    __aeabi_dmul                             0x0800027d   Thumb Code   228  dmul.o(.text)
    __aeabi_f2d                              0x08000361   Thumb Code    38  f2d.o(.text)
    __aeabi_d2f                              0x08000387   Thumb Code    56  d2f.o(.text)
    __aeabi_uidiv                            0x080003bf   Thumb Code     0  uidiv.o(.text)
    __aeabi_uidivmod                         0x080003bf   Thumb Code    44  uidiv.o(.text)
    __aeabi_llsl                             0x080003eb   Thumb Code    30  llshl.o(.text)
    _ll_shift_l                              0x080003eb   Thumb Code     0  llshl.o(.text)
    __aeabi_llsr                             0x08000409   Thumb Code    32  llushr.o(.text)
    _ll_ushift_r                             0x08000409   Thumb Code     0  llushr.o(.text)
    __I$use$fp                               0x08000429   Thumb Code     0  iusefp.o(.text)
    _float_round                             0x08000429   Thumb Code    18  fepilogue.o(.text)
    _float_epilogue                          0x0800043b   Thumb Code    92  fepilogue.o(.text)
    _double_round                            0x08000497   Thumb Code    30  depilogue.o(.text)
    _double_epilogue                         0x080004b5   Thumb Code   156  depilogue.o(.text)
    __aeabi_dadd                             0x08000551   Thumb Code   322  dadd.o(.text)
    __aeabi_dsub                             0x08000693   Thumb Code     6  dadd.o(.text)
    __aeabi_drsub                            0x08000699   Thumb Code     6  dadd.o(.text)
    __aeabi_ddiv                             0x0800069f   Thumb Code   222  ddiv.o(.text)
    _dsqrt                                   0x0800077d   Thumb Code   162  dsqrt.o(.text)
    __aeabi_d2ulz                            0x0800081f   Thumb Code    48  dfixul.o(.text)
    __aeabi_cdrcmple                         0x08000851   Thumb Code    48  cdrcmple.o(.text)
    __scatterload                            0x08000881   Thumb Code    28  init.o(.text)
    __scatterload_rt2                        0x08000881   Thumb Code     0  init.o(.text)
    __aeabi_lasr                             0x080008a5   Thumb Code    36  llsshr.o(.text)
    _ll_sshift_r                             0x080008a5   Thumb Code     0  llsshr.o(.text)
    __decompress                             0x080008c9   Thumb Code     0  __dczerorl2.o(.text)
    __decompress1                            0x080008c9   Thumb Code    86  __dczerorl2.o(.text)
    Avoid_Obstacle                           0x08000921   Thumb Code   294  ltck.o(i.Avoid_Obstacle)
    BusFault_Handler                         0x08000ab1   Thumb Code     2  stm32f4xx_it.o(i.BusFault_Handler)
    CAN_FilterInit                           0x08000ab5   Thumb Code   202  stm32f4xx_can.o(i.CAN_FilterInit)
    CAN_Init                                 0x08000b89   Thumb Code   260  stm32f4xx_can.o(i.CAN_Init)
    CAN_Transmit                             0x08000c8d   Thumb Code   182  stm32f4xx_can.o(i.CAN_Transmit)
    CalcSum1                                 0x08000d43   Thumb Code    22  im948_cmd.o(i.CalcSum1)
    Chassis_GuiWei                           0x08000d59   Thumb Code   106  chassis.o(i.Chassis_GuiWei)
    Chassis_InverseMotionControl             0x08000dd1   Thumb Code   108  chassis.o(i.Chassis_InverseMotionControl)
    Chassis_MoveOnce                         0x08000e3d   Thumb Code   178  chassis.o(i.Chassis_MoveOnce)
    Chassis_MovePath                         0x08000efd   Thumb Code   710  chassis.o(i.Chassis_MovePath)
    Chassis_PID_Init                         0x080011d5   Thumb Code   164  chassis_pid.o(i.Chassis_PID_Init)
    Chassis_PathInit                         0x08001295   Thumb Code   440  chassis_path.o(i.Chassis_PathInit)
    Chassis_SINAccel                         0x0800149d   Thumb Code   174  chassis.o(i.Chassis_SINAccel)
    Chassis_SetSpeed                         0x08001555   Thumb Code   164  chassis.o(i.Chassis_SetSpeed)
    Chassis_TurnLeft                         0x0800160d   Thumb Code   178  chassis.o(i.Chassis_TurnLeft)
    Choose_Color                             0x080016d9   Thumb Code   166  ltck.o(i.Choose_Color)
    Cmd_03                                   0x0800179d   Thumb Code    18  im948_cmd.o(i.Cmd_03)
    Cmd_05                                   0x080017b5   Thumb Code    18  im948_cmd.o(i.Cmd_05)
    Cmd_06                                   0x080017cd   Thumb Code    18  im948_cmd.o(i.Cmd_06)
    Cmd_08                                   0x080017e5   Thumb Code    18  im948_cmd.o(i.Cmd_08)
    Cmd_12                                   0x080017fd   Thumb Code    92  im948_cmd.o(i.Cmd_12)
    Cmd_16                                   0x0800185d   Thumb Code    18  im948_cmd.o(i.Cmd_16)
    Cmd_19                                   0x08001875   Thumb Code    18  im948_cmd.o(i.Cmd_19)
    Cmd_GetPkt                               0x0800188d   Thumb Code   196  im948_cmd.o(i.Cmd_GetPkt)
    Cmd_PackAndTx                            0x08001959   Thumb Code   108  im948_cmd.o(i.Cmd_PackAndTx)
    DMA1_Stream2_IRQHandler                  0x08001cf9   Thumb Code    44  cx522.o(i.DMA1_Stream2_IRQHandler)
    DMA_ClearFlag                            0x08001d2d   Thumb Code    32  stm32f4xx_dma.o(i.DMA_ClearFlag)
    DMA_ClearITPendingBit                    0x08001d59   Thumb Code    32  stm32f4xx_dma.o(i.DMA_ClearITPendingBit)
    DMA_Cmd                                  0x08001d85   Thumb Code    24  stm32f4xx_dma.o(i.DMA_Cmd)
    DMA_DeInit                               0x08001d9d   Thumb Code   278  stm32f4xx_dma.o(i.DMA_DeInit)
    DMA_GetCmdStatus                         0x08001ec9   Thumb Code    14  stm32f4xx_dma.o(i.DMA_GetCmdStatus)
    DMA_GetFlagStatus                        0x08001ed9   Thumb Code    40  stm32f4xx_dma.o(i.DMA_GetFlagStatus)
    DMA_GetITStatus                          0x08001f0d   Thumb Code    68  stm32f4xx_dma.o(i.DMA_GetITStatus)
    DMA_ITConfig                             0x08001f61   Thumb Code    50  stm32f4xx_dma.o(i.DMA_ITConfig)
    DMA_Init                                 0x08001f95   Thumb Code    80  stm32f4xx_dma.o(i.DMA_Init)
    DMA_SetCurrDataCounter                   0x08001fe9   Thumb Code     4  stm32f4xx_dma.o(i.DMA_SetCurrDataCounter)
    DebugMon_Handler                         0x08001fed   Thumb Code     2  stm32f4xx_it.o(i.DebugMon_Handler)
    EXTI0_IRQHandler                         0x08001ff1   Thumb Code    10  vl53l0x_it.o(i.EXTI0_IRQHandler)
    EXTI15_10_IRQHandler                     0x08002001   Thumb Code    46  key.o(i.EXTI15_10_IRQHandler)
    EXTI9_5_IRQHandler                       0x08002039   Thumb Code    90  key.o(i.EXTI9_5_IRQHandler)
    EXTI_ClearITPendingBit                   0x0800209d   Thumb Code     6  stm32f4xx_exti.o(i.EXTI_ClearITPendingBit)
    EXTI_GetITStatus                         0x080020a9   Thumb Code    16  stm32f4xx_exti.o(i.EXTI_GetITStatus)
    EXTI_Init                                0x080020bd   Thumb Code   110  stm32f4xx_exti.o(i.EXTI_Init)
    GPIO_Init                                0x08002131   Thumb Code   124  stm32f4xx_gpio.o(i.GPIO_Init)
    GPIO_PinAFConfig                         0x080021ad   Thumb Code    32  stm32f4xx_gpio.o(i.GPIO_PinAFConfig)
    GPIO_ReadInputDataBit                    0x080021cd   Thumb Code    14  stm32f4xx_gpio.o(i.GPIO_ReadInputDataBit)
    GPIO_ResetBits                           0x080021db   Thumb Code     4  stm32f4xx_gpio.o(i.GPIO_ResetBits)
    GPIO_SetBits                             0x080021df   Thumb Code     4  stm32f4xx_gpio.o(i.GPIO_SetBits)
    Go_To_Stairs                             0x080021e5   Thumb Code   326  ltck.o(i.Go_To_Stairs)
    Go_To_Turntable                          0x08002369   Thumb Code   202  ltck.o(i.Go_To_Turntable)
    Gray_Init                                0x08002465   Thumb Code    82  gray.o(i.Gray_Init)
    HardFault_Handler                        0x080024c5   Thumb Code     2  stm32f4xx_it.o(i.HardFault_Handler)
    IM948_Init                               0x080024c9   Thumb Code   124  im948_cmd.o(i.IM948_Init)
    Infrared_Init                            0x08002549   Thumb Code    44  infrared.o(i.Infrared_Init)
    KEY_Init                                 0x08002579   Thumb Code   174  key.o(i.KEY_Init)
    Kinematic_Analysis_Speed                 0x08002631   Thumb Code    56  control.o(i.Kinematic_Analysis_Speed)
    LED_Init                                 0x0800266d   Thumb Code    56  led.o(i.LED_Init)
    LTCK_Init                                0x080026a9   Thumb Code   264  ltck.o(i.LTCK_Init)
    MYDMA_Config                             0x080027d5   Thumb Code   120  dma.o(i.MYDMA_Config)
    MYDMA_Enable                             0x08002851   Thumb Code    44  dma.o(i.MYDMA_Enable)
    MemManage_Handler                        0x0800287d   Thumb Code     2  stm32f4xx_it.o(i.MemManage_Handler)
    Memcpy                                   0x0800287f   Thumb Code    26  im948_cmd.o(i.Memcpy)
    NMI_Handler                              0x08002899   Thumb Code     2  stm32f4xx_it.o(i.NMI_Handler)
    NVIC_Init                                0x0800289d   Thumb Code    98  misc.o(i.NVIC_Init)
    NVIC_PriorityGroupConfig                 0x08002905   Thumb Code    10  misc.o(i.NVIC_PriorityGroupConfig)
    PID_PositionCalc                         0x08002919   Thumb Code   252  pid.o(i.PID_PositionCalc)
    PID_PositionSetEkRange                   0x08002a19   Thumb Code    10  pid.o(i.PID_PositionSetEkRange)
    PID_PositionSetOUTRange                  0x08002a23   Thumb Code    10  pid.o(i.PID_PositionSetOUTRange)
    PID_PositionSetParameter                 0x08002a2d   Thumb Code    14  pid.o(i.PID_PositionSetParameter)
    PID_PositionStructureInit                0x08002a3d   Thumb Code    70  pid.o(i.PID_PositionStructureInit)
    PendSV_Handler                           0x08002a91   Thumb Code     2  stm32f4xx_it.o(i.PendSV_Handler)
    PwmServo_Init                            0x08002b19   Thumb Code     4  pwmservo.o(i.PwmServo_Init)
    RCC_AHB1PeriphClockCmd                   0x08002b1d   Thumb Code    22  stm32f4xx_rcc.o(i.RCC_AHB1PeriphClockCmd)
    RCC_APB1PeriphClockCmd                   0x08002b39   Thumb Code    22  stm32f4xx_rcc.o(i.RCC_APB1PeriphClockCmd)
    RCC_APB2PeriphClockCmd                   0x08002b55   Thumb Code    22  stm32f4xx_rcc.o(i.RCC_APB2PeriphClockCmd)
    RCC_GetClocksFreq                        0x08002b71   Thumb Code   148  stm32f4xx_rcc.o(i.RCC_GetClocksFreq)
    RGB_BLACK                                0x08002c11   Thumb Code    48  ws2812.o(i.RGB_BLACK)
    SPI_Cmd                                  0x08002c45   Thumb Code    24  stm32f4xx_spi.o(i.SPI_Cmd)
    SPI_I2S_DMACmd                           0x08002c5d   Thumb Code    20  stm32f4xx_spi.o(i.SPI_I2S_DMACmd)
    SPI_Init                                 0x08002c71   Thumb Code    56  stm32f4xx_spi.o(i.SPI_Init)
    SVC_Handler                              0x08002ca9   Thumb Code     2  stm32f4xx_it.o(i.SVC_Handler)
    SYSCFG_EXTILineConfig                    0x08002cad   Thumb Code    38  stm32f4xx_syscfg.o(i.SYSCFG_EXTILineConfig)
    StepMotor_Init                           0x08002d91   Thumb Code    66  stepmotor.o(i.StepMotor_Init)
    StepMotor_SetSpeed                       0x08002dd9   Thumb Code    40  stepmotor.o(i.StepMotor_SetSpeed)
    StepMotor_ZDTENABLE                      0x08002e05   Thumb Code    54  stepmotor.o(i.StepMotor_ZDTENABLE)
    StepMotor_ZDTSetSpeed                    0x08002e3b   Thumb Code    62  stepmotor.o(i.StepMotor_ZDTSetSpeed)
    StepMotor_ZDTSyncMove                    0x08002e79   Thumb Code    44  stepmotor.o(i.StepMotor_ZDTSyncMove)
    SysTick_CLKSourceConfig                  0x08002ea5   Thumb Code    28  misc.o(i.SysTick_CLKSourceConfig)
    SysTick_Handler                          0x08002ec1   Thumb Code     2  stm32f4xx_it.o(i.SysTick_Handler)
    SystemInit                               0x08002ec5   Thumb Code    60  system_stm32f4xx.o(i.SystemInit)
    TIM3_PWM_Init                            0x08002f11   Thumb Code   170  pwmservo.o(i.TIM3_PWM_Init)
    TIM5_IRQHandler                          0x08002fc5   Thumb Code   164  stepmotor.o(i.TIM5_IRQHandler)
    TIM5_Int_Init                            0x08003075   Thumb Code    88  timer.o(i.TIM5_Int_Init)
    TIM6_DAC_IRQHandler                      0x080030d1   Thumb Code   300  control.o(i.TIM6_DAC_IRQHandler)
    TIM6_Int_Init                            0x08003235   Thumb Code    96  timer.o(i.TIM6_Int_Init)
    TIM7_IRQHandler                          0x08003299   Thumb Code    56  delaytask.o(i.TIM7_IRQHandler)
    TIM7_Int_Init                            0x080032e1   Thumb Code    98  timer.o(i.TIM7_Int_Init)
    TIM_ARRPreloadConfig                     0x08003349   Thumb Code    24  stm32f4xx_tim.o(i.TIM_ARRPreloadConfig)
    TIM_ClearFlag                            0x08003361   Thumb Code     6  stm32f4xx_tim.o(i.TIM_ClearFlag)
    TIM_ClearITPendingBit                    0x08003367   Thumb Code     6  stm32f4xx_tim.o(i.TIM_ClearITPendingBit)
    TIM_Cmd                                  0x0800336d   Thumb Code    24  stm32f4xx_tim.o(i.TIM_Cmd)
    TIM_CtrlPWMOutputs                       0x08003385   Thumb Code    28  stm32f4xx_tim.o(i.TIM_CtrlPWMOutputs)
    TIM_GetITStatus                          0x080033a1   Thumb Code    24  stm32f4xx_tim.o(i.TIM_GetITStatus)
    TIM_ITConfig                             0x080033b9   Thumb Code    20  stm32f4xx_tim.o(i.TIM_ITConfig)
    TIM_InternalClockConfig                  0x080033cd   Thumb Code    10  stm32f4xx_tim.o(i.TIM_InternalClockConfig)
    TIM_OC1Init                              0x080033d9   Thumb Code    96  stm32f4xx_tim.o(i.TIM_OC1Init)
    TIM_OC1PreloadConfig                     0x08003441   Thumb Code    12  stm32f4xx_tim.o(i.TIM_OC1PreloadConfig)
    TIM_OCStructInit                         0x0800344d   Thumb Code    20  stm32f4xx_tim.o(i.TIM_OCStructInit)
    TIM_TimeBaseInit                         0x08003461   Thumb Code    96  stm32f4xx_tim.o(i.TIM_TimeBaseInit)
    USART2_IRQHandler                        0x080034dd   Thumb Code    60  im948_cmd.o(i.USART2_IRQHandler)
    USART3_IRQHandler                        0x0800351d   Thumb Code   108  lobotdigitalservocontroller.o(i.USART3_IRQHandler)
    USART6_IRQHandler                        0x08003595   Thumb Code    66  xm1603.o(i.USART6_IRQHandler)
    USART_ClearFlag                          0x080035e5   Thumb Code     8  stm32f4xx_usart.o(i.USART_ClearFlag)
    USART_Cmd                                0x080035ed   Thumb Code    24  stm32f4xx_usart.o(i.USART_Cmd)
    USART_DMACmd                             0x08003605   Thumb Code    20  stm32f4xx_usart.o(i.USART_DMACmd)
    USART_GetFlagStatus                      0x08003619   Thumb Code    14  stm32f4xx_usart.o(i.USART_GetFlagStatus)
    USART_GetITStatus                        0x08003627   Thumb Code    64  stm32f4xx_usart.o(i.USART_GetITStatus)
    USART_ITConfig                           0x08003667   Thumb Code    54  stm32f4xx_usart.o(i.USART_ITConfig)
    USART_Init                               0x0800369d   Thumb Code   180  stm32f4xx_usart.o(i.USART_Init)
    USART_ReceiveData                        0x08003759   Thumb Code     8  stm32f4xx_usart.o(i.USART_ReceiveData)
    USART_SendData                           0x08003761   Thumb Code     8  stm32f4xx_usart.o(i.USART_SendData)
    UsageFault_Handler                       0x08003769   Thumb Code     2  stm32f4xx_it.o(i.UsageFault_Handler)
    VL53L0X_All_Init                         0x0800376d   Thumb Code    42  vl53l0x.o(i.VL53L0X_All_Init)
    VL53L0X_CheckAndLoadInterruptSettings    0x080037a1   Thumb Code   122  vl53l0x_api.o(i.VL53L0X_CheckAndLoadInterruptSettings)
    VL53L0X_ClearInterruptMask               0x08003821   Thumb Code    74  vl53l0x_api.o(i.VL53L0X_ClearInterruptMask)
    VL53L0X_DataInit                         0x0800386d   Thumb Code   396  vl53l0x_api.o(i.VL53L0X_DataInit)
    VL53L0X_GetDeviceInfo                    0x08003a01   Thumb Code     4  vl53l0x_api.o(i.VL53L0X_GetDeviceInfo)
    VL53L0X_GetDeviceMode                    0x08003a05   Thumb Code    10  vl53l0x_api.o(i.VL53L0X_GetDeviceMode)
    VL53L0X_GetDeviceParameters              0x08003a0f   Thumb Code   130  vl53l0x_api.o(i.VL53L0X_GetDeviceParameters)
    VL53L0X_GetFractionEnable                0x08003a91   Thumb Code    26  vl53l0x_api.o(i.VL53L0X_GetFractionEnable)
    VL53L0X_GetInterMeasurementPeriodMilliSeconds 0x08003aab   Thumb Code    52  vl53l0x_api.o(i.VL53L0X_GetInterMeasurementPeriodMilliSeconds)
    VL53L0X_GetInterruptMaskStatus           0x08003adf   Thumb Code    34  vl53l0x_api.o(i.VL53L0X_GetInterruptMaskStatus)
    VL53L0X_GetInterruptThresholds           0x08003b01   Thumb Code    54  vl53l0x_api.o(i.VL53L0X_GetInterruptThresholds)
    VL53L0X_GetLimitCheckEnable              0x08003b37   Thumb Code    26  vl53l0x_api.o(i.VL53L0X_GetLimitCheckEnable)
    VL53L0X_GetLimitCheckValue               0x08003b51   Thumb Code   136  vl53l0x_api.o(i.VL53L0X_GetLimitCheckValue)
    VL53L0X_GetMeasurementDataReady          0x08003bd9   Thumb Code    64  vl53l0x_api.o(i.VL53L0X_GetMeasurementDataReady)
    VL53L0X_GetMeasurementTimingBudgetMicroSeconds 0x08003c19   Thumb Code     4  vl53l0x_api.o(i.VL53L0X_GetMeasurementTimingBudgetMicroSeconds)
    VL53L0X_GetOffsetCalibrationDataMicroMeter 0x08003c1d   Thumb Code     4  vl53l0x_api.o(i.VL53L0X_GetOffsetCalibrationDataMicroMeter)
    VL53L0X_GetPalErrorString                0x08003c21   Thumb Code     4  vl53l0x_api.o(i.VL53L0X_GetPalErrorString)
    VL53L0X_GetRangingMeasurementData        0x08003c25   Thumb Code   298  vl53l0x_api.o(i.VL53L0X_GetRangingMeasurementData)
    VL53L0X_GetSequenceStepEnables           0x08003d4f   Thumb Code   104  vl53l0x_api.o(i.VL53L0X_GetSequenceStepEnables)
    VL53L0X_GetVcselPulsePeriod              0x08003db7   Thumb Code     4  vl53l0x_api.o(i.VL53L0X_GetVcselPulsePeriod)
    VL53L0X_GetWrapAroundCheckEnable         0x08003dbb   Thumb Code    52  vl53l0x_api.o(i.VL53L0X_GetWrapAroundCheckEnable)
    VL53L0X_GetXTalkCompensationEnable       0x08003def   Thumb Code    10  vl53l0x_api.o(i.VL53L0X_GetXTalkCompensationEnable)
    VL53L0X_GetXTalkCompensationRateMegaCps  0x08003df9   Thumb Code    48  vl53l0x_api.o(i.VL53L0X_GetXTalkCompensationRateMegaCps)
    VL53L0X_PerformRefCalibration            0x08003e29   Thumb Code     6  vl53l0x_api.o(i.VL53L0X_PerformRefCalibration)
    VL53L0X_PerformRefSpadManagement         0x08003e2f   Thumb Code     4  vl53l0x_api.o(i.VL53L0X_PerformRefSpadManagement)
    VL53L0X_PerformSingleMeasurement         0x08003e33   Thumb Code    50  vl53l0x_api.o(i.VL53L0X_PerformSingleMeasurement)
    VL53L0X_PerformSingleRangingMeasurement  0x08003e65   Thumb Code    50  vl53l0x_api.o(i.VL53L0X_PerformSingleRangingMeasurement)
    VL53L0X_PollingDelay                     0x08003e97   Thumb Code    24  vl53l0x_platform.o(i.VL53L0X_PollingDelay)
    VL53L0X_RdByte                           0x08003eaf   Thumb Code    22  vl53l0x_platform.o(i.VL53L0X_RdByte)
    VL53L0X_RdDWord                          0x08003ec5   Thumb Code    22  vl53l0x_platform.o(i.VL53L0X_RdDWord)
    VL53L0X_RdWord                           0x08003edb   Thumb Code    22  vl53l0x_platform.o(i.VL53L0X_RdWord)
    VL53L0X_ReadMulti                        0x08003ef1   Thumb Code    30  vl53l0x_platform.o(i.VL53L0X_ReadMulti)
    VL53L0X_SetDeviceAddress                 0x08003f0f   Thumb Code     8  vl53l0x_api.o(i.VL53L0X_SetDeviceAddress)
    VL53L0X_SetDeviceMode                    0x08003f17   Thumb Code    36  vl53l0x_api.o(i.VL53L0X_SetDeviceMode)
    VL53L0X_SetGpioConfig                    0x08003f3b   Thumb Code   360  vl53l0x_api.o(i.VL53L0X_SetGpioConfig)
    VL53L0X_SetLimitCheckEnable              0x080040a3   Thumb Code   148  vl53l0x_api.o(i.VL53L0X_SetLimitCheckEnable)
    VL53L0X_SetLimitCheckValue               0x08004137   Thumb Code    90  vl53l0x_api.o(i.VL53L0X_SetLimitCheckValue)
    VL53L0X_SetMeasurementTimingBudgetMicroSeconds 0x08004191   Thumb Code     4  vl53l0x_api.o(i.VL53L0X_SetMeasurementTimingBudgetMicroSeconds)
    VL53L0X_SetOffsetCalibrationDataMicroMeter 0x08004195   Thumb Code     4  vl53l0x_api.o(i.VL53L0X_SetOffsetCalibrationDataMicroMeter)
    VL53L0X_SetRefCalibration                0x08004199   Thumb Code     4  vl53l0x_api.o(i.VL53L0X_SetRefCalibration)
    VL53L0X_SetReferenceSpads                0x0800419d   Thumb Code     4  vl53l0x_api.o(i.VL53L0X_SetReferenceSpads)
    VL53L0X_SetSequenceStepEnable            0x080041a1   Thumb Code   180  vl53l0x_api.o(i.VL53L0X_SetSequenceStepEnable)
    VL53L0X_SetVcselPulsePeriod              0x08004255   Thumb Code     4  vl53l0x_api.o(i.VL53L0X_SetVcselPulsePeriod)
    VL53L0X_SetXTalkCompensationRateMegaCps  0x08004259   Thumb Code    52  vl53l0x_api.o(i.VL53L0X_SetXTalkCompensationRateMegaCps)
    VL53L0X_StartMeasurement                 0x0800428d   Thumb Code   236  vl53l0x_api.o(i.VL53L0X_StartMeasurement)
    VL53L0X_StaticInit                       0x08004379   Thumb Code   402  vl53l0x_api.o(i.VL53L0X_StaticInit)
    VL53L0X_UpdateByte                       0x08004511   Thumb Code    68  vl53l0x_platform.o(i.VL53L0X_UpdateByte)
    VL53L0X_WrByte                           0x08004555   Thumb Code    22  vl53l0x_platform.o(i.VL53L0X_WrByte)
    VL53L0X_WrWord                           0x0800456b   Thumb Code    22  vl53l0x_platform.o(i.VL53L0X_WrWord)
    VL53L0X_WriteMulti                       0x08004581   Thumb Code    30  vl53l0x_platform.o(i.VL53L0X_WriteMulti)
    VL53L0X_calc_dmax                        0x080045a1   Thumb Code   216  vl53l0x_api_core.o(i.VL53L0X_calc_dmax)
    VL53L0X_calc_macro_period_ps             0x0800467d   Thumb Code    16  vl53l0x_api_core.o(i.VL53L0X_calc_macro_period_ps)
    VL53L0X_calc_sigma_estimate              0x0800468d   Thumb Code   560  vl53l0x_api_core.o(i.VL53L0X_calc_sigma_estimate)
    VL53L0X_calc_timeout_mclks               0x080048c9   Thumb Code    34  vl53l0x_api_core.o(i.VL53L0X_calc_timeout_mclks)
    VL53L0X_calc_timeout_us                  0x080048eb   Thumb Code    34  vl53l0x_api_core.o(i.VL53L0X_calc_timeout_us)
    VL53L0X_check_part_used                  0x0800490d   Thumb Code    62  vl53l0x_api_strings.o(i.VL53L0X_check_part_used)
    VL53L0X_decode_timeout                   0x0800494b   Thumb Code    12  vl53l0x_api_core.o(i.VL53L0X_decode_timeout)
    VL53L0X_decode_vcsel_period              0x08004957   Thumb Code     8  vl53l0x_api_core.o(i.VL53L0X_decode_vcsel_period)
    VL53L0X_device_read_strobe               0x0800495f   Thumb Code    74  vl53l0x_api_core.o(i.VL53L0X_device_read_strobe)
    VL53L0X_encode_timeout                   0x080049a9   Thumb Code    32  vl53l0x_api_core.o(i.VL53L0X_encode_timeout)
    VL53L0X_encode_vcsel_period              0x080049c9   Thumb Code    10  vl53l0x_api_core.o(i.VL53L0X_encode_vcsel_period)
    VL53L0X_get_device_info                  0x080049d5   Thumb Code   134  vl53l0x_api_strings.o(i.VL53L0X_get_device_info)
    VL53L0X_get_info_from_device             0x08004aa1   Thumb Code  1310  vl53l0x_api_core.o(i.VL53L0X_get_info_from_device)
    VL53L0X_get_measurement_timing_budget_micro_seconds 0x08004fbf   Thumb Code   196  vl53l0x_api_core.o(i.VL53L0X_get_measurement_timing_budget_micro_seconds)
    VL53L0X_get_offset_calibration_data_micro_meter 0x08005083   Thumb Code    58  vl53l0x_api_calibration.o(i.VL53L0X_get_offset_calibration_data_micro_meter)
    VL53L0X_get_pal_error_string             0x080050bd   Thumb Code   248  vl53l0x_api_strings.o(i.VL53L0X_get_pal_error_string)
    VL53L0X_get_pal_range_status             0x08005355   Thumb Code   504  vl53l0x_api_core.o(i.VL53L0X_get_pal_range_status)
    VL53L0X_get_total_signal_rate            0x0800554d   Thumb Code    28  vl53l0x_api_core.o(i.VL53L0X_get_total_signal_rate)
    VL53L0X_get_total_xtalk_rate             0x08005569   Thumb Code    46  vl53l0x_api_core.o(i.VL53L0X_get_total_xtalk_rate)
    VL53L0X_get_vcsel_pulse_period           0x08005597   Thumb Code    58  vl53l0x_api_core.o(i.VL53L0X_get_vcsel_pulse_period)
    VL53L0X_i2c_init                         0x080055d1   Thumb Code   198  vl53l0x_i2c.o(i.VL53L0X_i2c_init)
    VL53L0X_isqrt                            0x080056a5   Thumb Code    42  vl53l0x_api_core.o(i.VL53L0X_isqrt)
    VL53L0X_load_tuning_settings             0x080056cf   Thumb Code   168  vl53l0x_api_core.o(i.VL53L0X_load_tuning_settings)
    VL53L0X_measurement_poll_for_completion  0x08005777   Thumb Code    52  vl53l0x_api_core.o(i.VL53L0X_measurement_poll_for_completion)
    VL53L0X_perform_phase_calibration        0x080057ab   Thumb Code   112  vl53l0x_api_calibration.o(i.VL53L0X_perform_phase_calibration)
    VL53L0X_perform_ref_calibration          0x0800581b   Thumb Code    64  vl53l0x_api_calibration.o(i.VL53L0X_perform_ref_calibration)
    VL53L0X_perform_ref_spad_management      0x0800585b   Thumb Code   594  vl53l0x_api_calibration.o(i.VL53L0X_perform_ref_spad_management)
    VL53L0X_perform_single_ref_calibration   0x08005aad   Thumb Code    54  vl53l0x_api_calibration.o(i.VL53L0X_perform_single_ref_calibration)
    VL53L0X_perform_vhv_calibration          0x08005ae3   Thumb Code   120  vl53l0x_api_calibration.o(i.VL53L0X_perform_vhv_calibration)
    VL53L0X_read_byte                        0x08005b5b   Thumb Code     6  vl53l0x_i2c.o(i.VL53L0X_read_byte)
    VL53L0X_read_dword                       0x08005b61   Thumb Code    44  vl53l0x_i2c.o(i.VL53L0X_read_dword)
    VL53L0X_read_multi                       0x08005b8d   Thumb Code    22  vl53l0x_i2c.o(i.VL53L0X_read_multi)
    VL53L0X_read_word                        0x08005ba3   Thumb Code    28  vl53l0x_i2c.o(i.VL53L0X_read_word)
    VL53L0X_ref_calibration_io               0x08005bbf   Thumb Code   180  vl53l0x_api_calibration.o(i.VL53L0X_ref_calibration_io)
    VL53L0X_set_measurement_timing_budget_micro_seconds 0x08005c73   Thumb Code   222  vl53l0x_api_core.o(i.VL53L0X_set_measurement_timing_budget_micro_seconds)
    VL53L0X_set_offset_calibration_data_micro_meter 0x08005d51   Thumb Code    46  vl53l0x_api_calibration.o(i.VL53L0X_set_offset_calibration_data_micro_meter)
    VL53L0X_set_ref_calibration              0x08005d89   Thumb Code    32  vl53l0x_api_calibration.o(i.VL53L0X_set_ref_calibration)
    VL53L0X_set_reference_spads              0x08005da9   Thumb Code   170  vl53l0x_api_calibration.o(i.VL53L0X_set_reference_spads)
    VL53L0X_set_vcsel_pulse_period           0x08005e53   Thumb Code   730  vl53l0x_api_core.o(i.VL53L0X_set_vcsel_pulse_period)
    VL53L0X_write_byte                       0x0800612d   Thumb Code    12  vl53l0x_i2c.o(i.VL53L0X_write_byte)
    VL53L0X_write_multi                      0x08006139   Thumb Code    22  vl53l0x_i2c.o(i.VL53L0X_write_multi)
    VL53L0X_write_word                       0x0800614f   Thumb Code    60  vl53l0x_i2c.o(i.VL53L0X_write_word)
    VL_IIC_Ack                               0x0800618d   Thumb Code    34  vl53l0x_i2c.o(i.VL_IIC_Ack)
    VL_IIC_NAck                              0x080061b5   Thumb Code    34  vl53l0x_i2c.o(i.VL_IIC_NAck)
    VL_IIC_Read_Byte                         0x080061dd   Thumb Code    86  vl53l0x_i2c.o(i.VL_IIC_Read_Byte)
    VL_IIC_Read_nByte                        0x08006239   Thumb Code   106  vl53l0x_i2c.o(i.VL_IIC_Read_nByte)
    VL_IIC_Send_Byte                         0x080062a5   Thumb Code    80  vl53l0x_i2c.o(i.VL_IIC_Send_Byte)
    VL_IIC_Start                             0x080062f9   Thumb Code    34  vl53l0x_i2c.o(i.VL_IIC_Start)
    VL_IIC_Stop                              0x08006321   Thumb Code    36  vl53l0x_i2c.o(i.VL_IIC_Stop)
    VL_IIC_Wait_Ack                          0x08006349   Thumb Code    64  vl53l0x_i2c.o(i.VL_IIC_Wait_Ack)
    VL_IIC_Write_nByte                       0x0800638d   Thumb Code    76  vl53l0x_i2c.o(i.VL_IIC_Write_nByte)
    VL_SDA_IN                                0x080063d9   Thumb Code    38  vl53l0x_i2c.o(i.VL_SDA_IN)
    VL_SDA_OUT                               0x08006405   Thumb Code    36  vl53l0x_i2c.o(i.VL_SDA_OUT)
    WS2812b_Configuration                    0x0800642d   Thumb Code   174  ws2812.o(i.WS2812b_Configuration)
    XM1603_Init                              0x080064e9   Thumb Code   114  xm1603.o(i.XM1603_Init)
    XM1603_Write_Boud                        0x08006561   Thumb Code    44  xm1603.o(i.XM1603_Write_Boud)
    XM1603_Write_Byte                        0x08006591   Thumb Code    54  xm1603.o(i.XM1603_Write_Byte)
    __0printf                                0x080065cd   Thumb Code    22  printfa.o(i.__0printf)
    __1printf                                0x080065cd   Thumb Code     0  printfa.o(i.__0printf)
    __2printf                                0x080065cd   Thumb Code     0  printfa.o(i.__0printf)
    __c89printf                              0x080065cd   Thumb Code     0  printfa.o(i.__0printf)
    printf                                   0x080065cd   Thumb Code     0  printfa.o(i.__0printf)
    __ARM_fpclassifyf                        0x080065ed   Thumb Code    38  fpclassifyf.o(i.__ARM_fpclassifyf)
    __hardfp_cosf                            0x08006615   Thumb Code   280  cosf.o(i.__hardfp_cosf)
    __hardfp_sinf                            0x08006765   Thumb Code   344  sinf.o(i.__hardfp_sinf)
    __hardfp_sqrt                            0x080068f5   Thumb Code   122  sqrt.o(i.__hardfp_sqrt)
    __mathlib_flt_infnan                     0x0800696f   Thumb Code     6  funder.o(i.__mathlib_flt_infnan)
    __mathlib_flt_invalid                    0x08006975   Thumb Code    10  funder.o(i.__mathlib_flt_invalid)
    __mathlib_flt_underflow                  0x08006985   Thumb Code    10  funder.o(i.__mathlib_flt_underflow)
    __mathlib_rredf2                         0x08006995   Thumb Code   316  rredf.o(i.__mathlib_rredf2)
    __scatterload_copy                       0x08006ae9   Thumb Code    14  handlers.o(i.__scatterload_copy)
    __scatterload_null                       0x08006af7   Thumb Code     2  handlers.o(i.__scatterload_null)
    __scatterload_zeroinit                   0x08006af9   Thumb Code    14  handlers.o(i.__scatterload_zeroinit)
    __set_errno                              0x08006b09   Thumb Code     6  errno.o(i.__set_errno)
    can_SendCmd                              0x080073c9   Thumb Code   232  can.o(i.can_SendCmd)
    can_init                                 0x080074b9   Thumb Code   244  can.o(i.can_init)
    cx522_Init                               0x080075b5   Thumb Code    36  cx522.o(i.cx522_Init)
    cx522_ProcessData                        0x080075e1   Thumb Code    18  cx522.o(i.cx522_ProcessData)
    delay_init                               0x080075f9   Thumb Code    38  delay.o(i.delay_init)
    delay_ms                                 0x08007625   Thumb Code    52  delay.o(i.delay_ms)
    delay_us                                 0x08007659   Thumb Code    46  delay.o(i.delay_us)
    delay_xms                                0x0800768d   Thumb Code    46  delay.o(i.delay_xms)
    enable_ref_spads                         0x080076c1   Thumb Code   148  vl53l0x_api_calibration.o(i.enable_ref_spads)
    enable_spad_bit                          0x08007755   Thumb Code    42  vl53l0x_api_calibration.o(i.enable_spad_bit)
    fputc                                    0x08007781   Thumb Code    14  uart5.o(i.fputc)
    get_next_good_spad                       0x08007795   Thumb Code    82  vl53l0x_api_calibration.o(i.get_next_good_spad)
    get_ref_spad_map                         0x080077e7   Thumb Code    10  vl53l0x_api_calibration.o(i.get_ref_spad_map)
    get_sequence_step_timeout                0x080077f1   Thumb Code   282  vl53l0x_api_core.o(i.get_sequence_step_timeout)
    is_aperture                              0x0800790d   Thumb Code    20  vl53l0x_api_calibration.o(i.is_aperture)
    main                                     0x08007925   Thumb Code    18  main.o(i.main)
    perform_ref_signal_measurement           0x08007937   Thumb Code    94  vl53l0x_api_calibration.o(i.perform_ref_signal_measurement)
    print_pal_error                          0x08007995   Thumb Code    14  vl53l0x.o(i.print_pal_error)
    rgb_SendArray                            0x080079a5   Thumb Code    50  ws2812.o(i.rgb_SendArray)
    rgb_SetColor                             0x080079e5   Thumb Code    16  ws2812.o(i.rgb_SetColor)
    rgb_WriteColor                           0x080079f5   Thumb Code   124  ws2812.o(i.rgb_WriteColor)
    sequence_step_enabled                    0x08007a75   Thumb Code    66  vl53l0x_api.o(i.sequence_step_enabled)
    set_ref_spad_map                         0x08007ab7   Thumb Code    10  vl53l0x_api_calibration.o(i.set_ref_spad_map)
    set_sequence_step_timeout                0x08007ac1   Thumb Code   278  vl53l0x_api_core.o(i.set_sequence_step_timeout)
    uart2_WriteBuf                           0x08007bd9   Thumb Code    34  usart2.o(i.uart2_WriteBuf)
    uart4_init                               0x08007c01   Thumb Code   166  uart4.o(i.uart4_init)
    uart5_init                               0x08007cb1   Thumb Code   170  uart5.o(i.uart5_init)
    uart6_WriteBuf                           0x08007d69   Thumb Code    34  usart6.o(i.uart6_WriteBuf)
    usart2_init                              0x08007d91   Thumb Code   170  usart2.o(i.usart2_init)
    usart3_init                              0x08007e45   Thumb Code   164  usart3.o(i.usart3_init)
    usart6_init                              0x08007ef1   Thumb Code   172  usart6.o(i.usart6_init)
    vl53l0x_Addr_set                         0x08007fa5   Thumb Code    98  vl53l0x.o(i.vl53l0x_Addr_set)
    vl53l0x_init                             0x08008009   Thumb Code   212  vl53l0x.o(i.vl53l0x_init)
    vl53l0x_set_mode                         0x080080f1   Thumb Code   302  vl53l0x_gen.o(i.vl53l0x_set_mode)
    vl53l0x_start_single_test                0x0800822d   Thumb Code    30  vl53l0x_gen.o(i.vl53l0x_start_single_test)
    RED                                      0x080082bb   Data           3  ws2812.o(.constdata)
    GREEN                                    0x080082be   Data           3  ws2812.o(.constdata)
    BLUE                                     0x080082c1   Data           3  ws2812.o(.constdata)
    SKY                                      0x080082c4   Data           3  ws2812.o(.constdata)
    MAGENTA                                  0x080082c7   Data           3  ws2812.o(.constdata)
    YELLOW                                   0x080082ca   Data           3  ws2812.o(.constdata)
    ORANGE                                   0x080082cd   Data           3  ws2812.o(.constdata)
    BLACK                                    0x080082d0   Data           3  ws2812.o(.constdata)
    WHITE                                    0x080082d3   Data           3  ws2812.o(.constdata)
    PURPLE                                   0x080082d6   Data           3  ws2812.o(.constdata)
    Region$$Table$$Base                      0x080082fc   Number         0  anon$$obj.o(Region$$Table)
    Region$$Table$$Limit                     0x0800831c   Number         0  anon$$obj.o(Region$$Table)
    Start_init                               0x20000000   Data           1  ltck.o(.data)
    Selected_Color                           0x20000001   Data           1  ltck.o(.data)
    QR_allow                                 0x20000002   Data           1  xm1603.o(.data)
    QR_code                                  0x20000003   Data           1  xm1603.o(.data)
    targetDeviceAddress                      0x20000004   Data           1  im948_cmd.o(.data)
    im948_ctl                                0x20000005   Data           1  im948_cmd.o(.data)
    Yaw_Angle                                0x2000000c   Data           4  im948_cmd.o(.data)
    Move_X                                   0x20000010   Data           4  im948_cmd.o(.data)
    Move_Y                                   0x20000014   Data           4  im948_cmd.o(.data)
    Run_Mode                                 0x20000018   Data           1  control.o(.data)
    ace                                      0x2000001a   Data           2  control.o(.data)
    Position_P_Yaw                           0x2000001c   Data           4  control.o(.data)
    Position_I_Yaw                           0x20000020   Data           4  control.o(.data)
    Position_D_Yaw                           0x20000024   Data           4  control.o(.data)
    pwm_4000                                 0x20000028   Data           4  control.o(.data)
    Target_gyroz                             0x20000040   Data           4  control.o(.data)
    Target_Position_LF                       0x20000044   Data           4  control.o(.data)
    Target_Position_RF                       0x20000048   Data           4  control.o(.data)
    Target_Position_LB                       0x2000004c   Data           4  control.o(.data)
    Target_Position_RB                       0x20000050   Data           4  control.o(.data)
    Target_LB                                0x20000054   Data           4  control.o(.data)
    Target_LF                                0x20000058   Data           4  control.o(.data)
    Target_RF                                0x2000005c   Data           4  control.o(.data)
    Target_RB                                0x20000060   Data           4  control.o(.data)
    Motor_PWM_LF                             0x20000064   Data           4  control.o(.data)
    Motor_PWM_RF                             0x20000068   Data           4  control.o(.data)
    Motor_PWM_LB                             0x2000006c   Data           4  control.o(.data)
    Motor_PWM_RB                             0x20000070   Data           4  control.o(.data)
    PWM_LF                                   0x20000074   Data           4  control.o(.data)
    PWM_RF                                   0x20000078   Data           4  control.o(.data)
    PWM_LB                                   0x2000007c   Data           4  control.o(.data)
    PWM_RB                                   0x20000080   Data           4  control.o(.data)
    out_time                                 0x20000084   Data           4  movement.o(.data)
    Target_Vx_Speed                          0x20000088   Data           4  movement.o(.data)
    Target_Vy_Speed                          0x2000008c   Data           4  movement.o(.data)
    Target_W_Speed                           0x20000090   Data           4  movement.o(.data)
    Target_W_Bias                            0x20000094   Data           4  movement.o(.data)
    AjustOK                                  0x20000098   Data           1  vl53l0x.o(.data)
    Mode_data                                0x20000099   Data          56  vl53l0x.o(.data)
    DefaultTuningSettings                    0x200000d1   Data         243  vl53l0x_api.o(.data)
    InterruptThresholdSettings               0x200001c4   Data         438  vl53l0x_api.o(.data)
    refArrayQuadrants                        0x2000037c   Data          16  vl53l0x_api_calibration.o(.data)
    alarm_flag                               0x2000038c   Data           1  vl53l0x_it.o(.data)
    AlarmModes                               0x20000390   Data          12  vl53l0x_it.o(.data)
    Key1_value                               0x2000039c   Data           1  key.o(.data)
    Key2_value                               0x2000039d   Data           1  key.o(.data)
    Key3_value                               0x2000039e   Data           1  key.o(.data)
    DelayTask_Num                            0x200003a0   Data           2  delaytask.o(.data)
    DelayTask_Add_Flag                       0x200003a2   Data           2  delaytask.o(.data)
    p_head                                   0x200003a4   Data           4  delaytask.o(.data)
    p_tail                                   0x200003a8   Data           4  delaytask.o(.data)
    p_move                                   0x200003ac   Data           4  delaytask.o(.data)
    DelayTask_Tick_10ms                      0x200003b0   Data           4  delaytask.o(.data)
    isActionGroupCompleted                   0x200003b4   Data           1  lobotdigitalservocontroller.o(.data)
    LobotRxIdx                               0x200003b5   Data           1  lobotdigitalservocontroller.o(.data)
    LobotRxDataLen                           0x200003b6   Data           1  lobotdigitalservocontroller.o(.data)
    last_pos                                 0x200003b8   Data           2  lobotdigitalservocontroller.o(.data)
    kv                                       0x200003ba   Data           2  lobotdigitalservocontroller.o(.data)
    __stdout                                 0x200003c4   Data           4  uart5.o(.data)
    cx522_rxbuf                              0x200003dc   Data          50  cx522.o(.bss)
    XM1603_TxBuf                             0x2000040e   Data         128  xm1603.o(.bss)
    avoid_data                               0x200004dc   Data          20  vl53l0x.o(.bss)
    vl53l0x_dev                              0x200004f0   Data         352  vl53l0x.o(.bss)
    vl53l0x_dev2                             0x20000650   Data         352  vl53l0x.o(.bss)
    vl53l0x_dev4                             0x200007b0   Data         352  vl53l0x.o(.bss)
    vl53l0x_dev_info                         0x20000910   Data          99  vl53l0x.o(.bss)
    Vl53l0x_adjust                           0x20000973   Data          24  vl53l0x_cali.o(.bss)
    Vl53l0x_data                             0x2000098b   Data          24  vl53l0x_cali.o(.bss)
    vl53l0x_data                             0x200009a4   Data          28  vl53l0x_gen.o(.bss)
    pixelBuffer                              0x200009c0   Data          96  ws2812.o(.bss)
    LobotTxBuf                               0x20000a20   Data         128  lobotdigitalservocontroller.o(.bss)
    LobotRxBuf                               0x20000aa0   Data          16  lobotdigitalservocontroller.o(.bss)
    Chassis_PathPoint_StartToTurntable       0x20000ab0   Data          40  chassis_path.o(.bss)
    Chassis_Path_StartToTurntable            0x20000ad8   Data          12  chassis_path.o(.bss)
    Chassis_PathPoint_StartToStairs          0x20000ae4   Data          80  chassis_path.o(.bss)
    Chassis_Path_StartToStairs               0x20000b34   Data          12  chassis_path.o(.bss)
    Chassis_PathPoint_StartToWarehouse       0x20000b40   Data          80  chassis_path.o(.bss)
    Chassis_Path_StartToWarehouse            0x20000b90   Data          12  chassis_path.o(.bss)
    Chassis_PathPoint_StartToHome            0x20000b9c   Data          40  chassis_path.o(.bss)
    Chassis_Path_StartToHome                 0x20000bc4   Data          12  chassis_path.o(.bss)
    Chassis_AnglePID                         0x20000bd0   Data          84  chassis_pid.o(.bss)
    Avoid_PID                                0x20000c24   Data          84  chassis_pid.o(.bss)
    StepMotor_Target                         0x20000c78   Data          48  stepmotor.o(.bss)
    can                                      0x20000ca8   Data          44  can.o(.bss)
    __initial_sp                             0x200010d8   Data           0  startup_stm32f40_41xxx.o(STACK)



==============================================================================

Memory Map of the image

  Image Entry point : 0x08000189

  Load Region LR_IROM1 (Base: 0x08000000, Size: 0x000086f8, Max: 0x00100000, ABSOLUTE, COMPRESSED[0x000085fc])

    Execution Region ER_IROM1 (Exec base: 0x08000000, Load base: 0x08000000, Size: 0x0000831c, Max: 0x00100000, ABSOLUTE)

    Exec Addr    Load Addr    Size         Type   Attr      Idx    E Section Name        Object

    0x08000000   0x08000000   0x00000188   Data   RO         3819    RESET               startup_stm32f40_41xxx.o
    0x08000188   0x08000188   0x00000000   Code   RO         8459  * .ARM.Collect$$$$00000000  mc_w.l(entry.o)
    0x08000188   0x08000188   0x00000004   Code   RO         8788    .ARM.Collect$$$$00000001  mc_w.l(entry2.o)
    0x0800018c   0x0800018c   0x00000004   Code   RO         8791    .ARM.Collect$$$$00000004  mc_w.l(entry5.o)
    0x08000190   0x08000190   0x00000000   Code   RO         8793    .ARM.Collect$$$$00000008  mc_w.l(entry7b.o)
    0x08000190   0x08000190   0x00000000   Code   RO         8795    .ARM.Collect$$$$0000000A  mc_w.l(entry8b.o)
    0x08000190   0x08000190   0x00000008   Code   RO         8796    .ARM.Collect$$$$0000000B  mc_w.l(entry9a.o)
    0x08000198   0x08000198   0x00000000   Code   RO         8798    .ARM.Collect$$$$0000000D  mc_w.l(entry10a.o)
    0x08000198   0x08000198   0x00000000   Code   RO         8800    .ARM.Collect$$$$0000000F  mc_w.l(entry11a.o)
    0x08000198   0x08000198   0x00000004   Code   RO         8789    .ARM.Collect$$$$00002712  mc_w.l(entry2.o)
    0x0800019c   0x0800019c   0x00000024   Code   RO         3820    .text               startup_stm32f40_41xxx.o
    0x080001c0   0x080001c0   0x00000062   Code   RO         8462    .text               mc_w.l(uldiv.o)
    0x08000222   0x08000222   0x00000024   Code   RO         8464    .text               mc_w.l(memcpya.o)
    0x08000246   0x08000246   0x00000024   Code   RO         8466    .text               mc_w.l(memseta.o)
    0x0800026a   0x0800026a   0x00000012   Code   RO         8470    .text               mc_w.l(strcpy.o)
    0x0800027c   0x0800027c   0x000000e4   Code   RO         8763    .text               mf_w.l(dmul.o)
    0x08000360   0x08000360   0x00000026   Code   RO         8765    .text               mf_w.l(f2d.o)
    0x08000386   0x08000386   0x00000038   Code   RO         8767    .text               mf_w.l(d2f.o)
    0x080003be   0x080003be   0x0000002c   Code   RO         8802    .text               mc_w.l(uidiv.o)
    0x080003ea   0x080003ea   0x0000001e   Code   RO         8804    .text               mc_w.l(llshl.o)
    0x08000408   0x08000408   0x00000020   Code   RO         8806    .text               mc_w.l(llushr.o)
    0x08000428   0x08000428   0x00000000   Code   RO         8817    .text               mc_w.l(iusefp.o)
    0x08000428   0x08000428   0x0000006e   Code   RO         8818    .text               mf_w.l(fepilogue.o)
    0x08000496   0x08000496   0x000000ba   Code   RO         8820    .text               mf_w.l(depilogue.o)
    0x08000550   0x08000550   0x0000014e   Code   RO         8822    .text               mf_w.l(dadd.o)
    0x0800069e   0x0800069e   0x000000de   Code   RO         8824    .text               mf_w.l(ddiv.o)
    0x0800077c   0x0800077c   0x000000a2   Code   RO         8826    .text               mf_w.l(dsqrt.o)
    0x0800081e   0x0800081e   0x00000030   Code   RO         8828    .text               mf_w.l(dfixul.o)
    0x0800084e   0x0800084e   0x00000002   PAD
    0x08000850   0x08000850   0x00000030   Code   RO         8832    .text               mf_w.l(cdrcmple.o)
    0x08000880   0x08000880   0x00000024   Code   RO         8834    .text               mc_w.l(init.o)
    0x080008a4   0x080008a4   0x00000024   Code   RO         8836    .text               mc_w.l(llsshr.o)
    0x080008c8   0x080008c8   0x00000056   Code   RO         8846    .text               mc_w.l(__dczerorl2.o)
    0x0800091e   0x0800091e   0x00000002   PAD
    0x08000920   0x08000920   0x00000190   Code   RO          411    i.Avoid_Obstacle    ltck.o
    0x08000ab0   0x08000ab0   0x00000002   Code   RO          301    i.BusFault_Handler  stm32f4xx_it.o
    0x08000ab2   0x08000ab2   0x00000002   PAD
    0x08000ab4   0x08000ab4   0x000000d4   Code   RO         4118    i.CAN_FilterInit    stm32f4xx_can.o
    0x08000b88   0x08000b88   0x00000104   Code   RO         4125    i.CAN_Init          stm32f4xx_can.o
    0x08000c8c   0x08000c8c   0x000000b6   Code   RO         4133    i.CAN_Transmit      stm32f4xx_can.o
    0x08000d42   0x08000d42   0x00000016   Code   RO          664    i.CalcSum1          im948_cmd.o
    0x08000d58   0x08000d58   0x00000078   Code   RO         3146    i.Chassis_GuiWei    chassis.o
    0x08000dd0   0x08000dd0   0x0000006c   Code   RO         3147    i.Chassis_InverseMotionControl  chassis.o
    0x08000e3c   0x08000e3c   0x000000c0   Code   RO         3149    i.Chassis_MoveOnce  chassis.o
    0x08000efc   0x08000efc   0x000002d8   Code   RO         3151    i.Chassis_MovePath  chassis.o
    0x080011d4   0x080011d4   0x000000c0   Code   RO         3254    i.Chassis_PID_Init  chassis_pid.o
    0x08001294   0x08001294   0x00000208   Code   RO         3224    i.Chassis_PathInit  chassis_path.o
    0x0800149c   0x0800149c   0x000000b8   Code   RO         3152    i.Chassis_SINAccel  chassis.o
    0x08001554   0x08001554   0x000000b8   Code   RO         3153    i.Chassis_SetSpeed  chassis.o
    0x0800160c   0x0800160c   0x000000cc   Code   RO         3154    i.Chassis_TurnLeft  chassis.o
    0x080016d8   0x080016d8   0x000000c4   Code   RO          412    i.Choose_Color      ltck.o
    0x0800179c   0x0800179c   0x00000018   Code   RO          666    i.Cmd_03            im948_cmd.o
    0x080017b4   0x080017b4   0x00000018   Code   RO          668    i.Cmd_05            im948_cmd.o
    0x080017cc   0x080017cc   0x00000018   Code   RO          669    i.Cmd_06            im948_cmd.o
    0x080017e4   0x080017e4   0x00000018   Code   RO          671    i.Cmd_08            im948_cmd.o
    0x080017fc   0x080017fc   0x00000060   Code   RO          674    i.Cmd_12            im948_cmd.o
    0x0800185c   0x0800185c   0x00000018   Code   RO          678    i.Cmd_16            im948_cmd.o
    0x08001874   0x08001874   0x00000018   Code   RO          681    i.Cmd_19            im948_cmd.o
    0x0800188c   0x0800188c   0x000000cc   Code   RO          705    i.Cmd_GetPkt        im948_cmd.o
    0x08001958   0x08001958   0x00000074   Code   RO          706    i.Cmd_PackAndTx     im948_cmd.o
    0x080019cc   0x080019cc   0x00000324   Code   RO          707    i.Cmd_RxUnpack      im948_cmd.o
    0x08001cf0   0x08001cf0   0x00000006   Code   RO          708    i.Cmd_Write         im948_cmd.o
    0x08001cf6   0x08001cf6   0x00000002   PAD
    0x08001cf8   0x08001cf8   0x00000034   Code   RO          552    i.DMA1_Stream2_IRQHandler  cx522.o
    0x08001d2c   0x08001d2c   0x0000002c   Code   RO         4813    i.DMA_ClearFlag     stm32f4xx_dma.o
    0x08001d58   0x08001d58   0x0000002c   Code   RO         4814    i.DMA_ClearITPendingBit  stm32f4xx_dma.o
    0x08001d84   0x08001d84   0x00000018   Code   RO         4815    i.DMA_Cmd           stm32f4xx_dma.o
    0x08001d9c   0x08001d9c   0x0000012c   Code   RO         4816    i.DMA_DeInit        stm32f4xx_dma.o
    0x08001ec8   0x08001ec8   0x0000000e   Code   RO         4820    i.DMA_GetCmdStatus  stm32f4xx_dma.o
    0x08001ed6   0x08001ed6   0x00000002   PAD
    0x08001ed8   0x08001ed8   0x00000034   Code   RO         4824    i.DMA_GetFlagStatus  stm32f4xx_dma.o
    0x08001f0c   0x08001f0c   0x00000054   Code   RO         4825    i.DMA_GetITStatus   stm32f4xx_dma.o
    0x08001f60   0x08001f60   0x00000032   Code   RO         4826    i.DMA_ITConfig      stm32f4xx_dma.o
    0x08001f92   0x08001f92   0x00000002   PAD
    0x08001f94   0x08001f94   0x00000054   Code   RO         4827    i.DMA_Init          stm32f4xx_dma.o
    0x08001fe8   0x08001fe8   0x00000004   Code   RO         4830    i.DMA_SetCurrDataCounter  stm32f4xx_dma.o
    0x08001fec   0x08001fec   0x00000002   Code   RO          302    i.DebugMon_Handler  stm32f4xx_it.o
    0x08001fee   0x08001fee   0x00000002   PAD
    0x08001ff0   0x08001ff0   0x00000010   Code   RO         2628    i.EXTI0_IRQHandler  vl53l0x_it.o
    0x08002000   0x08002000   0x00000038   Code   RO         2883    i.EXTI15_10_IRQHandler  key.o
    0x08002038   0x08002038   0x00000064   Code   RO         2884    i.EXTI9_5_IRQHandler  key.o
    0x0800209c   0x0800209c   0x0000000c   Code   RO         5073    i.EXTI_ClearITPendingBit  stm32f4xx_exti.o
    0x080020a8   0x080020a8   0x00000014   Code   RO         5077    i.EXTI_GetITStatus  stm32f4xx_exti.o
    0x080020bc   0x080020bc   0x00000074   Code   RO         5078    i.EXTI_Init         stm32f4xx_exti.o
    0x08002130   0x08002130   0x0000007c   Code   RO         5418    i.GPIO_Init         stm32f4xx_gpio.o
    0x080021ac   0x080021ac   0x00000020   Code   RO         5419    i.GPIO_PinAFConfig  stm32f4xx_gpio.o
    0x080021cc   0x080021cc   0x0000000e   Code   RO         5422    i.GPIO_ReadInputDataBit  stm32f4xx_gpio.o
    0x080021da   0x080021da   0x00000004   Code   RO         5425    i.GPIO_ResetBits    stm32f4xx_gpio.o
    0x080021de   0x080021de   0x00000004   Code   RO         5426    i.GPIO_SetBits      stm32f4xx_gpio.o
    0x080021e2   0x080021e2   0x00000002   PAD
    0x080021e4   0x080021e4   0x00000184   Code   RO          414    i.Go_To_Stairs      ltck.o
    0x08002368   0x08002368   0x000000fc   Code   RO          415    i.Go_To_Turntable   ltck.o
    0x08002464   0x08002464   0x00000060   Code   RO         3086    i.Gray_Init         gray.o
    0x080024c4   0x080024c4   0x00000002   Code   RO          303    i.HardFault_Handler  stm32f4xx_it.o
    0x080024c6   0x080024c6   0x00000002   PAD
    0x080024c8   0x080024c8   0x00000080   Code   RO          709    i.IM948_Init        im948_cmd.o
    0x08002548   0x08002548   0x00000030   Code   RO         3432    i.Infrared_Init     infrared.o
    0x08002578   0x08002578   0x000000b8   Code   RO         2885    i.KEY_Init          key.o
    0x08002630   0x08002630   0x0000003c   Code   RO          998    i.Kinematic_Analysis_Speed  control.o
    0x0800266c   0x0800266c   0x0000003c   Code   RO          480    i.LED_Init          led.o
    0x080026a8   0x080026a8   0x0000012c   Code   RO          417    i.LTCK_Init         ltck.o
    0x080027d4   0x080027d4   0x0000007c   Code   RO          526    i.MYDMA_Config      dma.o
    0x08002850   0x08002850   0x0000002c   Code   RO          527    i.MYDMA_Enable      dma.o
    0x0800287c   0x0800287c   0x00000002   Code   RO          304    i.MemManage_Handler  stm32f4xx_it.o
    0x0800287e   0x0800287e   0x0000001a   Code   RO          711    i.Memcpy            im948_cmd.o
    0x08002898   0x08002898   0x00000002   Code   RO          305    i.NMI_Handler       stm32f4xx_it.o
    0x0800289a   0x0800289a   0x00000002   PAD
    0x0800289c   0x0800289c   0x00000068   Code   RO         3826    i.NVIC_Init         misc.o
    0x08002904   0x08002904   0x00000014   Code   RO         3827    i.NVIC_PriorityGroupConfig  misc.o
    0x08002918   0x08002918   0x00000100   Code   RO         3284    i.PID_PositionCalc  pid.o
    0x08002a18   0x08002a18   0x0000000a   Code   RO         3286    i.PID_PositionSetEkRange  pid.o
    0x08002a22   0x08002a22   0x0000000a   Code   RO         3289    i.PID_PositionSetOUTRange  pid.o
    0x08002a2c   0x08002a2c   0x0000000e   Code   RO         3290    i.PID_PositionSetParameter  pid.o
    0x08002a3a   0x08002a3a   0x00000002   PAD
    0x08002a3c   0x08002a3c   0x00000054   Code   RO         3291    i.PID_PositionStructureInit  pid.o
    0x08002a90   0x08002a90   0x00000002   Code   RO          306    i.PendSV_Handler    stm32f4xx_it.o
    0x08002a92   0x08002a92   0x00000002   PAD
    0x08002a94   0x08002a94   0x00000084   Code   RO          999    i.Position_PID_Yaw  control.o
    0x08002b18   0x08002b18   0x00000004   Code   RO         2978    i.PwmServo_Init     pwmservo.o
    0x08002b1c   0x08002b1c   0x0000001c   Code   RO         6282    i.RCC_AHB1PeriphClockCmd  stm32f4xx_rcc.o
    0x08002b38   0x08002b38   0x0000001c   Code   RO         6291    i.RCC_APB1PeriphClockCmd  stm32f4xx_rcc.o
    0x08002b54   0x08002b54   0x0000001c   Code   RO         6294    i.RCC_APB2PeriphClockCmd  stm32f4xx_rcc.o
    0x08002b70   0x08002b70   0x000000a0   Code   RO         6303    i.RCC_GetClocksFreq  stm32f4xx_rcc.o
    0x08002c10   0x08002c10   0x00000034   Code   RO         2758    i.RGB_BLACK         ws2812.o
    0x08002c44   0x08002c44   0x00000018   Code   RO         7399    i.SPI_Cmd           stm32f4xx_spi.o
    0x08002c5c   0x08002c5c   0x00000014   Code   RO         7405    i.SPI_I2S_DMACmd    stm32f4xx_spi.o
    0x08002c70   0x08002c70   0x00000038   Code   RO         7412    i.SPI_Init          stm32f4xx_spi.o
    0x08002ca8   0x08002ca8   0x00000002   Code   RO          307    i.SVC_Handler       stm32f4xx_it.o
    0x08002caa   0x08002caa   0x00000002   PAD
    0x08002cac   0x08002cac   0x0000002c   Code   RO         7560    i.SYSCFG_EXTILineConfig  stm32f4xx_syscfg.o
    0x08002cd8   0x08002cd8   0x000000b8   Code   RO          372    i.SetSysClock       system_stm32f4xx.o
    0x08002d90   0x08002d90   0x00000048   Code   RO         3350    i.StepMotor_Init    stepmotor.o
    0x08002dd8   0x08002dd8   0x0000002c   Code   RO         3353    i.StepMotor_SetSpeed  stepmotor.o
    0x08002e04   0x08002e04   0x00000036   Code   RO         3354    i.StepMotor_ZDTENABLE  stepmotor.o
    0x08002e3a   0x08002e3a   0x0000003e   Code   RO         3356    i.StepMotor_ZDTSetSpeed  stepmotor.o
    0x08002e78   0x08002e78   0x0000002c   Code   RO         3358    i.StepMotor_ZDTSyncMove  stepmotor.o
    0x08002ea4   0x08002ea4   0x0000001c   Code   RO         3830    i.SysTick_CLKSourceConfig  misc.o
    0x08002ec0   0x08002ec0   0x00000002   Code   RO          308    i.SysTick_Handler   stm32f4xx_it.o
    0x08002ec2   0x08002ec2   0x00000002   PAD
    0x08002ec4   0x08002ec4   0x0000004c   Code   RO          374    i.SystemInit        system_stm32f4xx.o
    0x08002f10   0x08002f10   0x000000b4   Code   RO         2979    i.TIM3_PWM_Init     pwmservo.o
    0x08002fc4   0x08002fc4   0x000000b0   Code   RO         3359    i.TIM5_IRQHandler   stepmotor.o
    0x08003074   0x08003074   0x0000005c   Code   RO         3776    i.TIM5_Int_Init     timer.o
    0x080030d0   0x080030d0   0x00000164   Code   RO         1002    i.TIM6_DAC_IRQHandler  control.o
    0x08003234   0x08003234   0x00000064   Code   RO         3777    i.TIM6_Int_Init     timer.o
    0x08003298   0x08003298   0x00000048   Code   RO         2929    i.TIM7_IRQHandler   delaytask.o
    0x080032e0   0x080032e0   0x00000068   Code   RO         3778    i.TIM7_Int_Init     timer.o
    0x08003348   0x08003348   0x00000018   Code   RO         7617    i.TIM_ARRPreloadConfig  stm32f4xx_tim.o
    0x08003360   0x08003360   0x00000006   Code   RO         7623    i.TIM_ClearFlag     stm32f4xx_tim.o
    0x08003366   0x08003366   0x00000006   Code   RO         7624    i.TIM_ClearITPendingBit  stm32f4xx_tim.o
    0x0800336c   0x0800336c   0x00000018   Code   RO         7629    i.TIM_Cmd           stm32f4xx_tim.o
    0x08003384   0x08003384   0x0000001c   Code   RO         7631    i.TIM_CtrlPWMOutputs  stm32f4xx_tim.o
    0x080033a0   0x080033a0   0x00000018   Code   RO         7650    i.TIM_GetITStatus   stm32f4xx_tim.o
    0x080033b8   0x080033b8   0x00000014   Code   RO         7654    i.TIM_ITConfig      stm32f4xx_tim.o
    0x080033cc   0x080033cc   0x0000000a   Code   RO         7656    i.TIM_InternalClockConfig  stm32f4xx_tim.o
    0x080033d6   0x080033d6   0x00000002   PAD
    0x080033d8   0x080033d8   0x00000068   Code   RO         7658    i.TIM_OC1Init       stm32f4xx_tim.o
    0x08003440   0x08003440   0x0000000c   Code   RO         7661    i.TIM_OC1PreloadConfig  stm32f4xx_tim.o
    0x0800344c   0x0800344c   0x00000014   Code   RO         7676    i.TIM_OCStructInit  stm32f4xx_tim.o
    0x08003460   0x08003460   0x0000007c   Code   RO         7701    i.TIM_TimeBaseInit  stm32f4xx_tim.o
    0x080034dc   0x080034dc   0x00000040   Code   RO          712    i.USART2_IRQHandler  im948_cmd.o
    0x0800351c   0x0800351c   0x00000078   Code   RO         3008    i.USART3_IRQHandler  lobotdigitalservocontroller.o
    0x08003594   0x08003594   0x00000050   Code   RO          595    i.USART6_IRQHandler  xm1603.o
    0x080035e4   0x080035e4   0x00000008   Code   RO         8175    i.USART_ClearFlag   stm32f4xx_usart.o
    0x080035ec   0x080035ec   0x00000018   Code   RO         8179    i.USART_Cmd         stm32f4xx_usart.o
    0x08003604   0x08003604   0x00000014   Code   RO         8180    i.USART_DMACmd      stm32f4xx_usart.o
    0x08003618   0x08003618   0x0000000e   Code   RO         8182    i.USART_GetFlagStatus  stm32f4xx_usart.o
    0x08003626   0x08003626   0x00000040   Code   RO         8183    i.USART_GetITStatus  stm32f4xx_usart.o
    0x08003666   0x08003666   0x00000036   Code   RO         8185    i.USART_ITConfig    stm32f4xx_usart.o
    0x0800369c   0x0800369c   0x000000bc   Code   RO         8186    i.USART_Init        stm32f4xx_usart.o
    0x08003758   0x08003758   0x00000008   Code   RO         8193    i.USART_ReceiveData  stm32f4xx_usart.o
    0x08003760   0x08003760   0x00000008   Code   RO         8196    i.USART_SendData    stm32f4xx_usart.o
    0x08003768   0x08003768   0x00000002   Code   RO          309    i.UsageFault_Handler  stm32f4xx_it.o
    0x0800376a   0x0800376a   0x00000002   PAD
    0x0800376c   0x0800376c   0x00000034   Code   RO         1258    i.VL53L0X_All_Init  vl53l0x.o
    0x080037a0   0x080037a0   0x00000080   Code   RO         1355    i.VL53L0X_CheckAndLoadInterruptSettings  vl53l0x_api.o
    0x08003820   0x08003820   0x0000004a   Code   RO         1356    i.VL53L0X_ClearInterruptMask  vl53l0x_api.o
    0x0800386a   0x0800386a   0x00000002   PAD
    0x0800386c   0x0800386c   0x00000194   Code   RO         1357    i.VL53L0X_DataInit  vl53l0x_api.o
    0x08003a00   0x08003a00   0x00000004   Code   RO         1361    i.VL53L0X_GetDeviceInfo  vl53l0x_api.o
    0x08003a04   0x08003a04   0x0000000a   Code   RO         1362    i.VL53L0X_GetDeviceMode  vl53l0x_api.o
    0x08003a0e   0x08003a0e   0x00000082   Code   RO         1363    i.VL53L0X_GetDeviceParameters  vl53l0x_api.o
    0x08003a90   0x08003a90   0x0000001a   Code   RO         1365    i.VL53L0X_GetFractionEnable  vl53l0x_api.o
    0x08003aaa   0x08003aaa   0x00000034   Code   RO         1369    i.VL53L0X_GetInterMeasurementPeriodMilliSeconds  vl53l0x_api.o
    0x08003ade   0x08003ade   0x00000022   Code   RO         1370    i.VL53L0X_GetInterruptMaskStatus  vl53l0x_api.o
    0x08003b00   0x08003b00   0x00000036   Code   RO         1371    i.VL53L0X_GetInterruptThresholds  vl53l0x_api.o
    0x08003b36   0x08003b36   0x0000001a   Code   RO         1373    i.VL53L0X_GetLimitCheckEnable  vl53l0x_api.o
    0x08003b50   0x08003b50   0x00000088   Code   RO         1376    i.VL53L0X_GetLimitCheckValue  vl53l0x_api.o
    0x08003bd8   0x08003bd8   0x00000040   Code   RO         1379    i.VL53L0X_GetMeasurementDataReady  vl53l0x_api.o
    0x08003c18   0x08003c18   0x00000004   Code   RO         1381    i.VL53L0X_GetMeasurementTimingBudgetMicroSeconds  vl53l0x_api.o
    0x08003c1c   0x08003c1c   0x00000004   Code   RO         1385    i.VL53L0X_GetOffsetCalibrationDataMicroMeter  vl53l0x_api.o
    0x08003c20   0x08003c20   0x00000004   Code   RO         1386    i.VL53L0X_GetPalErrorString  vl53l0x_api.o
    0x08003c24   0x08003c24   0x0000012a   Code   RO         1393    i.VL53L0X_GetRangingMeasurementData  vl53l0x_api.o
    0x08003d4e   0x08003d4e   0x00000068   Code   RO         1397    i.VL53L0X_GetSequenceStepEnables  vl53l0x_api.o
    0x08003db6   0x08003db6   0x00000004   Code   RO         1406    i.VL53L0X_GetVcselPulsePeriod  vl53l0x_api.o
    0x08003dba   0x08003dba   0x00000034   Code   RO         1408    i.VL53L0X_GetWrapAroundCheckEnable  vl53l0x_api.o
    0x08003dee   0x08003dee   0x0000000a   Code   RO         1409    i.VL53L0X_GetXTalkCompensationEnable  vl53l0x_api.o
    0x08003df8   0x08003df8   0x00000030   Code   RO         1410    i.VL53L0X_GetXTalkCompensationRateMegaCps  vl53l0x_api.o
    0x08003e28   0x08003e28   0x00000006   Code   RO         1412    i.VL53L0X_PerformRefCalibration  vl53l0x_api.o
    0x08003e2e   0x08003e2e   0x00000004   Code   RO         1413    i.VL53L0X_PerformRefSpadManagement  vl53l0x_api.o
    0x08003e32   0x08003e32   0x00000032   Code   RO         1415    i.VL53L0X_PerformSingleMeasurement  vl53l0x_api.o
    0x08003e64   0x08003e64   0x00000032   Code   RO         1416    i.VL53L0X_PerformSingleRangingMeasurement  vl53l0x_api.o
    0x08003e96   0x08003e96   0x00000018   Code   RO         2679    i.VL53L0X_PollingDelay  vl53l0x_platform.o
    0x08003eae   0x08003eae   0x00000016   Code   RO         2680    i.VL53L0X_RdByte    vl53l0x_platform.o
    0x08003ec4   0x08003ec4   0x00000016   Code   RO         2681    i.VL53L0X_RdDWord   vl53l0x_platform.o
    0x08003eda   0x08003eda   0x00000016   Code   RO         2682    i.VL53L0X_RdWord    vl53l0x_platform.o
    0x08003ef0   0x08003ef0   0x0000001e   Code   RO         2683    i.VL53L0X_ReadMulti  vl53l0x_platform.o
    0x08003f0e   0x08003f0e   0x00000008   Code   RO         1420    i.VL53L0X_SetDeviceAddress  vl53l0x_api.o
    0x08003f16   0x08003f16   0x00000024   Code   RO         1421    i.VL53L0X_SetDeviceMode  vl53l0x_api.o
    0x08003f3a   0x08003f3a   0x00000168   Code   RO         1424    i.VL53L0X_SetGpioConfig  vl53l0x_api.o
    0x080040a2   0x080040a2   0x00000094   Code   RO         1429    i.VL53L0X_SetLimitCheckEnable  vl53l0x_api.o
    0x08004136   0x08004136   0x0000005a   Code   RO         1430    i.VL53L0X_SetLimitCheckValue  vl53l0x_api.o
    0x08004190   0x08004190   0x00000004   Code   RO         1432    i.VL53L0X_SetMeasurementTimingBudgetMicroSeconds  vl53l0x_api.o
    0x08004194   0x08004194   0x00000004   Code   RO         1434    i.VL53L0X_SetOffsetCalibrationDataMicroMeter  vl53l0x_api.o
    0x08004198   0x08004198   0x00000004   Code   RO         1437    i.VL53L0X_SetRefCalibration  vl53l0x_api.o
    0x0800419c   0x0800419c   0x00000004   Code   RO         1438    i.VL53L0X_SetReferenceSpads  vl53l0x_api.o
    0x080041a0   0x080041a0   0x000000b4   Code   RO         1439    i.VL53L0X_SetSequenceStepEnable  vl53l0x_api.o
    0x08004254   0x08004254   0x00000004   Code   RO         1444    i.VL53L0X_SetVcselPulsePeriod  vl53l0x_api.o
    0x08004258   0x08004258   0x00000034   Code   RO         1447    i.VL53L0X_SetXTalkCompensationRateMegaCps  vl53l0x_api.o
    0x0800428c   0x0800428c   0x000000ec   Code   RO         1448    i.VL53L0X_StartMeasurement  vl53l0x_api.o
    0x08004378   0x08004378   0x00000198   Code   RO         1449    i.VL53L0X_StaticInit  vl53l0x_api.o
    0x08004510   0x08004510   0x00000044   Code   RO         2684    i.VL53L0X_UpdateByte  vl53l0x_platform.o
    0x08004554   0x08004554   0x00000016   Code   RO         2685    i.VL53L0X_WrByte    vl53l0x_platform.o
    0x0800456a   0x0800456a   0x00000016   Code   RO         2687    i.VL53L0X_WrWord    vl53l0x_platform.o
    0x08004580   0x08004580   0x0000001e   Code   RO         2688    i.VL53L0X_WriteMulti  vl53l0x_platform.o
    0x0800459e   0x0800459e   0x00000002   PAD
    0x080045a0   0x080045a0   0x000000dc   Code   RO         2144    i.VL53L0X_calc_dmax  vl53l0x_api_core.o
    0x0800467c   0x0800467c   0x00000010   Code   RO         2145    i.VL53L0X_calc_macro_period_ps  vl53l0x_api_core.o
    0x0800468c   0x0800468c   0x0000023c   Code   RO         2146    i.VL53L0X_calc_sigma_estimate  vl53l0x_api_core.o
    0x080048c8   0x080048c8   0x00000022   Code   RO         2147    i.VL53L0X_calc_timeout_mclks  vl53l0x_api_core.o
    0x080048ea   0x080048ea   0x00000022   Code   RO         2148    i.VL53L0X_calc_timeout_us  vl53l0x_api_core.o
    0x0800490c   0x0800490c   0x0000003e   Code   RO         2330    i.VL53L0X_check_part_used  vl53l0x_api_strings.o
    0x0800494a   0x0800494a   0x0000000c   Code   RO         2149    i.VL53L0X_decode_timeout  vl53l0x_api_core.o
    0x08004956   0x08004956   0x00000008   Code   RO         2150    i.VL53L0X_decode_vcsel_period  vl53l0x_api_core.o
    0x0800495e   0x0800495e   0x0000004a   Code   RO         2151    i.VL53L0X_device_read_strobe  vl53l0x_api_core.o
    0x080049a8   0x080049a8   0x00000020   Code   RO         2152    i.VL53L0X_encode_timeout  vl53l0x_api_core.o
    0x080049c8   0x080049c8   0x0000000a   Code   RO         2153    i.VL53L0X_encode_vcsel_period  vl53l0x_api_core.o
    0x080049d2   0x080049d2   0x00000002   PAD
    0x080049d4   0x080049d4   0x000000cc   Code   RO         2332    i.VL53L0X_get_device_info  vl53l0x_api_strings.o
    0x08004aa0   0x08004aa0   0x0000051e   Code   RO         2154    i.VL53L0X_get_info_from_device  vl53l0x_api_core.o
    0x08004fbe   0x08004fbe   0x000000c4   Code   RO         2155    i.VL53L0X_get_measurement_timing_budget_micro_seconds  vl53l0x_api_core.o
    0x08005082   0x08005082   0x0000003a   Code   RO         1986    i.VL53L0X_get_offset_calibration_data_micro_meter  vl53l0x_api_calibration.o
    0x080050bc   0x080050bc   0x00000298   Code   RO         2334    i.VL53L0X_get_pal_error_string  vl53l0x_api_strings.o
    0x08005354   0x08005354   0x000001f8   Code   RO         2156    i.VL53L0X_get_pal_range_status  vl53l0x_api_core.o
    0x0800554c   0x0800554c   0x0000001c   Code   RO         2157    i.VL53L0X_get_total_signal_rate  vl53l0x_api_core.o
    0x08005568   0x08005568   0x0000002e   Code   RO         2158    i.VL53L0X_get_total_xtalk_rate  vl53l0x_api_core.o
    0x08005596   0x08005596   0x0000003a   Code   RO         2159    i.VL53L0X_get_vcsel_pulse_period  vl53l0x_api_core.o
    0x080055d0   0x080055d0   0x000000d4   Code   RO         2482    i.VL53L0X_i2c_init  vl53l0x_i2c.o
    0x080056a4   0x080056a4   0x0000002a   Code   RO         2160    i.VL53L0X_isqrt     vl53l0x_api_core.o
    0x080056ce   0x080056ce   0x000000a8   Code   RO         2161    i.VL53L0X_load_tuning_settings  vl53l0x_api_core.o
    0x08005776   0x08005776   0x00000034   Code   RO         2162    i.VL53L0X_measurement_poll_for_completion  vl53l0x_api_core.o
    0x080057aa   0x080057aa   0x00000070   Code   RO         1990    i.VL53L0X_perform_phase_calibration  vl53l0x_api_calibration.o
    0x0800581a   0x0800581a   0x00000040   Code   RO         1991    i.VL53L0X_perform_ref_calibration  vl53l0x_api_calibration.o
    0x0800585a   0x0800585a   0x00000252   Code   RO         1992    i.VL53L0X_perform_ref_spad_management  vl53l0x_api_calibration.o
    0x08005aac   0x08005aac   0x00000036   Code   RO         1993    i.VL53L0X_perform_single_ref_calibration  vl53l0x_api_calibration.o
    0x08005ae2   0x08005ae2   0x00000078   Code   RO         1994    i.VL53L0X_perform_vhv_calibration  vl53l0x_api_calibration.o
    0x08005b5a   0x08005b5a   0x00000006   Code   RO         2483    i.VL53L0X_read_byte  vl53l0x_i2c.o
    0x08005b60   0x08005b60   0x0000002c   Code   RO         2484    i.VL53L0X_read_dword  vl53l0x_i2c.o
    0x08005b8c   0x08005b8c   0x00000016   Code   RO         2485    i.VL53L0X_read_multi  vl53l0x_i2c.o
    0x08005ba2   0x08005ba2   0x0000001c   Code   RO         2486    i.VL53L0X_read_word  vl53l0x_i2c.o
    0x08005bbe   0x08005bbe   0x000000b4   Code   RO         1996    i.VL53L0X_ref_calibration_io  vl53l0x_api_calibration.o
    0x08005c72   0x08005c72   0x000000de   Code   RO         2165    i.VL53L0X_set_measurement_timing_budget_micro_seconds  vl53l0x_api_core.o
    0x08005d50   0x08005d50   0x00000038   Code   RO         1997    i.VL53L0X_set_offset_calibration_data_micro_meter  vl53l0x_api_calibration.o
    0x08005d88   0x08005d88   0x00000020   Code   RO         1998    i.VL53L0X_set_ref_calibration  vl53l0x_api_calibration.o
    0x08005da8   0x08005da8   0x000000aa   Code   RO         1999    i.VL53L0X_set_reference_spads  vl53l0x_api_calibration.o
    0x08005e52   0x08005e52   0x000002da   Code   RO         2166    i.VL53L0X_set_vcsel_pulse_period  vl53l0x_api_core.o
    0x0800612c   0x0800612c   0x0000000c   Code   RO         2487    i.VL53L0X_write_byte  vl53l0x_i2c.o
    0x08006138   0x08006138   0x00000016   Code   RO         2489    i.VL53L0X_write_multi  vl53l0x_i2c.o
    0x0800614e   0x0800614e   0x0000003c   Code   RO         2490    i.VL53L0X_write_word  vl53l0x_i2c.o
    0x0800618a   0x0800618a   0x00000002   PAD
    0x0800618c   0x0800618c   0x00000028   Code   RO         2491    i.VL_IIC_Ack        vl53l0x_i2c.o
    0x080061b4   0x080061b4   0x00000028   Code   RO         2492    i.VL_IIC_NAck       vl53l0x_i2c.o
    0x080061dc   0x080061dc   0x0000005c   Code   RO         2494    i.VL_IIC_Read_Byte  vl53l0x_i2c.o
    0x08006238   0x08006238   0x0000006a   Code   RO         2495    i.VL_IIC_Read_nByte  vl53l0x_i2c.o
    0x080062a2   0x080062a2   0x00000002   PAD
    0x080062a4   0x080062a4   0x00000054   Code   RO         2496    i.VL_IIC_Send_Byte  vl53l0x_i2c.o
    0x080062f8   0x080062f8   0x00000028   Code   RO         2497    i.VL_IIC_Start      vl53l0x_i2c.o
    0x08006320   0x08006320   0x00000028   Code   RO         2498    i.VL_IIC_Stop       vl53l0x_i2c.o
    0x08006348   0x08006348   0x00000044   Code   RO         2499    i.VL_IIC_Wait_Ack   vl53l0x_i2c.o
    0x0800638c   0x0800638c   0x0000004c   Code   RO         2501    i.VL_IIC_Write_nByte  vl53l0x_i2c.o
    0x080063d8   0x080063d8   0x0000002c   Code   RO         2502    i.VL_SDA_IN         vl53l0x_i2c.o
    0x08006404   0x08006404   0x00000028   Code   RO         2503    i.VL_SDA_OUT        vl53l0x_i2c.o
    0x0800642c   0x0800642c   0x000000bc   Code   RO         2768    i.WS2812b_Configuration  ws2812.o
    0x080064e8   0x080064e8   0x00000078   Code   RO          596    i.XM1603_Init       xm1603.o
    0x08006560   0x08006560   0x00000030   Code   RO          597    i.XM1603_Write_Boud  xm1603.o
    0x08006590   0x08006590   0x0000003c   Code   RO          598    i.XM1603_Write_Byte  xm1603.o
    0x080065cc   0x080065cc   0x00000020   Code   RO         8707    i.__0printf         mc_w.l(printfa.o)
    0x080065ec   0x080065ec   0x00000026   Code   RO         8769    i.__ARM_fpclassifyf  m_wm.l(fpclassifyf.o)
    0x08006612   0x08006612   0x00000002   PAD
    0x08006614   0x08006614   0x00000150   Code   RO         8423    i.__hardfp_cosf     m_wm.l(cosf.o)
    0x08006764   0x08006764   0x00000190   Code   RO         8435    i.__hardfp_sinf     m_wm.l(sinf.o)
    0x080068f4   0x080068f4   0x0000007a   Code   RO         8447    i.__hardfp_sqrt     m_wm.l(sqrt.o)
    0x0800696e   0x0800696e   0x00000006   Code   RO         8772    i.__mathlib_flt_infnan  m_wm.l(funder.o)
    0x08006974   0x08006974   0x00000010   Code   RO         8774    i.__mathlib_flt_invalid  m_wm.l(funder.o)
    0x08006984   0x08006984   0x00000010   Code   RO         8777    i.__mathlib_flt_underflow  m_wm.l(funder.o)
    0x08006994   0x08006994   0x00000154   Code   RO         8785    i.__mathlib_rredf2  m_wm.l(rredf.o)
    0x08006ae8   0x08006ae8   0x0000000e   Code   RO         8840    i.__scatterload_copy  mc_w.l(handlers.o)
    0x08006af6   0x08006af6   0x00000002   Code   RO         8841    i.__scatterload_null  mc_w.l(handlers.o)
    0x08006af8   0x08006af8   0x0000000e   Code   RO         8842    i.__scatterload_zeroinit  mc_w.l(handlers.o)
    0x08006b06   0x08006b06   0x00000002   PAD
    0x08006b08   0x08006b08   0x0000000c   Code   RO         8812    i.__set_errno       mc_w.l(errno.o)
    0x08006b14   0x08006b14   0x00000184   Code   RO         8714    i._fp_digits        mc_w.l(printfa.o)
    0x08006c98   0x08006c98   0x000006dc   Code   RO         8715    i._printf_core      mc_w.l(printfa.o)
    0x08007374   0x08007374   0x00000024   Code   RO         8716    i._printf_post_padding  mc_w.l(printfa.o)
    0x08007398   0x08007398   0x0000002e   Code   RO         8717    i._printf_pre_padding  mc_w.l(printfa.o)
    0x080073c6   0x080073c6   0x00000002   PAD
    0x080073c8   0x080073c8   0x000000f0   Code   RO         3738    i.can_SendCmd       can.o
    0x080074b8   0x080074b8   0x000000fc   Code   RO         3739    i.can_init          can.o
    0x080075b4   0x080075b4   0x0000002c   Code   RO          553    i.cx522_Init        cx522.o
    0x080075e0   0x080075e0   0x00000018   Code   RO          554    i.cx522_ProcessData  cx522.o
    0x080075f8   0x080075f8   0x0000002c   Code   RO         3452    i.delay_init        delay.o
    0x08007624   0x08007624   0x00000034   Code   RO         3453    i.delay_ms          delay.o
    0x08007658   0x08007658   0x00000034   Code   RO         3454    i.delay_us          delay.o
    0x0800768c   0x0800768c   0x00000034   Code   RO         3455    i.delay_xms         delay.o
    0x080076c0   0x080076c0   0x00000094   Code   RO         2001    i.enable_ref_spads  vl53l0x_api_calibration.o
    0x08007754   0x08007754   0x0000002a   Code   RO         2002    i.enable_spad_bit   vl53l0x_api_calibration.o
    0x0800777e   0x0800777e   0x00000002   PAD
    0x08007780   0x08007780   0x00000014   Code   RO         3664    i.fputc             uart5.o
    0x08007794   0x08007794   0x00000052   Code   RO         2003    i.get_next_good_spad  vl53l0x_api_calibration.o
    0x080077e6   0x080077e6   0x0000000a   Code   RO         2004    i.get_ref_spad_map  vl53l0x_api_calibration.o
    0x080077f0   0x080077f0   0x0000011a   Code   RO         2167    i.get_sequence_step_timeout  vl53l0x_api_core.o
    0x0800790a   0x0800790a   0x00000002   PAD
    0x0800790c   0x0800790c   0x00000018   Code   RO         2005    i.is_aperture       vl53l0x_api_calibration.o
    0x08007924   0x08007924   0x00000012   Code   RO            3    i.main              main.o
    0x08007936   0x08007936   0x0000005e   Code   RO         2006    i.perform_ref_signal_measurement  vl53l0x_api_calibration.o
    0x08007994   0x08007994   0x0000000e   Code   RO         1260    i.print_pal_error   vl53l0x.o
    0x080079a2   0x080079a2   0x00000002   PAD
    0x080079a4   0x080079a4   0x00000040   Code   RO         2770    i.rgb_SendArray     ws2812.o
    0x080079e4   0x080079e4   0x00000010   Code   RO         2771    i.rgb_SetColor      ws2812.o
    0x080079f4   0x080079f4   0x00000080   Code   RO         2772    i.rgb_WriteColor    ws2812.o
    0x08007a74   0x08007a74   0x00000042   Code   RO         1453    i.sequence_step_enabled  vl53l0x_api.o
    0x08007ab6   0x08007ab6   0x0000000a   Code   RO         2007    i.set_ref_spad_map  vl53l0x_api_calibration.o
    0x08007ac0   0x08007ac0   0x00000116   Code   RO         2168    i.set_sequence_step_timeout  vl53l0x_api_core.o
    0x08007bd6   0x08007bd6   0x00000002   PAD
    0x08007bd8   0x08007bd8   0x00000028   Code   RO         3566    i.uart2_WriteBuf    usart2.o
    0x08007c00   0x08007c00   0x000000b0   Code   RO         3634    i.uart4_init        uart4.o
    0x08007cb0   0x08007cb0   0x000000b8   Code   RO         3666    i.uart5_init        uart5.o
    0x08007d68   0x08007d68   0x00000028   Code   RO         3708    i.uart6_WriteBuf    usart6.o
    0x08007d90   0x08007d90   0x000000b4   Code   RO         3567    i.usart2_init       usart2.o
    0x08007e44   0x08007e44   0x000000ac   Code   RO         3597    i.usart3_init       usart3.o
    0x08007ef0   0x08007ef0   0x000000b4   Code   RO         3709    i.usart6_init       usart6.o
    0x08007fa4   0x08007fa4   0x00000062   Code   RO         1261    i.vl53l0x_Addr_set  vl53l0x.o
    0x08008006   0x08008006   0x00000002   PAD
    0x08008008   0x08008008   0x000000e8   Code   RO         1263    i.vl53l0x_init      vl53l0x.o
    0x080080f0   0x080080f0   0x0000013c   Code   RO         2430    i.vl53l0x_set_mode  vl53l0x_gen.o
    0x0800822c   0x0800822c   0x0000001e   Code   RO         2431    i.vl53l0x_start_single_test  vl53l0x_gen.o
    0x0800824a   0x0800824a   0x00000002   PAD
    0x0800824c   0x0800824c   0x0000006f   Data   RO          716    .constdata          im948_cmd.o
    0x080082bb   0x080082bb   0x0000001e   Data   RO         2774    .constdata          ws2812.o
    0x080082d9   0x080082d9   0x00000003   PAD
    0x080082dc   0x080082dc   0x00000020   Data   RO         8786    .constdata          m_wm.l(rredf.o)
    0x080082fc   0x080082fc   0x00000020   Data   RO         8838    Region$$Table       anon$$obj.o


    Execution Region RW_IRAM1 (Exec base: 0x20000000, Load base: 0x0800831c, Size: 0x000010d8, Max: 0x00020000, ABSOLUTE, COMPRESSED[0x000002e0])

    Exec Addr    Load Addr    Size         Type   Attr      Idx    E Section Name        Object

    0x20000000   COMPRESSED   0x00000002   Data   RW          418    .data               ltck.o
    0x20000002   COMPRESSED   0x00000002   Data   RW          600    .data               xm1603.o
    0x20000004   COMPRESSED   0x00000014   Data   RW          717    .data               im948_cmd.o
    0x20000018   COMPRESSED   0x0000006c   Data   RW         1005    .data               control.o
    0x20000084   COMPRESSED   0x00000010   Data   RW         1075    .data               movement.o
    0x20000094   COMPRESSED   0x00000004   Data   RW         1076    .data               movement.o
    0x20000098   COMPRESSED   0x00000001   Data   RW         1272    .data               vl53l0x.o
    0x20000099   COMPRESSED   0x00000038   Data   RW         1274    .data               vl53l0x.o
    0x200000d1   COMPRESSED   0x000002a9   Data   RW         1454    .data               vl53l0x_api.o
    0x2000037a   COMPRESSED   0x00000002   PAD
    0x2000037c   COMPRESSED   0x00000010   Data   RW         2008    .data               vl53l0x_api_calibration.o
    0x2000038c   COMPRESSED   0x00000010   Data   RW         2634    .data               vl53l0x_it.o
    0x2000039c   COMPRESSED   0x00000003   Data   RW         2886    .data               key.o
    0x2000039f   COMPRESSED   0x00000001   PAD
    0x200003a0   COMPRESSED   0x00000014   Data   RW         2931    .data               delaytask.o
    0x200003b4   COMPRESSED   0x00000008   Data   RW         3018    .data               lobotdigitalservocontroller.o
    0x200003bc   COMPRESSED   0x00000001   Data   RW         3361    .data               stepmotor.o
    0x200003bd   COMPRESSED   0x00000001   PAD
    0x200003be   COMPRESSED   0x00000004   Data   RW         3456    .data               delay.o
    0x200003c2   COMPRESSED   0x00000002   PAD
    0x200003c4   COMPRESSED   0x00000004   Data   RW         3667    .data               uart5.o
    0x200003c8   COMPRESSED   0x00000010   Data   RW         6335    .data               stm32f4xx_rcc.o
    0x200003d8   COMPRESSED   0x00000004   Data   RW         8813    .data               mc_w.l(errno.o)
    0x200003dc        -       0x00000032   Zero   RW          555    .bss                cx522.o
    0x2000040e        -       0x00000080   Zero   RW          599    .bss                xm1603.o
    0x2000048e        -       0x0000004e   Zero   RW          715    .bss                im948_cmd.o
    0x200004dc        -       0x00000014   Zero   RW         1267    .bss                vl53l0x.o
    0x200004f0        -       0x00000483   Zero   RW         1268    .bss                vl53l0x.o
    0x20000973        -       0x00000030   Zero   RW         2397    .bss                vl53l0x_cali.o
    0x200009a3   COMPRESSED   0x00000001   PAD
    0x200009a4        -       0x0000001c   Zero   RW         2432    .bss                vl53l0x_gen.o
    0x200009c0        -       0x00000060   Zero   RW         2773    .bss                ws2812.o
    0x20000a20        -       0x00000090   Zero   RW         3017    .bss                lobotdigitalservocontroller.o
    0x20000ab0        -       0x00000120   Zero   RW         3225    .bss                chassis_path.o
    0x20000bd0        -       0x000000a8   Zero   RW         3255    .bss                chassis_pid.o
    0x20000c78        -       0x00000030   Zero   RW         3360    .bss                stepmotor.o
    0x20000ca8        -       0x0000002c   Zero   RW         3740    .bss                can.o
    0x20000cd4   COMPRESSED   0x00000004   PAD
    0x20000cd8        -       0x00000400   Zero   RW         3817    STACK               startup_stm32f40_41xxx.o


==============================================================================

Image component sizes


      Code (inc. data)   RO Data    RW Data    ZI Data      Debug   Object Name

       492         16          0          0         44       2815   can.o
      1720        102          0          0          0       6819   chassis.o
       520         80          0          0        288       2593   chassis_path.o
       192         28          0          0        168       1252   chassis_pid.o
       548         84          0        108          0       3211   control.o
       120         22          0          0         50       2269   cx522.o
       200         18          0          4          0       2463   delay.o
        72         16          0         20          0       2096   delaytask.o
       168          4          0          0          0       1906   dma.o
        96         14          0          0          0        532   gray.o
      1610        110        111         20         78      12420   im948_cmd.o
        48          4          0          0          0        536   infrared.o
       340         30          0          3          0       2678   key.o
        60          4          0          0          0        515   led.o
       120         12          0          8        144       2912   lobotdigitalservocontroller.o
      1536        284          0          2          0       3289   ltck.o
        18          0          0          0          0     330413   main.o
       152         16          0          0          0       2201   misc.o
         0          0          0         20          0       1281   movement.o
       374         18          0          0          0       3537   pid.o
       184         10          0          0          0       1340   pwmservo.o
        36          8        392          0       1024        820   startup_stm32f40_41xxx.o
       452         28          0          1         48       4565   stepmotor.o
       654         10          0          0          0       3499   stm32f4xx_can.o
       700         78          0          0          0       8047   stm32f4xx_dma.o
       148         16          0          0          0       2280   stm32f4xx_exti.o
       178          0          0          0          0       3563   stm32f4xx_gpio.o
        18          0          0          0          0       4030   stm32f4xx_it.o
       244         30          0         16          0       4839   stm32f4xx_rcc.o
       100          0          0          0          0       2466   stm32f4xx_spi.o
        44          6          0          0          0        648   stm32f4xx_syscfg.o
       402         36          0          0          0       8036   stm32f4xx_tim.o
       388          8          0          0          0       6938   stm32f4xx_usart.o
       260         32          0          0          0       1553   system_stm32f4xx.o
       296         14          0          0          0       2052   timer.o
       176         10          0          0          0        757   uart4.o
       204         20          0          4          0       3135   uart5.o
       220         16          0          0          0       1799   usart2.o
       172          8          0          0          0        754   usart3.o
       220         14          0          0          0       1775   usart6.o
       396         30          0         57       1175       4763   vl53l0x.o
      3384         62          0        681          0      36279   vl53l0x_api.o
      1850         14          0         16          0      18247   vl53l0x_api_calibration.o
      4928         16          0          0          0      29543   vl53l0x_api_core.o
       930        494          0          0          0       3503   vl53l0x_api_strings.o
         0          0          0          0         48        810   vl53l0x_cali.o
       346         14          0          0         28       2604   vl53l0x_gen.o
      1076         60          0          0          0      12991   vl53l0x_i2c.o
        16          6          0         16          0       1291   vl53l0x_it.o
       262          0          0          0          0       7387   vl53l0x_platform.o
       448         36         30          0         96       4759   ws2812.o
       308         30          0          2        128       3194   xm1603.o

    ----------------------------------------------------------------------
     27476       1968        568        984       3324     574005   Object Totals
         0          0         32          0          0          0   (incl. Generated)
        50          0          3          6          5          0   (incl. Padding)

    ----------------------------------------------------------------------

      Code (inc. data)   RO Data    RW Data    ZI Data      Debug   Library Member Name

       336         56          0          0          0        136   cosf.o
        38          0          0          0          0        116   fpclassifyf.o
        38         12          0          0          0        348   funder.o
       340         24         32          0          0        160   rredf.o
       400         56          0          0          0        212   sinf.o
       122          0          0          0          0        148   sqrt.o
        86          0          0          0          0          0   __dczerorl2.o
         0          0          0          0          0          0   entry.o
         0          0          0          0          0          0   entry10a.o
         0          0          0          0          0          0   entry11a.o
         8          4          0          0          0          0   entry2.o
         4          0          0          0          0          0   entry5.o
         0          0          0          0          0          0   entry7b.o
         0          0          0          0          0          0   entry8b.o
         8          4          0          0          0          0   entry9a.o
        12          6          0          4          0         68   errno.o
        30          0          0          0          0          0   handlers.o
        36          8          0          0          0         68   init.o
         0          0          0          0          0          0   iusefp.o
        30          0          0          0          0         68   llshl.o
        36          0          0          0          0         68   llsshr.o
        32          0          0          0          0         68   llushr.o
        36          0          0          0          0         68   memcpya.o
        36          0          0          0          0        108   memseta.o
      2258         90          0          0          0        452   printfa.o
        18          0          0          0          0         68   strcpy.o
        44          0          0          0          0         80   uidiv.o
        98          0          0          0          0         92   uldiv.o
        48          0          0          0          0         68   cdrcmple.o
        56          0          0          0          0         88   d2f.o
       334          0          0          0          0        148   dadd.o
       222          0          0          0          0        100   ddiv.o
       186          0          0          0          0        176   depilogue.o
        48          0          0          0          0         68   dfixul.o
       228          0          0          0          0         96   dmul.o
       162          0          0          0          0        100   dsqrt.o
        38          0          0          0          0         68   f2d.o
       110          0          0          0          0        168   fepilogue.o

    ----------------------------------------------------------------------
      5488        260         32          4          0       3408   Library Totals
        10          0          0          0          0          0   (incl. Padding)

    ----------------------------------------------------------------------

      Code (inc. data)   RO Data    RW Data    ZI Data      Debug   Library Name

      1274        148         32          0          0       1120   m_wm.l
      2772        112          0          4          0       1208   mc_w.l
      1432          0          0          0          0       1080   mf_w.l

    ----------------------------------------------------------------------
      5488        260         32          4          0       3408   Library Totals

    ----------------------------------------------------------------------

==============================================================================


      Code (inc. data)   RO Data    RW Data    ZI Data      Debug   

     32964       2228        600        988       3324     550053   Grand Totals
     32964       2228        600        736       3324     550053   ELF Image Totals (compressed)
     32964       2228        600        736          0          0   ROM Totals

==============================================================================

    Total RO  Size (Code + RO Data)                33564 (  32.78kB)
    Total RW  Size (RW Data + ZI Data)              4312 (   4.21kB)
    Total ROM Size (Code + RO Data + RW Data)      34300 (  33.50kB)

==============================================================================

