Component: ARM Compiler 5.06 update 6 (build 750) Tool: armlink [4d35ed]

==============================================================================

Section Cross References

    main.o(i.main) refers to ltck.o(i.LTCK_Init) for LTCK_Init
    main.o(i.main) refers to ltck.o(i.Choose_Color) for Choose_Color
    main.o(i.main) refers to ltck.o(i.Go_To_Turntable) for Go_To_Turntable
    main.o(i.main) refers to ltck.o(i.Go_To_Stairs) for Go_To_Stairs
    system_stm32f4xx.o(i.SystemCoreClockUpdate) refers to system_stm32f4xx.o(.data) for .data
    system_stm32f4xx.o(i.SystemCoreClockUpdate) refers to system_stm32f4xx.o(.constdata) for .constdata
    system_stm32f4xx.o(i.SystemInit) refers to system_stm32f4xx.o(i.SetSysClock) for SetSysClock
    ltck.o(i.Avoid_Obstacle) refers to vl53l0x_gen.o(i.vl53l0x_start_single_test) for vl53l0x_start_single_test
    ltck.o(i.Avoid_Obstacle) refers to printfa.o(i.__0printf) for __2printf
    ltck.o(i.Avoid_Obstacle) refers to f2d.o(.text) for __aeabi_f2d
    ltck.o(i.Avoid_Obstacle) refers to pid.o(i.PID_PositionCalc) for PID_PositionCalc
    ltck.o(i.Avoid_Obstacle) refers to chassis.o(i.Chassis_InverseMotionControl) for Chassis_InverseMotionControl
    ltck.o(i.Avoid_Obstacle) refers to vl53l0x.o(.bss) for avoid_data
    ltck.o(i.Avoid_Obstacle) refers to im948_cmd.o(.data) for Yaw_Angle
    ltck.o(i.Avoid_Obstacle) refers to vl53l0x_gen.o(.bss) for vl53l0x_data
    ltck.o(i.Avoid_Obstacle) refers to vl53l0x.o(.bss) for vl53l0x_dev4
    ltck.o(i.Avoid_Obstacle) refers to chassis_pid.o(.bss) for Avoid_PID
    ltck.o(i.Choose_Color) refers to ws2812.o(i.rgb_SetColor) for rgb_SetColor
    ltck.o(i.Choose_Color) refers to key.o(.data) for Key1_value
    ltck.o(i.Choose_Color) refers to ltck.o(.data) for .data
    ltck.o(i.Choose_Color) refers to ws2812.o(.constdata) for BLACK
    ltck.o(i.Go_To_Home) refers to chassis.o(i.Chassis_TurnLeft) for Chassis_TurnLeft
    ltck.o(i.Go_To_Home) refers to chassis.o(i.Chassis_MovePath) for Chassis_MovePath
    ltck.o(i.Go_To_Home) refers to chassis_path.o(.bss) for Chassis_Path_StartToHome
    ltck.o(i.Go_To_Stairs) refers to vl53l0x_gen.o(i.vl53l0x_start_single_test) for vl53l0x_start_single_test
    ltck.o(i.Go_To_Stairs) refers to chassis.o(i.Chassis_SetSpeed) for Chassis_SetSpeed
    ltck.o(i.Go_To_Stairs) refers to ltck.o(i.Avoid_Obstacle) for Avoid_Obstacle
    ltck.o(i.Go_To_Stairs) refers to chassis.o(i.Chassis_GuiWei) for Chassis_GuiWei
    ltck.o(i.Go_To_Stairs) refers to chassis.o(i.Chassis_TurnLeft) for Chassis_TurnLeft
    ltck.o(i.Go_To_Stairs) refers to chassis.o(i.Chassis_FixSpeed) for Chassis_FixSpeed
    ltck.o(i.Go_To_Stairs) refers to chassis.o(i.Chassis_Stop) for Chassis_Stop
    ltck.o(i.Go_To_Stairs) refers to delay.o(i.delay_ms) for delay_ms
    ltck.o(i.Go_To_Stairs) refers to chassis.o(i.Chassis_MoveOnce) for Chassis_MoveOnce
    ltck.o(i.Go_To_Stairs) refers to vl53l0x_gen.o(.bss) for vl53l0x_data
    ltck.o(i.Go_To_Stairs) refers to im948_cmd.o(.data) for Yaw_Angle
    ltck.o(i.Go_To_Stairs) refers to vl53l0x.o(.bss) for vl53l0x_dev4
    ltck.o(i.Go_To_Turntable) refers to delaytask.o(i.DelayTask_Add) for DelayTask_Add
    ltck.o(i.Go_To_Turntable) refers to chassis.o(i.Chassis_MovePath) for Chassis_MovePath
    ltck.o(i.Go_To_Turntable) refers to chassis.o(i.Chassis_SetSpeed) for Chassis_SetSpeed
    ltck.o(i.Go_To_Turntable) refers to delay.o(i.delay_ms) for delay_ms
    ltck.o(i.Go_To_Turntable) refers to chassis.o(i.Chassis_Stop) for Chassis_Stop
    ltck.o(i.Go_To_Turntable) refers to chassis.o(i.Chassis_MoveOnce) for Chassis_MoveOnce
    ltck.o(i.Go_To_Turntable) refers to chassis.o(i.Chassis_GuiWei) for Chassis_GuiWei
    ltck.o(i.Go_To_Turntable) refers to turnplate.o(i.Turnplate_Move) for Turnplate_Move
    ltck.o(i.Go_To_Turntable) refers to chassis_path.o(.bss) for Chassis_Path_StartToTurntable
    ltck.o(i.Go_To_Turntable) refers to im948_cmd.o(.data) for Yaw_Angle
    ltck.o(i.Go_To_Warehouse) refers to chassis.o(i.Chassis_MovePath) for Chassis_MovePath
    ltck.o(i.Go_To_Warehouse) refers to chassis_path.o(.bss) for Chassis_Path_StartToWarehouse
    ltck.o(i.LTCK_Init) refers to misc.o(i.NVIC_PriorityGroupConfig) for NVIC_PriorityGroupConfig
    ltck.o(i.LTCK_Init) refers to gray.o(i.Gray_Init) for Gray_Init
    ltck.o(i.LTCK_Init) refers to led.o(i.LED_Init) for LED_Init
    ltck.o(i.LTCK_Init) refers to infrared.o(i.Infrared_Init) for Infrared_Init
    ltck.o(i.LTCK_Init) refers to key.o(i.KEY_Init) for KEY_Init
    ltck.o(i.LTCK_Init) refers to delay.o(i.delay_init) for delay_init
    ltck.o(i.LTCK_Init) refers to uart5.o(i.uart5_init) for uart5_init
    ltck.o(i.LTCK_Init) refers to usart3.o(i.usart3_init) for usart3_init
    ltck.o(i.LTCK_Init) refers to uart4.o(i.uart4_init) for uart4_init
    ltck.o(i.LTCK_Init) refers to usart2.o(i.usart2_init) for usart2_init
    ltck.o(i.LTCK_Init) refers to usart6.o(i.usart6_init) for usart6_init
[...]
    _ll_sshift_r                             0x080007f9   Thumb Code     0  llsshr.o(.text)
    _double_round                            0x0800081d   Thumb Code    30  depilogue.o(.text)
    _double_epilogue                         0x0800083b   Thumb Code   156  depilogue.o(.text)
    __decompress                             0x080008d7   Thumb Code     0  __dczerorl2.o(.text)
    __decompress1                            0x080008d7   Thumb Code    86  __dczerorl2.o(.text)
    Avoid_Obstacle                           0x0800092d   Thumb Code   240  ltck.o(i.Avoid_Obstacle)
    BusFault_Handler                         0x08000a79   Thumb Code     2  stm32f4xx_it.o(i.BusFault_Handler)
    CAN_FilterInit                           0x08000a7d   Thumb Code   202  stm32f4xx_can.o(i.CAN_FilterInit)
    CAN_Init                                 0x08000b51   Thumb Code   260  stm32f4xx_can.o(i.CAN_Init)
    CAN_Transmit                             0x08000c55   Thumb Code   182  stm32f4xx_can.o(i.CAN_Transmit)
    CalcSum1                                 0x08000d0b   Thumb Code    22  im948_cmd.o(i.CalcSum1)
    Chassis_FixSpeed                         0x08000d21   Thumb Code    82  chassis.o(i.Chassis_FixSpeed)
    Chassis_GuiWei                           0x08000d79   Thumb Code   106  chassis.o(i.Chassis_GuiWei)
    Chassis_InverseMotionControl             0x08000df1   Thumb Code   108  chassis.o(i.Chassis_InverseMotionControl)
    Chassis_MoveOnce                         0x08000e5d   Thumb Code   178  chassis.o(i.Chassis_MoveOnce)
    Chassis_MovePath                         0x08000f1d   Thumb Code   710  chassis.o(i.Chassis_MovePath)
    Chassis_PID_Init                         0x080011f5   Thumb Code   164  chassis_pid.o(i.Chassis_PID_Init)
    Chassis_PathInit                         0x080012b5   Thumb Code   440  chassis_path.o(i.Chassis_PathInit)
    Chassis_SINAccel                         0x080014bd   Thumb Code   174  chassis.o(i.Chassis_SINAccel)
    Chassis_SetSpeed                         0x08001575   Thumb Code   164  chassis.o(i.Chassis_SetSpeed)
    Chassis_Stop                             0x0800162d   Thumb Code    16  chassis.o(i.Chassis_Stop)
    Chassis_TurnLeft                         0x08001641   Thumb Code   172  chassis.o(i.Chassis_TurnLeft)
    Choose_Color                             0x080016fd   Thumb Code   166  ltck.o(i.Choose_Color)
    Cmd_03                                   0x080017c1   Thumb Code    18  im948_cmd.o(i.Cmd_03)
    Cmd_05                                   0x080017d9   Thumb Code    18  im948_cmd.o(i.Cmd_05)
    Cmd_06                                   0x080017f1   Thumb Code    18  im948_cmd.o(i.Cmd_06)
    Cmd_08                                   0x08001809   Thumb Code    18  im948_cmd.o(i.Cmd_08)
    Cmd_12                                   0x08001821   Thumb Code    92  im948_cmd.o(i.Cmd_12)
    Cmd_16                                   0x08001881   Thumb Code    18  im948_cmd.o(i.Cmd_16)
    Cmd_19                                   0x08001899   Thumb Code    18  im948_cmd.o(i.Cmd_19)
    Cmd_GetPkt                               0x080018b1   Thumb Code   196  im948_cmd.o(i.Cmd_GetPkt)
    Cmd_PackAndTx                            0x0800197d   Thumb Code   108  im948_cmd.o(i.Cmd_PackAndTx)
    DMA1_Stream2_IRQHandler                  0x08001d1d   Thumb Code    44  cx522.o(i.DMA1_Stream2_IRQHandler)
    DMA_ClearFlag                            0x08001d51   Thumb Code    32  stm32f4xx_dma.o(i.DMA_ClearFlag)
    DMA_ClearITPendingBit                    0x08001d7d   Thumb Code    32  stm32f4xx_dma.o(i.DMA_ClearITPendingBit)
    DMA_Cmd                                  0x08001da9   Thumb Code    24  stm32f4xx_dma.o(i.DMA_Cmd)
    DMA_DeInit                               0x08001dc1   Thumb Code   278  stm32f4xx_dma.o(i.DMA_DeInit)
    DMA_GetCmdStatus                         0x08001eed   Thumb Code    14  stm32f4xx_dma.o(i.DMA_GetCmdStatus)
    DMA_GetFlagStatus                        0x08001efd   Thumb Code    40  stm32f4xx_dma.o(i.DMA_GetFlagStatus)
    DMA_GetITStatus                          0x08001f31   Thumb Code    68  stm32f4xx_dma.o(i.DMA_GetITStatus)
    DMA_ITConfig                             0x08001f85   Thumb Code    50  stm32f4xx_dma.o(i.DMA_ITConfig)
    DMA_Init                                 0x08001fb9   Thumb Code    80  stm32f4xx_dma.o(i.DMA_Init)
    DMA_SetCurrDataCounter                   0x0800200d   Thumb Code     4  stm32f4xx_dma.o(i.DMA_SetCurrDataCounter)
    DebugMon_Handler                         0x08002011   Thumb Code     2  stm32f4xx_it.o(i.DebugMon_Handler)
    DelayTask_Add                            0x08002015   Thumb Code   224  delaytask.o(i.DelayTask_Add)
    DelayTask_Times_Add                      0x080020fd   Thumb Code    86  delaytask.o(i.DelayTask_Times_Add)
    EXTI0_IRQHandler                         0x0800215d   Thumb Code    10  vl53l0x_it.o(i.EXTI0_IRQHandler)
    EXTI15_10_IRQHandler                     0x0800216d   Thumb Code    46  key.o(i.EXTI15_10_IRQHandler)
    EXTI9_5_IRQHandler                       0x080021a5   Thumb Code    90  key.o(i.EXTI9_5_IRQHandler)
    EXTI_ClearITPendingBit                   0x08002209   Thumb Code     6  stm32f4xx_exti.o(i.EXTI_ClearITPendingBit)
    EXTI_GetITStatus                         0x08002215   Thumb Code    16  stm32f4xx_exti.o(i.EXTI_GetITStatus)
    EXTI_Init                                0x08002229   Thumb Code   110  stm32f4xx_exti.o(i.EXTI_Init)
    GPIO_Init                                0x0800229d   Thumb Code   124  stm32f4xx_gpio.o(i.GPIO_Init)
    GPIO_PinAFConfig                         0x08002319   Thumb Code    32  stm32f4xx_gpio.o(i.GPIO_PinAFConfig)
    GPIO_ResetBits                           0x08002339   Thumb Code     4  stm32f4xx_gpio.o(i.GPIO_ResetBits)
    GPIO_SetBits                             0x0800233d   Thumb Code     4  stm32f4xx_gpio.o(i.GPIO_SetBits)
    Go_To_Stairs                             0x08002341   Thumb Code   294  ltck.o(i.Go_To_Stairs)
    Go_To_Turntable                          0x080024a9   Thumb Code   194  ltck.o(i.Go_To_Turntable)
    Gray_Init                                0x08002595   Thumb Code    82  gray.o(i.Gray_Init)
    HardFault_Handler                        0x080025f5   Thumb Code     2  stm32f4xx_it.o(i.HardFault_Handler)
    IM948_Init                               0x080025f9   Thumb Code   124  im948_cmd.o(i.IM948_Init)
    Infrared_Init                            0x08002679   Thumb Code    44  infrared.o(i.Infrared_Init)
    KEY_Init                                 0x080026a9   Thumb Code   174  key.o(i.KEY_Init)
    Kinematic_Analysis_Speed                 0x08002761   Thumb Code    56  control.o(i.Kinematic_Analysis_Speed)
    LED_Init                                 0x0800279d   Thumb Code    56  led.o(i.LED_Init)
    LTCK_Init                                0x080027d9   Thumb Code   272  ltck.o(i.LTCK_Init)
    MYDMA_Config                             0x0800290d   Thumb Code   120  dma.o(i.MYDMA_Config)
    MYDMA_Enable                             0x08002989   Thumb Code    44  dma.o(i.MYDMA_Enable)
    MemManage_Handler                        0x080029b5   Thumb Code     2  stm32f4xx_it.o(i.MemManage_Handler)
    Memcpy                                   0x080029b7   Thumb Code    26  im948_cmd.o(i.Memcpy)
    NMI_Handler                              0x080029d1   Thumb Code     2  stm32f4xx_it.o(i.NMI_Handler)
    NVIC_Init                                0x080029d5   Thumb Code    98  misc.o(i.NVIC_Init)
    NVIC_PriorityGroupConfig                 0x08002a3d   Thumb Code    10  misc.o(i.NVIC_PriorityGroupConfig)
    PID_PositionCalc                         0x08002a51   Thumb Code   252  pid.o(i.PID_PositionCalc)
    PID_PositionSetEkRange                   0x08002b51   Thumb Code    10  pid.o(i.PID_PositionSetEkRange)
    PID_PositionSetOUTRange                  0x08002b5b   Thumb Code    10  pid.o(i.PID_PositionSetOUTRange)
    PID_PositionSetParameter                 0x08002b65   Thumb Code    14  pid.o(i.PID_PositionSetParameter)
    PID_PositionStructureInit                0x08002b75   Thumb Code    70  pid.o(i.PID_PositionStructureInit)
    PendSV_Handler                           0x08002bc9   Thumb Code     2  stm32f4xx_it.o(i.PendSV_Handler)
    PwmServo_Init                            0x08002c51   Thumb Code    18  pwmservo.o(i.PwmServo_Init)
    RCC_AHB1PeriphClockCmd                   0x08002c69   Thumb Code    22  stm32f4xx_rcc.o(i.RCC_AHB1PeriphClockCmd)
    RCC_APB1PeriphClockCmd                   0x08002c85   Thumb Code    22  stm32f4xx_rcc.o(i.RCC_APB1PeriphClockCmd)
    RCC_APB2PeriphClockCmd                   0x08002ca1   Thumb Code    22  stm32f4xx_rcc.o(i.RCC_APB2PeriphClockCmd)
    RCC_GetClocksFreq                        0x08002cbd   Thumb Code   148  stm32f4xx_rcc.o(i.RCC_GetClocksFreq)
    RGB_BLACK                                0x08002d5d   Thumb Code    48  ws2812.o(i.RGB_BLACK)
    SPI_Cmd                                  0x08002d91   Thumb Code    24  stm32f4xx_spi.o(i.SPI_Cmd)
    SPI_I2S_DMACmd                           0x08002da9   Thumb Code    20  stm32f4xx_spi.o(i.SPI_I2S_DMACmd)
    SPI_Init                                 0x08002dbd   Thumb Code    56  stm32f4xx_spi.o(i.SPI_Init)
    SVC_Handler                              0x08002df5   Thumb Code     2  stm32f4xx_it.o(i.SVC_Handler)
    SYSCFG_EXTILineConfig                    0x08002df9   Thumb Code    38  stm32f4xx_syscfg.o(i.SYSCFG_EXTILineConfig)
    StepMotor_Init                           0x08002edd   Thumb Code    66  stepmotor.o(i.StepMotor_Init)
    StepMotor_SetSpeed                       0x08002f25   Thumb Code    40  stepmotor.o(i.StepMotor_SetSpeed)
    StepMotor_ZDTENABLE                      0x08002f51   Thumb Code    54  stepmotor.o(i.StepMotor_ZDTENABLE)
    StepMotor_ZDTSetSpeed                    0x08002f87   Thumb Code    62  stepmotor.o(i.StepMotor_ZDTSetSpeed)
    StepMotor_ZDTSyncMove                    0x08002fc5   Thumb Code    44  stepmotor.o(i.StepMotor_ZDTSyncMove)
    SysTick_CLKSourceConfig                  0x08002ff1   Thumb Code    28  misc.o(i.SysTick_CLKSourceConfig)
    SysTick_Handler                          0x0800300d   Thumb Code     2  stm32f4xx_it.o(i.SysTick_Handler)
    SystemInit                               0x08003011   Thumb Code    60  system_stm32f4xx.o(i.SystemInit)
    TIM3_PWM_Init                            0x0800305d   Thumb Code   164  pwmservo.o(i.TIM3_PWM_Init)
    TIM5_IRQHandler                          0x08003109   Thumb Code   164  stepmotor.o(i.TIM5_IRQHandler)
    TIM5_Int_Init                            0x080031b9   Thumb Code    86  timer.o(i.TIM5_Int_Init)
    TIM6_DAC_IRQHandler                      0x08003215   Thumb Code   300  control.o(i.TIM6_DAC_IRQHandler)
    TIM6_Int_Init                            0x08003379   Thumb Code    96  timer.o(i.TIM6_Int_Init)
    TIM7_IRQHandler                          0x080033dd   Thumb Code   426  delaytask.o(i.TIM7_IRQHandler)
    TIM7_Int_Init                            0x08003591   Thumb Code    98  timer.o(i.TIM7_Int_Init)
    TIM_ARRPreloadConfig                     0x080035f9   Thumb Code    24  stm32f4xx_tim.o(i.TIM_ARRPreloadConfig)
    TIM_ClearFlag                            0x08003611   Thumb Code     6  stm32f4xx_tim.o(i.TIM_ClearFlag)
    TIM_ClearITPendingBit                    0x08003617   Thumb Code     6  stm32f4xx_tim.o(i.TIM_ClearITPendingBit)
    TIM_Cmd                                  0x0800361d   Thumb Code    24  stm32f4xx_tim.o(i.TIM_Cmd)
    TIM_CtrlPWMOutputs                       0x08003635   Thumb Code    28  stm32f4xx_tim.o(i.TIM_CtrlPWMOutputs)
    TIM_GetITStatus                          0x08003651   Thumb Code    24  stm32f4xx_tim.o(i.TIM_GetITStatus)
    TIM_ITConfig                             0x08003669   Thumb Code    20  stm32f4xx_tim.o(i.TIM_ITConfig)
    TIM_InternalClockConfig                  0x0800367d   Thumb Code    10  stm32f4xx_tim.o(i.TIM_InternalClockConfig)
    TIM_OC1Init                              0x08003689   Thumb Code    96  stm32f4xx_tim.o(i.TIM_OC1Init)
    TIM_OC1PreloadConfig                     0x080036f1   Thumb Code    12  stm32f4xx_tim.o(i.TIM_OC1PreloadConfig)
    TIM_OCStructInit                         0x080036fd   Thumb Code    20  stm32f4xx_tim.o(i.TIM_OCStructInit)
    TIM_SetCompare1                          0x08003711   Thumb Code     4  stm32f4xx_tim.o(i.TIM_SetCompare1)
    TIM_TimeBaseInit                         0x08003715   Thumb Code    96  stm32f4xx_tim.o(i.TIM_TimeBaseInit)
    Turnplate_Move                           0x08003791   Thumb Code    56  turnplate.o(i.Turnplate_Move)
    Turnplate_SetPos                         0x080037cd   Thumb Code     8  turnplate.o(i.Turnplate_SetPos)
    USART2_IRQHandler                        0x080037d9   Thumb Code    60  im948_cmd.o(i.USART2_IRQHandler)
    USART3_IRQHandler                        0x08003819   Thumb Code   108  lobotdigitalservocontroller.o(i.USART3_IRQHandler)
    USART6_IRQHandler                        0x08003891   Thumb Code    66  xm1603.o(i.USART6_IRQHandler)
    USART_ClearFlag                          0x080038e1   Thumb Code     8  stm32f4xx_usart.o(i.USART_ClearFlag)
    USART_Cmd                                0x080038e9   Thumb Code    24  stm32f4xx_usart.o(i.USART_Cmd)
    USART_DMACmd                             0x08003901   Thumb Code    20  stm32f4xx_usart.o(i.USART_DMACmd)
    USART_GetFlagStatus                      0x08003915   Thumb Code    14  stm32f4xx_usart.o(i.USART_GetFlagStatus)
    USART_GetITStatus                        0x08003923   Thumb Code    64  stm32f4xx_usart.o(i.USART_GetITStatus)
    USART_ITConfig                           0x08003963   Thumb Code    54  stm32f4xx_usart.o(i.USART_ITConfig)
    USART_Init                               0x08003999   Thumb Code   180  stm32f4xx_usart.o(i.USART_Init)
    USART_ReceiveData                        0x08003a55   Thumb Code     8  stm32f4xx_usart.o(i.USART_ReceiveData)
    USART_SendData                           0x08003a5d   Thumb Code     8  stm32f4xx_usart.o(i.USART_SendData)
    UsageFault_Handler                       0x08003a65   Thumb Code     2  stm32f4xx_it.o(i.UsageFault_Handler)
    VL53L0X_All_Init                         0x08003a69   Thumb Code    42  vl53l0x.o(i.VL53L0X_All_Init)
    VL53L0X_CheckAndLoadInterruptSettings    0x08003a9d   Thumb Code   122  vl53l0x_api.o(i.VL53L0X_CheckAndLoadInterruptSettings)
    VL53L0X_ClearInterruptMask               0x08003b1d   Thumb Code    74  vl53l0x_api.o(i.VL53L0X_ClearInterruptMask)
    VL53L0X_DataInit                         0x08003b69   Thumb Code   396  vl53l0x_api.o(i.VL53L0X_DataInit)
    VL53L0X_GetDeviceInfo                    0x08003cfd   Thumb Code     4  vl53l0x_api.o(i.VL53L0X_GetDeviceInfo)
    VL53L0X_GetDeviceMode                    0x08003d01   Thumb Code    10  vl53l0x_api.o(i.VL53L0X_GetDeviceMode)
    VL53L0X_GetDeviceParameters              0x08003d0b   Thumb Code   130  vl53l0x_api.o(i.VL53L0X_GetDeviceParameters)
    VL53L0X_GetFractionEnable                0x08003d8d   Thumb Code    26  vl53l0x_api.o(i.VL53L0X_GetFractionEnable)
    VL53L0X_GetInterMeasurementPeriodMilliSeconds 0x08003da7   Thumb Code    52  vl53l0x_api.o(i.VL53L0X_GetInterMeasurementPeriodMilliSeconds)
    VL53L0X_GetInterruptMaskStatus           0x08003ddb   Thumb Code    34  vl53l0x_api.o(i.VL53L0X_GetInterruptMaskStatus)
    VL53L0X_GetInterruptThresholds           0x08003dfd   Thumb Code    54  vl53l0x_api.o(i.VL53L0X_GetInterruptThresholds)
    VL53L0X_GetLimitCheckEnable              0x08003e33   Thumb Code    26  vl53l0x_api.o(i.VL53L0X_GetLimitCheckEnable)
    VL53L0X_GetLimitCheckValue               0x08003e4d   Thumb Code   136  vl53l0x_api.o(i.VL53L0X_GetLimitCheckValue)
    VL53L0X_GetMeasurementDataReady          0x08003ed5   Thumb Code    64  vl53l0x_api.o(i.VL53L0X_GetMeasurementDataReady)
    VL53L0X_GetMeasurementTimingBudgetMicroSeconds 0x08003f15   Thumb Code     4  vl53l0x_api.o(i.VL53L0X_GetMeasurementTimingBudgetMicroSeconds)
    VL53L0X_GetOffsetCalibrationDataMicroMeter 0x08003f19   Thumb Code     4  vl53l0x_api.o(i.VL53L0X_GetOffsetCalibrationDataMicroMeter)
    VL53L0X_GetPalErrorString                0x08003f1d   Thumb Code     4  vl53l0x_api.o(i.VL53L0X_GetPalErrorString)
    VL53L0X_GetRangingMeasurementData        0x08003f21   Thumb Code   298  vl53l0x_api.o(i.VL53L0X_GetRangingMeasurementData)
    VL53L0X_GetSequenceStepEnables           0x0800404b   Thumb Code   104  vl53l0x_api.o(i.VL53L0X_GetSequenceStepEnables)
    VL53L0X_GetVcselPulsePeriod              0x080040b3   Thumb Code     4  vl53l0x_api.o(i.VL53L0X_GetVcselPulsePeriod)
    VL53L0X_GetWrapAroundCheckEnable         0x080040b7   Thumb Code    52  vl53l0x_api.o(i.VL53L0X_GetWrapAroundCheckEnable)
    VL53L0X_GetXTalkCompensationEnable       0x080040eb   Thumb Code    10  vl53l0x_api.o(i.VL53L0X_GetXTalkCompensationEnable)
    VL53L0X_GetXTalkCompensationRateMegaCps  0x080040f5   Thumb Code    48  vl53l0x_api.o(i.VL53L0X_GetXTalkCompensationRateMegaCps)
    VL53L0X_PerformRefCalibration            0x08004125   Thumb Code     6  vl53l0x_api.o(i.VL53L0X_PerformRefCalibration)
    VL53L0X_PerformRefSpadManagement         0x0800412b   Thumb Code     4  vl53l0x_api.o(i.VL53L0X_PerformRefSpadManagement)
    VL53L0X_PerformSingleMeasurement         0x0800412f   Thumb Code    50  vl53l0x_api.o(i.VL53L0X_PerformSingleMeasurement)
    VL53L0X_PerformSingleRangingMeasurement  0x08004161   Thumb Code    50  vl53l0x_api.o(i.VL53L0X_PerformSingleRangingMeasurement)
    VL53L0X_PollingDelay                     0x08004193   Thumb Code    24  vl53l0x_platform.o(i.VL53L0X_PollingDelay)
    VL53L0X_RdByte                           0x080041ab   Thumb Code    22  vl53l0x_platform.o(i.VL53L0X_RdByte)
    VL53L0X_RdDWord                          0x080041c1   Thumb Code    22  vl53l0x_platform.o(i.VL53L0X_RdDWord)
    VL53L0X_RdWord                           0x080041d7   Thumb Code    22  vl53l0x_platform.o(i.VL53L0X_RdWord)
    VL53L0X_ReadMulti                        0x080041ed   Thumb Code    30  vl53l0x_platform.o(i.VL53L0X_ReadMulti)
    VL53L0X_SetDeviceAddress                 0x0800420b   Thumb Code     8  vl53l0x_api.o(i.VL53L0X_SetDeviceAddress)
    VL53L0X_SetDeviceMode                    0x08004213   Thumb Code    36  vl53l0x_api.o(i.VL53L0X_SetDeviceMode)
    VL53L0X_SetGpioConfig                    0x08004237   Thumb Code   360  vl53l0x_api.o(i.VL53L0X_SetGpioConfig)
    VL53L0X_SetLimitCheckEnable              0x0800439f   Thumb Code   148  vl53l0x_api.o(i.VL53L0X_SetLimitCheckEnable)
    VL53L0X_SetLimitCheckValue               0x08004433   Thumb Code    90  vl53l0x_api.o(i.VL53L0X_SetLimitCheckValue)
    VL53L0X_SetMeasurementTimingBudgetMicroSeconds 0x0800448d   Thumb Code     4  vl53l0x_api.o(i.VL53L0X_SetMeasurementTimingBudgetMicroSeconds)
    VL53L0X_SetOffsetCalibrationDataMicroMeter 0x08004491   Thumb Code     4  vl53l0x_api.o(i.VL53L0X_SetOffsetCalibrationDataMicroMeter)
    VL53L0X_SetRefCalibration                0x08004495   Thumb Code     4  vl53l0x_api.o(i.VL53L0X_SetRefCalibration)
    VL53L0X_SetReferenceSpads                0x08004499   Thumb Code     4  vl53l0x_api.o(i.VL53L0X_SetReferenceSpads)
    VL53L0X_SetSequenceStepEnable            0x0800449d   Thumb Code   180  vl53l0x_api.o(i.VL53L0X_SetSequenceStepEnable)
    VL53L0X_SetVcselPulsePeriod              0x08004551   Thumb Code     4  vl53l0x_api.o(i.VL53L0X_SetVcselPulsePeriod)
    VL53L0X_SetXTalkCompensationRateMegaCps  0x08004555   Thumb Code    52  vl53l0x_api.o(i.VL53L0X_SetXTalkCompensationRateMegaCps)
    VL53L0X_StartMeasurement                 0x08004589   Thumb Code   236  vl53l0x_api.o(i.VL53L0X_StartMeasurement)
    VL53L0X_StaticInit                       0x08004675   Thumb Code   402  vl53l0x_api.o(i.VL53L0X_StaticInit)
    VL53L0X_UpdateByte                       0x0800480d   Thumb Code    68  vl53l0x_platform.o(i.VL53L0X_UpdateByte)
    VL53L0X_WrByte                           0x08004851   Thumb Code    22  vl53l0x_platform.o(i.VL53L0X_WrByte)
    VL53L0X_WrWord                           0x08004867   Thumb Code    22  vl53l0x_platform.o(i.VL53L0X_WrWord)
    VL53L0X_WriteMulti                       0x0800487d   Thumb Code    30  vl53l0x_platform.o(i.VL53L0X_WriteMulti)
    VL53L0X_calc_dmax                        0x0800489d   Thumb Code   216  vl53l0x_api_core.o(i.VL53L0X_calc_dmax)
    VL53L0X_calc_macro_period_ps             0x08004979   Thumb Code    16  vl53l0x_api_core.o(i.VL53L0X_calc_macro_period_ps)
    VL53L0X_calc_sigma_estimate              0x08004989   Thumb Code   560  vl53l0x_api_core.o(i.VL53L0X_calc_sigma_estimate)
    VL53L0X_calc_timeout_mclks               0x08004bc5   Thumb Code    34  vl53l0x_api_core.o(i.VL53L0X_calc_timeout_mclks)
    VL53L0X_calc_timeout_us                  0x08004be7   Thumb Code    34  vl53l0x_api_core.o(i.VL53L0X_calc_timeout_us)
    VL53L0X_check_part_used                  0x08004c09   Thumb Code    62  vl53l0x_api_strings.o(i.VL53L0X_check_part_used)
    VL53L0X_decode_timeout                   0x08004c47   Thumb Code    12  vl53l0x_api_core.o(i.VL53L0X_decode_timeout)
    VL53L0X_decode_vcsel_period              0x08004c53   Thumb Code     8  vl53l0x_api_core.o(i.VL53L0X_decode_vcsel_period)
    VL53L0X_device_read_strobe               0x08004c5b   Thumb Code    74  vl53l0x_api_core.o(i.VL53L0X_device_read_strobe)
    VL53L0X_encode_timeout                   0x08004ca5   Thumb Code    32  vl53l0x_api_core.o(i.VL53L0X_encode_timeout)
    VL53L0X_encode_vcsel_period              0x08004cc5   Thumb Code    10  vl53l0x_api_core.o(i.VL53L0X_encode_vcsel_period)
    VL53L0X_get_device_info                  0x08004cd1   Thumb Code   134  vl53l0x_api_strings.o(i.VL53L0X_get_device_info)
    VL53L0X_get_info_from_device             0x08004d9d   Thumb Code  1310  vl53l0x_api_core.o(i.VL53L0X_get_info_from_device)
    VL53L0X_get_measurement_timing_budget_micro_seconds 0x080052bb   Thumb Code   196  vl53l0x_api_core.o(i.VL53L0X_get_measurement_timing_budget_micro_seconds)
    VL53L0X_get_offset_calibration_data_micro_meter 0x0800537f   Thumb Code    58  vl53l0x_api_calibration.o(i.VL53L0X_get_offset_calibration_data_micro_meter)
    VL53L0X_get_pal_error_string             0x080053b9   Thumb Code   248  vl53l0x_api_strings.o(i.VL53L0X_get_pal_error_string)
    VL53L0X_get_pal_range_status             0x08005651   Thumb Code   504  vl53l0x_api_core.o(i.VL53L0X_get_pal_range_status)
    VL53L0X_get_total_signal_rate            0x08005849   Thumb Code    28  vl53l0x_api_core.o(i.VL53L0X_get_total_signal_rate)
    VL53L0X_get_total_xtalk_rate             0x08005865   Thumb Code    46  vl53l0x_api_core.o(i.VL53L0X_get_total_xtalk_rate)
    VL53L0X_get_vcsel_pulse_period           0x08005893   Thumb Code    58  vl53l0x_api_core.o(i.VL53L0X_get_vcsel_pulse_period)
    VL53L0X_i2c_init                         0x080058cd   Thumb Code   198  vl53l0x_i2c.o(i.VL53L0X_i2c_init)
    VL53L0X_isqrt                            0x080059a1   Thumb Code    42  vl53l0x_api_core.o(i.VL53L0X_isqrt)
    VL53L0X_load_tuning_settings             0x080059cb   Thumb Code   168  vl53l0x_api_core.o(i.VL53L0X_load_tuning_settings)
    VL53L0X_measurement_poll_for_completion  0x08005a73   Thumb Code    52  vl53l0x_api_core.o(i.VL53L0X_measurement_poll_for_completion)
    VL53L0X_perform_phase_calibration        0x08005aa7   Thumb Code   112  vl53l0x_api_calibration.o(i.VL53L0X_perform_phase_calibration)
    VL53L0X_perform_ref_calibration          0x08005b17   Thumb Code    64  vl53l0x_api_calibration.o(i.VL53L0X_perform_ref_calibration)
    VL53L0X_perform_ref_spad_management      0x08005b57   Thumb Code   594  vl53l0x_api_calibration.o(i.VL53L0X_perform_ref_spad_management)
    VL53L0X_perform_single_ref_calibration   0x08005da9   Thumb Code    54  vl53l0x_api_calibration.o(i.VL53L0X_perform_single_ref_calibration)
    VL53L0X_perform_vhv_calibration          0x08005ddf   Thumb Code   120  vl53l0x_api_calibration.o(i.VL53L0X_perform_vhv_calibration)
    VL53L0X_read_byte                        0x08005e57   Thumb Code     6  vl53l0x_i2c.o(i.VL53L0X_read_byte)
    VL53L0X_read_dword                       0x08005e5d   Thumb Code    44  vl53l0x_i2c.o(i.VL53L0X_read_dword)
    VL53L0X_read_multi                       0x08005e89   Thumb Code    22  vl53l0x_i2c.o(i.VL53L0X_read_multi)
    VL53L0X_read_word                        0x08005e9f   Thumb Code    28  vl53l0x_i2c.o(i.VL53L0X_read_word)
    VL53L0X_ref_calibration_io               0x08005ebb   Thumb Code   180  vl53l0x_api_calibration.o(i.VL53L0X_ref_calibration_io)
    VL53L0X_set_measurement_timing_budget_micro_seconds 0x08005f6f   Thumb Code   222  vl53l0x_api_core.o(i.VL53L0X_set_measurement_timing_budget_micro_seconds)
    VL53L0X_set_offset_calibration_data_micro_meter 0x0800604d   Thumb Code    46  vl53l0x_api_calibration.o(i.VL53L0X_set_offset_calibration_data_micro_meter)
    VL53L0X_set_ref_calibration              0x08006085   Thumb Code    32  vl53l0x_api_calibration.o(i.VL53L0X_set_ref_calibration)
    VL53L0X_set_reference_spads              0x080060a5   Thumb Code   170  vl53l0x_api_calibration.o(i.VL53L0X_set_reference_spads)
    VL53L0X_set_vcsel_pulse_period           0x0800614f   Thumb Code   730  vl53l0x_api_core.o(i.VL53L0X_set_vcsel_pulse_period)
    VL53L0X_write_byte                       0x08006429   Thumb Code    12  vl53l0x_i2c.o(i.VL53L0X_write_byte)
    VL53L0X_write_multi                      0x08006435   Thumb Code    22  vl53l0x_i2c.o(i.VL53L0X_write_multi)
    VL53L0X_write_word                       0x0800644b   Thumb Code    60  vl53l0x_i2c.o(i.VL53L0X_write_word)
    VL_IIC_Ack                               0x08006489   Thumb Code    34  vl53l0x_i2c.o(i.VL_IIC_Ack)
    VL_IIC_NAck                              0x080064b1   Thumb Code    34  vl53l0x_i2c.o(i.VL_IIC_NAck)
    VL_IIC_Read_Byte                         0x080064d9   Thumb Code    86  vl53l0x_i2c.o(i.VL_IIC_Read_Byte)
    VL_IIC_Read_nByte                        0x08006535   Thumb Code   106  vl53l0x_i2c.o(i.VL_IIC_Read_nByte)
    VL_IIC_Send_Byte                         0x080065a1   Thumb Code    80  vl53l0x_i2c.o(i.VL_IIC_Send_Byte)
    VL_IIC_Start                             0x080065f5   Thumb Code    34  vl53l0x_i2c.o(i.VL_IIC_Start)
    VL_IIC_Stop                              0x0800661d   Thumb Code    36  vl53l0x_i2c.o(i.VL_IIC_Stop)
    VL_IIC_Wait_Ack                          0x08006645   Thumb Code    64  vl53l0x_i2c.o(i.VL_IIC_Wait_Ack)
    VL_IIC_Write_nByte                       0x08006689   Thumb Code    76  vl53l0x_i2c.o(i.VL_IIC_Write_nByte)
    VL_SDA_IN                                0x080066d5   Thumb Code    38  vl53l0x_i2c.o(i.VL_SDA_IN)
    VL_SDA_OUT                               0x08006701   Thumb Code    36  vl53l0x_i2c.o(i.VL_SDA_OUT)
    WS2812b_Configuration                    0x08006729   Thumb Code   174  ws2812.o(i.WS2812b_Configuration)
    XM1603_Init                              0x080067e5   Thumb Code   114  xm1603.o(i.XM1603_Init)
    XM1603_Write_Boud                        0x0800685d   Thumb Code    44  xm1603.o(i.XM1603_Write_Boud)
    XM1603_Write_Byte                        0x0800688d   Thumb Code    54  xm1603.o(i.XM1603_Write_Byte)
    __0printf                                0x080068c9   Thumb Code    22  printfa.o(i.__0printf)
    __1printf                                0x080068c9   Thumb Code     0  printfa.o(i.__0printf)
    __2printf                                0x080068c9   Thumb Code     0  printfa.o(i.__0printf)
    __c89printf                              0x080068c9   Thumb Code     0  printfa.o(i.__0printf)
    printf                                   0x080068c9   Thumb Code     0  printfa.o(i.__0printf)
    __ARM_fpclassifyf                        0x080068e9   Thumb Code    38  fpclassifyf.o(i.__ARM_fpclassifyf)
    __hardfp_cosf                            0x08006911   Thumb Code   280  cosf.o(i.__hardfp_cosf)
    __hardfp_sinf                            0x08006a61   Thumb Code   344  sinf.o(i.__hardfp_sinf)
    __hardfp_sqrt                            0x08006bf1   Thumb Code   122  sqrt.o(i.__hardfp_sqrt)
    __mathlib_flt_infnan                     0x08006c6b   Thumb Code     6  funder.o(i.__mathlib_flt_infnan)
    __mathlib_flt_invalid                    0x08006c71   Thumb Code    10  funder.o(i.__mathlib_flt_invalid)
    __mathlib_flt_underflow                  0x08006c81   Thumb Code    10  funder.o(i.__mathlib_flt_underflow)
    __mathlib_rredf2                         0x08006c91   Thumb Code   316  rredf.o(i.__mathlib_rredf2)
    __scatterload_copy                       0x08006de5   Thumb Code    14  handlers.o(i.__scatterload_copy)
    __scatterload_null                       0x08006df3   Thumb Code     2  handlers.o(i.__scatterload_null)
    __scatterload_zeroinit                   0x08006df5   Thumb Code    14  handlers.o(i.__scatterload_zeroinit)
    __set_errno                              0x08006e05   Thumb Code     6  errno.o(i.__set_errno)
    can_SendCmd                              0x080076c5   Thumb Code   232  can.o(i.can_SendCmd)
    can_init                                 0x080077b5   Thumb Code   244  can.o(i.can_init)
    cx522_Init                               0x080078b1   Thumb Code    36  cx522.o(i.cx522_Init)
    cx522_ProcessData                        0x080078dd   Thumb Code    18  cx522.o(i.cx522_ProcessData)
    delay_init                               0x080078f5   Thumb Code    38  delay.o(i.delay_init)
    delay_ms                                 0x08007921   Thumb Code    52  delay.o(i.delay_ms)
    delay_us                                 0x08007955   Thumb Code    46  delay.o(i.delay_us)
    delay_xms                                0x08007989   Thumb Code    46  delay.o(i.delay_xms)
    enable_ref_spads                         0x080079bd   Thumb Code   148  vl53l0x_api_calibration.o(i.enable_ref_spads)
    enable_spad_bit                          0x08007a51   Thumb Code    42  vl53l0x_api_calibration.o(i.enable_spad_bit)
    fputc                                    0x08007a7d   Thumb Code    14  uart5.o(i.fputc)
    free                                     0x08007a91   Thumb Code    76  malloc.o(i.free)
    get_next_good_spad                       0x08007ae1   Thumb Code    82  vl53l0x_api_calibration.o(i.get_next_good_spad)
    get_ref_spad_map                         0x08007b33   Thumb Code    10  vl53l0x_api_calibration.o(i.get_ref_spad_map)
    get_sequence_step_timeout                0x08007b3d   Thumb Code   282  vl53l0x_api_core.o(i.get_sequence_step_timeout)
    is_aperture                              0x08007c59   Thumb Code    20  vl53l0x_api_calibration.o(i.is_aperture)
    main                                     0x08007c71   Thumb Code    18  main.o(i.main)
    malloc                                   0x08007c85   Thumb Code    92  malloc.o(i.malloc)
    perform_ref_signal_measurement           0x08007cf1   Thumb Code    94  vl53l0x_api_calibration.o(i.perform_ref_signal_measurement)
    print_pal_error                          0x08007d4f   Thumb Code    14  vl53l0x.o(i.print_pal_error)
    rgb_SendArray                            0x08007d5d   Thumb Code    50  ws2812.o(i.rgb_SendArray)
    rgb_SetColor                             0x08007d9d   Thumb Code    16  ws2812.o(i.rgb_SetColor)
    rgb_WriteColor                           0x08007dad   Thumb Code   124  ws2812.o(i.rgb_WriteColor)
    sequence_step_enabled                    0x08007e2d   Thumb Code    66  vl53l0x_api.o(i.sequence_step_enabled)
    set_ref_spad_map                         0x08007e6f   Thumb Code    10  vl53l0x_api_calibration.o(i.set_ref_spad_map)
    set_sequence_step_timeout                0x08007e79   Thumb Code   278  vl53l0x_api_core.o(i.set_sequence_step_timeout)
    uart2_WriteBuf                           0x08007f91   Thumb Code    34  usart2.o(i.uart2_WriteBuf)
    uart4_init                               0x08007fb9   Thumb Code   166  uart4.o(i.uart4_init)
    uart5_init                               0x08008069   Thumb Code   170  uart5.o(i.uart5_init)
    uart6_WriteBuf                           0x08008121   Thumb Code    34  usart6.o(i.uart6_WriteBuf)
    usart2_init                              0x08008149   Thumb Code   168  usart2.o(i.usart2_init)
    usart3_init                              0x080081f9   Thumb Code   164  usart3.o(i.usart3_init)
    usart6_init                              0x080082a5   Thumb Code   172  usart6.o(i.usart6_init)
    vl53l0x_Addr_set                         0x08008359   Thumb Code    98  vl53l0x.o(i.vl53l0x_Addr_set)
    vl53l0x_init                             0x080083bd   Thumb Code   212  vl53l0x.o(i.vl53l0x_init)
    vl53l0x_set_mode                         0x080084a5   Thumb Code   302  vl53l0x_gen.o(i.vl53l0x_set_mode)
    vl53l0x_start_single_test                0x080085e1   Thumb Code    30  vl53l0x_gen.o(i.vl53l0x_start_single_test)
    RED                                      0x0800866f   Data           3  ws2812.o(.constdata)
    GREEN                                    0x08008672   Data           3  ws2812.o(.constdata)
    BLUE                                     0x08008675   Data           3  ws2812.o(.constdata)
    SKY                                      0x08008678   Data           3  ws2812.o(.constdata)
    MAGENTA                                  0x0800867b   Data           3  ws2812.o(.constdata)
    YELLOW                                   0x0800867e   Data           3  ws2812.o(.constdata)
    ORANGE                                   0x08008681   Data           3  ws2812.o(.constdata)
    BLACK                                    0x08008684   Data           3  ws2812.o(.constdata)
    WHITE                                    0x08008687   Data           3  ws2812.o(.constdata)
    PURPLE                                   0x0800868a   Data           3  ws2812.o(.constdata)
    Region$$Table$$Base                      0x080086b0   Number         0  anon$$obj.o(Region$$Table)
    Region$$Table$$Limit                     0x080086d0   Number         0  anon$$obj.o(Region$$Table)
    Start_init                               0x20000000   Data           1  ltck.o(.data)
    Selected_Color                           0x20000001   Data           1  ltck.o(.data)
    QR_allow                                 0x20000002   Data           1  xm1603.o(.data)
    QR_code                                  0x20000003   Data           1  xm1603.o(.data)
    targetDeviceAddress                      0x20000004   Data           1  im948_cmd.o(.data)
    im948_ctl                                0x20000005   Data           1  im948_cmd.o(.data)
    Yaw_Angle                                0x2000000c   Data           4  im948_cmd.o(.data)
    Move_X                                   0x20000010   Data           4  im948_cmd.o(.data)
    Move_Y                                   0x20000014   Data           4  im948_cmd.o(.data)
    Run_Mode                                 0x20000018   Data           1  control.o(.data)
    ace                                      0x2000001a   Data           2  control.o(.data)
    Position_P_Yaw                           0x2000001c   Data           4  control.o(.data)
    Position_I_Yaw                           0x20000020   Data           4  control.o(.data)
    Position_D_Yaw                           0x20000024   Data           4  control.o(.data)
    pwm_4000                                 0x20000028   Data           4  control.o(.data)
    Target_gyroz                             0x20000040   Data           4  control.o(.data)
    Target_Position_LF                       0x20000044   Data           4  control.o(.data)
    Target_Position_RF                       0x20000048   Data           4  control.o(.data)
    Target_Position_LB                       0x2000004c   Data           4  control.o(.data)
    Target_Position_RB                       0x20000050   Data           4  control.o(.data)
    Target_LB                                0x20000054   Data           4  control.o(.data)
    Target_LF                                0x20000058   Data           4  control.o(.data)
    Target_RF                                0x2000005c   Data           4  control.o(.data)
    Target_RB                                0x20000060   Data           4  control.o(.data)
    Motor_PWM_LF                             0x20000064   Data           4  control.o(.data)
    Motor_PWM_RF                             0x20000068   Data           4  control.o(.data)
    Motor_PWM_LB                             0x2000006c   Data           4  control.o(.data)
    Motor_PWM_RB                             0x20000070   Data           4  control.o(.data)
    PWM_LF                                   0x20000074   Data           4  control.o(.data)
    PWM_RF                                   0x20000078   Data           4  control.o(.data)
    PWM_LB                                   0x2000007c   Data           4  control.o(.data)
    PWM_RB                                   0x20000080   Data           4  control.o(.data)
    out_time                                 0x20000084   Data           4  movement.o(.data)
    Target_Vx_Speed                          0x20000088   Data           4  movement.o(.data)
    Target_Vy_Speed                          0x2000008c   Data           4  movement.o(.data)
    Target_W_Speed                           0x20000090   Data           4  movement.o(.data)
    Target_W_Bias                            0x20000094   Data           4  movement.o(.data)
    AjustOK                                  0x20000098   Data           1  vl53l0x.o(.data)
    Mode_data                                0x20000099   Data          56  vl53l0x.o(.data)
    DefaultTuningSettings                    0x200000d1   Data         243  vl53l0x_api.o(.data)
    InterruptThresholdSettings               0x200001c4   Data         438  vl53l0x_api.o(.data)
    refArrayQuadrants                        0x2000037c   Data          16  vl53l0x_api_calibration.o(.data)
    alarm_flag                               0x2000038c   Data           1  vl53l0x_it.o(.data)
    AlarmModes                               0x20000390   Data          12  vl53l0x_it.o(.data)
    Key1_value                               0x2000039c   Data           1  key.o(.data)
    Key2_value                               0x2000039d   Data           1  key.o(.data)
    Key3_value                               0x2000039e   Data           1  key.o(.data)
    DelayTask_Num                            0x200003a0   Data           2  delaytask.o(.data)
    DelayTask_Add_Flag                       0x200003a2   Data           2  delaytask.o(.data)
    p_head                                   0x200003a4   Data           4  delaytask.o(.data)
    p_tail                                   0x200003a8   Data           4  delaytask.o(.data)
    p_move                                   0x200003ac   Data           4  delaytask.o(.data)
    isActionGroupCompleted                   0x200003b0   Data           1  lobotdigitalservocontroller.o(.data)
    LobotRxIdx                               0x200003b1   Data           1  lobotdigitalservocontroller.o(.data)
    LobotRxDataLen                           0x200003b2   Data           1  lobotdigitalservocontroller.o(.data)
    last_pos                                 0x200003b4   Data           2  lobotdigitalservocontroller.o(.data)
    kv                                       0x200003b6   Data           2  lobotdigitalservocontroller.o(.data)
    Hole_Idx                                 0x200003bc   Data           1  turnplate.o(.data)
    Hole_Now_Idx                             0x200003bd   Data           1  turnplate.o(.data)
    last_Idx                                 0x200003be   Data           1  turnplate.o(.data)
    wait_time                                0x200003c0   Data           2  turnplate.o(.data)
    idx_bias                                 0x200003c4   Data           4  turnplate.o(.data)
    HoleArr                                  0x200003c8   Data          40  turnplate.o(.data)
    __stdout                                 0x200003f4   Data           4  uart5.o(.data)
    __microlib_freelist                      0x20000408   Data           4  mvars.o(.data)
    __microlib_freelist_initialised          0x2000040c   Data           4  mvars.o(.data)
    cx522_rxbuf                              0x20000414   Data          50  cx522.o(.bss)
    XM1603_TxBuf                             0x20000446   Data         128  xm1603.o(.bss)
    avoid_data                               0x20000514   Data          20  vl53l0x.o(.bss)
    vl53l0x_dev                              0x20000528   Data         352  vl53l0x.o(.bss)
    vl53l0x_dev2                             0x20000688   Data         352  vl53l0x.o(.bss)
    vl53l0x_dev4                             0x200007e8   Data         352  vl53l0x.o(.bss)
    vl53l0x_dev_info                         0x20000948   Data          99  vl53l0x.o(.bss)
    Vl53l0x_adjust                           0x200009ab   Data          24  vl53l0x_cali.o(.bss)
    Vl53l0x_data                             0x200009c3   Data          24  vl53l0x_cali.o(.bss)
    vl53l0x_data                             0x200009dc   Data          28  vl53l0x_gen.o(.bss)
    pixelBuffer                              0x200009f8   Data          96  ws2812.o(.bss)
    DelayTask_Add_Arr                        0x20000a58   Data         400  delaytask.o(.bss)
    LobotTxBuf                               0x20000be8   Data         128  lobotdigitalservocontroller.o(.bss)
    LobotRxBuf                               0x20000c68   Data          16  lobotdigitalservocontroller.o(.bss)
    Chassis_PathPoint_StartToTurntable       0x20000c78   Data          40  chassis_path.o(.bss)
    Chassis_Path_StartToTurntable            0x20000ca0   Data          12  chassis_path.o(.bss)
    Chassis_PathPoint_StartToStairs          0x20000cac   Data          80  chassis_path.o(.bss)
    Chassis_Path_StartToStairs               0x20000cfc   Data          12  chassis_path.o(.bss)
    Chassis_PathPoint_StartToWarehouse       0x20000d08   Data          80  chassis_path.o(.bss)
    Chassis_Path_StartToWarehouse            0x20000d58   Data          12  chassis_path.o(.bss)
    Chassis_PathPoint_StartToHome            0x20000d64   Data          40  chassis_path.o(.bss)
    Chassis_Path_StartToHome                 0x20000d8c   Data          12  chassis_path.o(.bss)
    Chassis_AnglePID                         0x20000d98   Data          84  chassis_pid.o(.bss)
    Avoid_PID                                0x20000dec   Data          84  chassis_pid.o(.bss)
    StepMotor_Target                         0x20000e40   Data          48  stepmotor.o(.bss)
    can                                      0x20000e70   Data          44  can.o(.bss)
    __heap_base                              0x20000ea0   Data           0  startup_stm32f40_41xxx.o(HEAP)
    __heap_limit                             0x200010a0   Data           0  startup_stm32f40_41xxx.o(HEAP)
    __initial_sp                             0x200014a0   Data           0  startup_stm32f40_41xxx.o(STACK)



==============================================================================

Memory Map of the image

  Image Entry point : 0x08000189

  Load Region LR_IROM1 (Base: 0x08000000, Size: 0x00008ae4, Max: 0x00100000, ABSOLUTE, COMPRESSED[0x000089d0])

    Execution Region ER_IROM1 (Exec base: 0x08000000, Load base: 0x08000000, Size: 0x000086d0, Max: 0x00100000, ABSOLUTE)

    Exec Addr    Load Addr    Size         Type   Attr      Idx    E Section Name        Object

    0x08000000   0x08000000   0x00000188   Data   RO         3881    RESET               startup_stm32f40_41xxx.o
    0x08000188   0x08000188   0x00000000   Code   RO         8521  * .ARM.Collect$$$$00000000  mc_w.l(entry.o)
    0x08000188   0x08000188   0x00000004   Code   RO         8848    .ARM.Collect$$$$00000001  mc_w.l(entry2.o)
    0x0800018c   0x0800018c   0x00000004   Code   RO         8851    .ARM.Collect$$$$00000004  mc_w.l(entry5.o)
    0x08000190   0x08000190   0x00000000   Code   RO         8853    .ARM.Collect$$$$00000008  mc_w.l(entry7b.o)
    0x08000190   0x08000190   0x00000000   Code   RO         8855    .ARM.Collect$$$$0000000A  mc_w.l(entry8b.o)
    0x08000190   0x08000190   0x00000008   Code   RO         8856    .ARM.Collect$$$$0000000B  mc_w.l(entry9a.o)
    0x08000198   0x08000198   0x00000000   Code   RO         8858    .ARM.Collect$$$$0000000D  mc_w.l(entry10a.o)
    0x08000198   0x08000198   0x00000000   Code   RO         8860    .ARM.Collect$$$$0000000F  mc_w.l(entry11a.o)
    0x08000198   0x08000198   0x00000004   Code   RO         8849    .ARM.Collect$$$$00002712  mc_w.l(entry2.o)
    0x0800019c   0x0800019c   0x00000024   Code   RO         3882    .text               startup_stm32f40_41xxx.o
    0x080001c0   0x080001c0   0x00000062   Code   RO         8524    .text               mc_w.l(uldiv.o)
    0x08000222   0x08000222   0x00000024   Code   RO         8526    .text               mc_w.l(memcpya.o)
    0x08000246   0x08000246   0x00000024   Code   RO         8528    .text               mc_w.l(memseta.o)
    0x0800026a   0x0800026a   0x0000000e   Code   RO         8530    .text               mc_w.l(strlen.o)
    0x08000278   0x08000278   0x00000012   Code   RO         8532    .text               mc_w.l(strcpy.o)
    0x0800028a   0x0800028a   0x00000026   Code   RO         8825    .text               mf_w.l(f2d.o)
    0x080002b0   0x080002b0   0x00000038   Code   RO         8827    .text               mf_w.l(d2f.o)
    0x080002e8   0x080002e8   0x0000002c   Code   RO         8862    .text               mc_w.l(uidiv.o)
    0x08000314   0x08000314   0x0000001e   Code   RO         8864    .text               mc_w.l(llshl.o)
    0x08000332   0x08000332   0x00000020   Code   RO         8866    .text               mc_w.l(llushr.o)
    0x08000352   0x08000352   0x00000000   Code   RO         8877    .text               mc_w.l(iusefp.o)
    0x08000352   0x08000352   0x0000006e   Code   RO         8878    .text               mf_w.l(fepilogue.o)
    0x080003c0   0x080003c0   0x0000014e   Code   RO         8880    .text               mf_w.l(dadd.o)
    0x0800050e   0x0800050e   0x000000e4   Code   RO         8882    .text               mf_w.l(dmul.o)
    0x080005f2   0x080005f2   0x000000de   Code   RO         8884    .text               mf_w.l(ddiv.o)
    0x080006d0   0x080006d0   0x000000a2   Code   RO         8886    .text               mf_w.l(dsqrt.o)
    0x08000772   0x08000772   0x00000030   Code   RO         8888    .text               mf_w.l(dfixul.o)
    0x080007a2   0x080007a2   0x00000002   PAD
    0x080007a4   0x080007a4   0x00000030   Code   RO         8892    .text               mf_w.l(cdrcmple.o)
    0x080007d4   0x080007d4   0x00000024   Code   RO         8894    .text               mc_w.l(init.o)
    0x080007f8   0x080007f8   0x00000024   Code   RO         8896    .text               mc_w.l(llsshr.o)
    0x0800081c   0x0800081c   0x000000ba   Code   RO         8898    .text               mf_w.l(depilogue.o)
    0x080008d6   0x080008d6   0x00000056   Code   RO         8908    .text               mc_w.l(__dczerorl2.o)
    0x0800092c   0x0800092c   0x0000014c   Code   RO          414    i.Avoid_Obstacle    ltck.o
    0x08000a78   0x08000a78   0x00000002   Code   RO          304    i.BusFault_Handler  stm32f4xx_it.o
    0x08000a7a   0x08000a7a   0x00000002   PAD
    0x08000a7c   0x08000a7c   0x000000d4   Code   RO         4180    i.CAN_FilterInit    stm32f4xx_can.o
    0x08000b50   0x08000b50   0x00000104   Code   RO         4187    i.CAN_Init          stm32f4xx_can.o
    0x08000c54   0x08000c54   0x000000b6   Code   RO         4195    i.CAN_Transmit      stm32f4xx_can.o
    0x08000d0a   0x08000d0a   0x00000016   Code   RO          667    i.CalcSum1          im948_cmd.o
    0x08000d20   0x08000d20   0x00000058   Code   RO         3141    i.Chassis_FixSpeed  chassis.o
    0x08000d78   0x08000d78   0x00000078   Code   RO         3142    i.Chassis_GuiWei    chassis.o
    0x08000df0   0x08000df0   0x0000006c   Code   RO         3143    i.Chassis_InverseMotionControl  chassis.o
    0x08000e5c   0x08000e5c   0x000000c0   Code   RO         3145    i.Chassis_MoveOnce  chassis.o
    0x08000f1c   0x08000f1c   0x000002d8   Code   RO         3147    i.Chassis_MovePath  chassis.o
    0x080011f4   0x080011f4   0x000000c0   Code   RO         3261    i.Chassis_PID_Init  chassis_pid.o
    0x080012b4   0x080012b4   0x00000208   Code   RO         3231    i.Chassis_PathInit  chassis_path.o
    0x080014bc   0x080014bc   0x000000b8   Code   RO         3148    i.Chassis_SINAccel  chassis.o
    0x08001574   0x08001574   0x000000b8   Code   RO         3149    i.Chassis_SetSpeed  chassis.o
    0x0800162c   0x0800162c   0x00000014   Code   RO         3150    i.Chassis_Stop      chassis.o
    0x08001640   0x08001640   0x000000bc   Code   RO         3151    i.Chassis_TurnLeft  chassis.o
    0x080016fc   0x080016fc   0x000000c4   Code   RO          415    i.Choose_Color      ltck.o
    0x080017c0   0x080017c0   0x00000018   Code   RO          669    i.Cmd_03            im948_cmd.o
    0x080017d8   0x080017d8   0x00000018   Code   RO          671    i.Cmd_05            im948_cmd.o
    0x080017f0   0x080017f0   0x00000018   Code   RO          672    i.Cmd_06            im948_cmd.o
    0x08001808   0x08001808   0x00000018   Code   RO          674    i.Cmd_08            im948_cmd.o
    0x08001820   0x08001820   0x00000060   Code   RO          677    i.Cmd_12            im948_cmd.o
    0x08001880   0x08001880   0x00000018   Code   RO          681    i.Cmd_16            im948_cmd.o
    0x08001898   0x08001898   0x00000018   Code   RO          684    i.Cmd_19            im948_cmd.o
    0x080018b0   0x080018b0   0x000000cc   Code   RO          708    i.Cmd_GetPkt        im948_cmd.o
    0x0800197c   0x0800197c   0x00000074   Code   RO          709    i.Cmd_PackAndTx     im948_cmd.o
    0x080019f0   0x080019f0   0x00000324   Code   RO          710    i.Cmd_RxUnpack      im948_cmd.o
    0x08001d14   0x08001d14   0x00000006   Code   RO          711    i.Cmd_Write         im948_cmd.o
    0x08001d1a   0x08001d1a   0x00000002   PAD
    0x08001d1c   0x08001d1c   0x00000034   Code   RO          555    i.DMA1_Stream2_IRQHandler  cx522.o
    0x08001d50   0x08001d50   0x0000002c   Code   RO         4875    i.DMA_ClearFlag     stm32f4xx_dma.o
    0x08001d7c   0x08001d7c   0x0000002c   Code   RO         4876    i.DMA_ClearITPendingBit  stm32f4xx_dma.o
    0x08001da8   0x08001da8   0x00000018   Code   RO         4877    i.DMA_Cmd           stm32f4xx_dma.o
    0x08001dc0   0x08001dc0   0x0000012c   Code   RO         4878    i.DMA_DeInit        stm32f4xx_dma.o
    0x08001eec   0x08001eec   0x0000000e   Code   RO         4882    i.DMA_GetCmdStatus  stm32f4xx_dma.o
    0x08001efa   0x08001efa   0x00000002   PAD
    0x08001efc   0x08001efc   0x00000034   Code   RO         4886    i.DMA_GetFlagStatus  stm32f4xx_dma.o
    0x08001f30   0x08001f30   0x00000054   Code   RO         4887    i.DMA_GetITStatus   stm32f4xx_dma.o
    0x08001f84   0x08001f84   0x00000032   Code   RO         4888    i.DMA_ITConfig      stm32f4xx_dma.o
    0x08001fb6   0x08001fb6   0x00000002   PAD
    0x08001fb8   0x08001fb8   0x00000054   Code   RO         4889    i.DMA_Init          stm32f4xx_dma.o
    0x0800200c   0x0800200c   0x00000004   Code   RO         4892    i.DMA_SetCurrDataCounter  stm32f4xx_dma.o
    0x08002010   0x08002010   0x00000002   Code   RO          305    i.DebugMon_Handler  stm32f4xx_it.o
    0x08002012   0x08002012   0x00000002   PAD
    0x08002014   0x08002014   0x000000e8   Code   RO         2929    i.DelayTask_Add     delaytask.o
    0x080020fc   0x080020fc   0x00000060   Code   RO         2930    i.DelayTask_Times_Add  delaytask.o
    0x0800215c   0x0800215c   0x00000010   Code   RO         2631    i.EXTI0_IRQHandler  vl53l0x_it.o
    0x0800216c   0x0800216c   0x00000038   Code   RO         2886    i.EXTI15_10_IRQHandler  key.o
    0x080021a4   0x080021a4   0x00000064   Code   RO         2887    i.EXTI9_5_IRQHandler  key.o
    0x08002208   0x08002208   0x0000000c   Code   RO         5135    i.EXTI_ClearITPendingBit  stm32f4xx_exti.o
    0x08002214   0x08002214   0x00000014   Code   RO         5139    i.EXTI_GetITStatus  stm32f4xx_exti.o
    0x08002228   0x08002228   0x00000074   Code   RO         5140    i.EXTI_Init         stm32f4xx_exti.o
    0x0800229c   0x0800229c   0x0000007c   Code   RO         5480    i.GPIO_Init         stm32f4xx_gpio.o
    0x08002318   0x08002318   0x00000020   Code   RO         5481    i.GPIO_PinAFConfig  stm32f4xx_gpio.o
    0x08002338   0x08002338   0x00000004   Code   RO         5487    i.GPIO_ResetBits    stm32f4xx_gpio.o
    0x0800233c   0x0800233c   0x00000004   Code   RO         5488    i.GPIO_SetBits      stm32f4xx_gpio.o
    0x08002340   0x08002340   0x00000168   Code   RO          417    i.Go_To_Stairs      ltck.o
    0x080024a8   0x080024a8   0x000000ec   Code   RO          418    i.Go_To_Turntable   ltck.o
    0x08002594   0x08002594   0x00000060   Code   RO         3081    i.Gray_Init         gray.o
    0x080025f4   0x080025f4   0x00000002   Code   RO          306    i.HardFault_Handler  stm32f4xx_it.o
    0x080025f6   0x080025f6   0x00000002   PAD
    0x080025f8   0x080025f8   0x00000080   Code   RO          712    i.IM948_Init        im948_cmd.o
    0x08002678   0x08002678   0x00000030   Code   RO         3439    i.Infrared_Init     infrared.o
    0x080026a8   0x080026a8   0x000000b8   Code   RO         2888    i.KEY_Init          key.o
    0x08002760   0x08002760   0x0000003c   Code   RO         1001    i.Kinematic_Analysis_Speed  control.o
    0x0800279c   0x0800279c   0x0000003c   Code   RO          483    i.LED_Init          led.o
    0x080027d8   0x080027d8   0x00000134   Code   RO          420    i.LTCK_Init         ltck.o
    0x0800290c   0x0800290c   0x0000007c   Code   RO          529    i.MYDMA_Config      dma.o
    0x08002988   0x08002988   0x0000002c   Code   RO          530    i.MYDMA_Enable      dma.o
    0x080029b4   0x080029b4   0x00000002   Code   RO          307    i.MemManage_Handler  stm32f4xx_it.o
    0x080029b6   0x080029b6   0x0000001a   Code   RO          714    i.Memcpy            im948_cmd.o
    0x080029d0   0x080029d0   0x00000002   Code   RO          308    i.NMI_Handler       stm32f4xx_it.o
    0x080029d2   0x080029d2   0x00000002   PAD
    0x080029d4   0x080029d4   0x00000068   Code   RO         3888    i.NVIC_Init         misc.o
    0x08002a3c   0x08002a3c   0x00000014   Code   RO         3889    i.NVIC_PriorityGroupConfig  misc.o
    0x08002a50   0x08002a50   0x00000100   Code   RO         3291    i.PID_PositionCalc  pid.o
    0x08002b50   0x08002b50   0x0000000a   Code   RO         3293    i.PID_PositionSetEkRange  pid.o
    0x08002b5a   0x08002b5a   0x0000000a   Code   RO         3296    i.PID_PositionSetOUTRange  pid.o
    0x08002b64   0x08002b64   0x0000000e   Code   RO         3297    i.PID_PositionSetParameter  pid.o
    0x08002b72   0x08002b72   0x00000002   PAD
    0x08002b74   0x08002b74   0x00000054   Code   RO         3298    i.PID_PositionStructureInit  pid.o
    0x08002bc8   0x08002bc8   0x00000002   Code   RO          309    i.PendSV_Handler    stm32f4xx_it.o
    0x08002bca   0x08002bca   0x00000002   PAD
    0x08002bcc   0x08002bcc   0x00000084   Code   RO         1002    i.Position_PID_Yaw  control.o
    0x08002c50   0x08002c50   0x00000018   Code   RO         2973    i.PwmServo_Init     pwmservo.o
    0x08002c68   0x08002c68   0x0000001c   Code   RO         6344    i.RCC_AHB1PeriphClockCmd  stm32f4xx_rcc.o
    0x08002c84   0x08002c84   0x0000001c   Code   RO         6353    i.RCC_APB1PeriphClockCmd  stm32f4xx_rcc.o
    0x08002ca0   0x08002ca0   0x0000001c   Code   RO         6356    i.RCC_APB2PeriphClockCmd  stm32f4xx_rcc.o
    0x08002cbc   0x08002cbc   0x000000a0   Code   RO         6365    i.RCC_GetClocksFreq  stm32f4xx_rcc.o
    0x08002d5c   0x08002d5c   0x00000034   Code   RO         2761    i.RGB_BLACK         ws2812.o
    0x08002d90   0x08002d90   0x00000018   Code   RO         7461    i.SPI_Cmd           stm32f4xx_spi.o
    0x08002da8   0x08002da8   0x00000014   Code   RO         7467    i.SPI_I2S_DMACmd    stm32f4xx_spi.o
    0x08002dbc   0x08002dbc   0x00000038   Code   RO         7474    i.SPI_Init          stm32f4xx_spi.o
    0x08002df4   0x08002df4   0x00000002   Code   RO          310    i.SVC_Handler       stm32f4xx_it.o
    0x08002df6   0x08002df6   0x00000002   PAD
    0x08002df8   0x08002df8   0x0000002c   Code   RO         7622    i.SYSCFG_EXTILineConfig  stm32f4xx_syscfg.o
    0x08002e24   0x08002e24   0x000000b8   Code   RO          375    i.SetSysClock       system_stm32f4xx.o
    0x08002edc   0x08002edc   0x00000048   Code   RO         3357    i.StepMotor_Init    stepmotor.o
    0x08002f24   0x08002f24   0x0000002c   Code   RO         3360    i.StepMotor_SetSpeed  stepmotor.o
    0x08002f50   0x08002f50   0x00000036   Code   RO         3361    i.StepMotor_ZDTENABLE  stepmotor.o
    0x08002f86   0x08002f86   0x0000003e   Code   RO         3363    i.StepMotor_ZDTSetSpeed  stepmotor.o
    0x08002fc4   0x08002fc4   0x0000002c   Code   RO         3365    i.StepMotor_ZDTSyncMove  stepmotor.o
    0x08002ff0   0x08002ff0   0x0000001c   Code   RO         3892    i.SysTick_CLKSourceConfig  misc.o
    0x0800300c   0x0800300c   0x00000002   Code   RO          311    i.SysTick_Handler   stm32f4xx_it.o
    0x0800300e   0x0800300e   0x00000002   PAD
    0x08003010   0x08003010   0x0000004c   Code   RO          377    i.SystemInit        system_stm32f4xx.o
    0x0800305c   0x0800305c   0x000000ac   Code   RO         2974    i.TIM3_PWM_Init     pwmservo.o
    0x08003108   0x08003108   0x000000b0   Code   RO         3366    i.TIM5_IRQHandler   stepmotor.o
    0x080031b8   0x080031b8   0x0000005c   Code   RO         3838    i.TIM5_Int_Init     timer.o
    0x08003214   0x08003214   0x00000164   Code   RO         1005    i.TIM6_DAC_IRQHandler  control.o
    0x08003378   0x08003378   0x00000064   Code   RO         3839    i.TIM6_Int_Init     timer.o
    0x080033dc   0x080033dc   0x000001b4   Code   RO         2931    i.TIM7_IRQHandler   delaytask.o
    0x08003590   0x08003590   0x00000068   Code   RO         3840    i.TIM7_Int_Init     timer.o
    0x080035f8   0x080035f8   0x00000018   Code   RO         7679    i.TIM_ARRPreloadConfig  stm32f4xx_tim.o
    0x08003610   0x08003610   0x00000006   Code   RO         7685    i.TIM_ClearFlag     stm32f4xx_tim.o
    0x08003616   0x08003616   0x00000006   Code   RO         7686    i.TIM_ClearITPendingBit  stm32f4xx_tim.o
    0x0800361c   0x0800361c   0x00000018   Code   RO         7691    i.TIM_Cmd           stm32f4xx_tim.o
    0x08003634   0x08003634   0x0000001c   Code   RO         7693    i.TIM_CtrlPWMOutputs  stm32f4xx_tim.o
    0x08003650   0x08003650   0x00000018   Code   RO         7712    i.TIM_GetITStatus   stm32f4xx_tim.o
    0x08003668   0x08003668   0x00000014   Code   RO         7716    i.TIM_ITConfig      stm32f4xx_tim.o
    0x0800367c   0x0800367c   0x0000000a   Code   RO         7718    i.TIM_InternalClockConfig  stm32f4xx_tim.o
    0x08003686   0x08003686   0x00000002   PAD
    0x08003688   0x08003688   0x00000068   Code   RO         7720    i.TIM_OC1Init       stm32f4xx_tim.o
    0x080036f0   0x080036f0   0x0000000c   Code   RO         7723    i.TIM_OC1PreloadConfig  stm32f4xx_tim.o
    0x080036fc   0x080036fc   0x00000014   Code   RO         7738    i.TIM_OCStructInit  stm32f4xx_tim.o
    0x08003710   0x08003710   0x00000004   Code   RO         7753    i.TIM_SetCompare1   stm32f4xx_tim.o
    0x08003714   0x08003714   0x0000007c   Code   RO         7763    i.TIM_TimeBaseInit  stm32f4xx_tim.o
    0x08003790   0x08003790   0x0000003c   Code   RO         3459    i.Turnplate_Move    turnplate.o
    0x080037cc   0x080037cc   0x0000000c   Code   RO         3460    i.Turnplate_SetPos  turnplate.o
    0x080037d8   0x080037d8   0x00000040   Code   RO          715    i.USART2_IRQHandler  im948_cmd.o
    0x08003818   0x08003818   0x00000078   Code   RO         3003    i.USART3_IRQHandler  lobotdigitalservocontroller.o
    0x08003890   0x08003890   0x00000050   Code   RO          598    i.USART6_IRQHandler  xm1603.o
    0x080038e0   0x080038e0   0x00000008   Code   RO         8237    i.USART_ClearFlag   stm32f4xx_usart.o
    0x080038e8   0x080038e8   0x00000018   Code   RO         8241    i.USART_Cmd         stm32f4xx_usart.o
    0x08003900   0x08003900   0x00000014   Code   RO         8242    i.USART_DMACmd      stm32f4xx_usart.o
    0x08003914   0x08003914   0x0000000e   Code   RO         8244    i.USART_GetFlagStatus  stm32f4xx_usart.o
    0x08003922   0x08003922   0x00000040   Code   RO         8245    i.USART_GetITStatus  stm32f4xx_usart.o
    0x08003962   0x08003962   0x00000036   Code   RO         8247    i.USART_ITConfig    stm32f4xx_usart.o
    0x08003998   0x08003998   0x000000bc   Code   RO         8248    i.USART_Init        stm32f4xx_usart.o
    0x08003a54   0x08003a54   0x00000008   Code   RO         8255    i.USART_ReceiveData  stm32f4xx_usart.o
    0x08003a5c   0x08003a5c   0x00000008   Code   RO         8258    i.USART_SendData    stm32f4xx_usart.o
    0x08003a64   0x08003a64   0x00000002   Code   RO          312    i.UsageFault_Handler  stm32f4xx_it.o
    0x08003a66   0x08003a66   0x00000002   PAD
    0x08003a68   0x08003a68   0x00000034   Code   RO         1261    i.VL53L0X_All_Init  vl53l0x.o
    0x08003a9c   0x08003a9c   0x00000080   Code   RO         1358    i.VL53L0X_CheckAndLoadInterruptSettings  vl53l0x_api.o
    0x08003b1c   0x08003b1c   0x0000004a   Code   RO         1359    i.VL53L0X_ClearInterruptMask  vl53l0x_api.o
    0x08003b66   0x08003b66   0x00000002   PAD
    0x08003b68   0x08003b68   0x00000194   Code   RO         1360    i.VL53L0X_DataInit  vl53l0x_api.o
    0x08003cfc   0x08003cfc   0x00000004   Code   RO         1364    i.VL53L0X_GetDeviceInfo  vl53l0x_api.o
    0x08003d00   0x08003d00   0x0000000a   Code   RO         1365    i.VL53L0X_GetDeviceMode  vl53l0x_api.o
    0x08003d0a   0x08003d0a   0x00000082   Code   RO         1366    i.VL53L0X_GetDeviceParameters  vl53l0x_api.o
    0x08003d8c   0x08003d8c   0x0000001a   Code   RO         1368    i.VL53L0X_GetFractionEnable  vl53l0x_api.o
    0x08003da6   0x08003da6   0x00000034   Code   RO         1372    i.VL53L0X_GetInterMeasurementPeriodMilliSeconds  vl53l0x_api.o
    0x08003dda   0x08003dda   0x00000022   Code   RO         1373    i.VL53L0X_GetInterruptMaskStatus  vl53l0x_api.o
    0x08003dfc   0x08003dfc   0x00000036   Code   RO         1374    i.VL53L0X_GetInterruptThresholds  vl53l0x_api.o
    0x08003e32   0x08003e32   0x0000001a   Code   RO         1376    i.VL53L0X_GetLimitCheckEnable  vl53l0x_api.o
    0x08003e4c   0x08003e4c   0x00000088   Code   RO         1379    i.VL53L0X_GetLimitCheckValue  vl53l0x_api.o
    0x08003ed4   0x08003ed4   0x00000040   Code   RO         1382    i.VL53L0X_GetMeasurementDataReady  vl53l0x_api.o
    0x08003f14   0x08003f14   0x00000004   Code   RO         1384    i.VL53L0X_GetMeasurementTimingBudgetMicroSeconds  vl53l0x_api.o
    0x08003f18   0x08003f18   0x00000004   Code   RO         1388    i.VL53L0X_GetOffsetCalibrationDataMicroMeter  vl53l0x_api.o
    0x08003f1c   0x08003f1c   0x00000004   Code   RO         1389    i.VL53L0X_GetPalErrorString  vl53l0x_api.o
    0x08003f20   0x08003f20   0x0000012a   Code   RO         1396    i.VL53L0X_GetRangingMeasurementData  vl53l0x_api.o
    0x0800404a   0x0800404a   0x00000068   Code   RO         1400    i.VL53L0X_GetSequenceStepEnables  vl53l0x_api.o
    0x080040b2   0x080040b2   0x00000004   Code   RO         1409    i.VL53L0X_GetVcselPulsePeriod  vl53l0x_api.o
    0x080040b6   0x080040b6   0x00000034   Code   RO         1411    i.VL53L0X_GetWrapAroundCheckEnable  vl53l0x_api.o
    0x080040ea   0x080040ea   0x0000000a   Code   RO         1412    i.VL53L0X_GetXTalkCompensationEnable  vl53l0x_api.o
    0x080040f4   0x080040f4   0x00000030   Code   RO         1413    i.VL53L0X_GetXTalkCompensationRateMegaCps  vl53l0x_api.o
    0x08004124   0x08004124   0x00000006   Code   RO         1415    i.VL53L0X_PerformRefCalibration  vl53l0x_api.o
    0x0800412a   0x0800412a   0x00000004   Code   RO         1416    i.VL53L0X_PerformRefSpadManagement  vl53l0x_api.o
    0x0800412e   0x0800412e   0x00000032   Code   RO         1418    i.VL53L0X_PerformSingleMeasurement  vl53l0x_api.o
    0x08004160   0x08004160   0x00000032   Code   RO         1419    i.VL53L0X_PerformSingleRangingMeasurement  vl53l0x_api.o
    0x08004192   0x08004192   0x00000018   Code   RO         2682    i.VL53L0X_PollingDelay  vl53l0x_platform.o
    0x080041aa   0x080041aa   0x00000016   Code   RO         2683    i.VL53L0X_RdByte    vl53l0x_platform.o
    0x080041c0   0x080041c0   0x00000016   Code   RO         2684    i.VL53L0X_RdDWord   vl53l0x_platform.o
    0x080041d6   0x080041d6   0x00000016   Code   RO         2685    i.VL53L0X_RdWord    vl53l0x_platform.o
    0x080041ec   0x080041ec   0x0000001e   Code   RO         2686    i.VL53L0X_ReadMulti  vl53l0x_platform.o
    0x0800420a   0x0800420a   0x00000008   Code   RO         1423    i.VL53L0X_SetDeviceAddress  vl53l0x_api.o
    0x08004212   0x08004212   0x00000024   Code   RO         1424    i.VL53L0X_SetDeviceMode  vl53l0x_api.o
    0x08004236   0x08004236   0x00000168   Code   RO         1427    i.VL53L0X_SetGpioConfig  vl53l0x_api.o
    0x0800439e   0x0800439e   0x00000094   Code   RO         1432    i.VL53L0X_SetLimitCheckEnable  vl53l0x_api.o
    0x08004432   0x08004432   0x0000005a   Code   RO         1433    i.VL53L0X_SetLimitCheckValue  vl53l0x_api.o
    0x0800448c   0x0800448c   0x00000004   Code   RO         1435    i.VL53L0X_SetMeasurementTimingBudgetMicroSeconds  vl53l0x_api.o
    0x08004490   0x08004490   0x00000004   Code   RO         1437    i.VL53L0X_SetOffsetCalibrationDataMicroMeter  vl53l0x_api.o
    0x08004494   0x08004494   0x00000004   Code   RO         1440    i.VL53L0X_SetRefCalibration  vl53l0x_api.o
    0x08004498   0x08004498   0x00000004   Code   RO         1441    i.VL53L0X_SetReferenceSpads  vl53l0x_api.o
    0x0800449c   0x0800449c   0x000000b4   Code   RO         1442    i.VL53L0X_SetSequenceStepEnable  vl53l0x_api.o
    0x08004550   0x08004550   0x00000004   Code   RO         1447    i.VL53L0X_SetVcselPulsePeriod  vl53l0x_api.o
    0x08004554   0x08004554   0x00000034   Code   RO         1450    i.VL53L0X_SetXTalkCompensationRateMegaCps  vl53l0x_api.o
    0x08004588   0x08004588   0x000000ec   Code   RO         1451    i.VL53L0X_StartMeasurement  vl53l0x_api.o
    0x08004674   0x08004674   0x00000198   Code   RO         1452    i.VL53L0X_StaticInit  vl53l0x_api.o
    0x0800480c   0x0800480c   0x00000044   Code   RO         2687    i.VL53L0X_UpdateByte  vl53l0x_platform.o
    0x08004850   0x08004850   0x00000016   Code   RO         2688    i.VL53L0X_WrByte    vl53l0x_platform.o
    0x08004866   0x08004866   0x00000016   Code   RO         2690    i.VL53L0X_WrWord    vl53l0x_platform.o
    0x0800487c   0x0800487c   0x0000001e   Code   RO         2691    i.VL53L0X_WriteMulti  vl53l0x_platform.o
    0x0800489a   0x0800489a   0x00000002   PAD
    0x0800489c   0x0800489c   0x000000dc   Code   RO         2147    i.VL53L0X_calc_dmax  vl53l0x_api_core.o
    0x08004978   0x08004978   0x00000010   Code   RO         2148    i.VL53L0X_calc_macro_period_ps  vl53l0x_api_core.o
    0x08004988   0x08004988   0x0000023c   Code   RO         2149    i.VL53L0X_calc_sigma_estimate  vl53l0x_api_core.o
    0x08004bc4   0x08004bc4   0x00000022   Code   RO         2150    i.VL53L0X_calc_timeout_mclks  vl53l0x_api_core.o
    0x08004be6   0x08004be6   0x00000022   Code   RO         2151    i.VL53L0X_calc_timeout_us  vl53l0x_api_core.o
    0x08004c08   0x08004c08   0x0000003e   Code   RO         2333    i.VL53L0X_check_part_used  vl53l0x_api_strings.o
    0x08004c46   0x08004c46   0x0000000c   Code   RO         2152    i.VL53L0X_decode_timeout  vl53l0x_api_core.o
    0x08004c52   0x08004c52   0x00000008   Code   RO         2153    i.VL53L0X_decode_vcsel_period  vl53l0x_api_core.o
    0x08004c5a   0x08004c5a   0x0000004a   Code   RO         2154    i.VL53L0X_device_read_strobe  vl53l0x_api_core.o
    0x08004ca4   0x08004ca4   0x00000020   Code   RO         2155    i.VL53L0X_encode_timeout  vl53l0x_api_core.o
    0x08004cc4   0x08004cc4   0x0000000a   Code   RO         2156    i.VL53L0X_encode_vcsel_period  vl53l0x_api_core.o
    0x08004cce   0x08004cce   0x00000002   PAD
    0x08004cd0   0x08004cd0   0x000000cc   Code   RO         2335    i.VL53L0X_get_device_info  vl53l0x_api_strings.o
    0x08004d9c   0x08004d9c   0x0000051e   Code   RO         2157    i.VL53L0X_get_info_from_device  vl53l0x_api_core.o
    0x080052ba   0x080052ba   0x000000c4   Code   RO         2158    i.VL53L0X_get_measurement_timing_budget_micro_seconds  vl53l0x_api_core.o
    0x0800537e   0x0800537e   0x0000003a   Code   RO         1989    i.VL53L0X_get_offset_calibration_data_micro_meter  vl53l0x_api_calibration.o
    0x080053b8   0x080053b8   0x00000298   Code   RO         2337    i.VL53L0X_get_pal_error_string  vl53l0x_api_strings.o
    0x08005650   0x08005650   0x000001f8   Code   RO         2159    i.VL53L0X_get_pal_range_status  vl53l0x_api_core.o
    0x08005848   0x08005848   0x0000001c   Code   RO         2160    i.VL53L0X_get_total_signal_rate  vl53l0x_api_core.o
    0x08005864   0x08005864   0x0000002e   Code   RO         2161    i.VL53L0X_get_total_xtalk_rate  vl53l0x_api_core.o
    0x08005892   0x08005892   0x0000003a   Code   RO         2162    i.VL53L0X_get_vcsel_pulse_period  vl53l0x_api_core.o
    0x080058cc   0x080058cc   0x000000d4   Code   RO         2485    i.VL53L0X_i2c_init  vl53l0x_i2c.o
    0x080059a0   0x080059a0   0x0000002a   Code   RO         2163    i.VL53L0X_isqrt     vl53l0x_api_core.o
    0x080059ca   0x080059ca   0x000000a8   Code   RO         2164    i.VL53L0X_load_tuning_settings  vl53l0x_api_core.o
    0x08005a72   0x08005a72   0x00000034   Code   RO         2165    i.VL53L0X_measurement_poll_for_completion  vl53l0x_api_core.o
    0x08005aa6   0x08005aa6   0x00000070   Code   RO         1993    i.VL53L0X_perform_phase_calibration  vl53l0x_api_calibration.o
    0x08005b16   0x08005b16   0x00000040   Code   RO         1994    i.VL53L0X_perform_ref_calibration  vl53l0x_api_calibration.o
    0x08005b56   0x08005b56   0x00000252   Code   RO         1995    i.VL53L0X_perform_ref_spad_management  vl53l0x_api_calibration.o
    0x08005da8   0x08005da8   0x00000036   Code   RO         1996    i.VL53L0X_perform_single_ref_calibration  vl53l0x_api_calibration.o
    0x08005dde   0x08005dde   0x00000078   Code   RO         1997    i.VL53L0X_perform_vhv_calibration  vl53l0x_api_calibration.o
    0x08005e56   0x08005e56   0x00000006   Code   RO         2486    i.VL53L0X_read_byte  vl53l0x_i2c.o
    0x08005e5c   0x08005e5c   0x0000002c   Code   RO         2487    i.VL53L0X_read_dword  vl53l0x_i2c.o
    0x08005e88   0x08005e88   0x00000016   Code   RO         2488    i.VL53L0X_read_multi  vl53l0x_i2c.o
    0x08005e9e   0x08005e9e   0x0000001c   Code   RO         2489    i.VL53L0X_read_word  vl53l0x_i2c.o
    0x08005eba   0x08005eba   0x000000b4   Code   RO         1999    i.VL53L0X_ref_calibration_io  vl53l0x_api_calibration.o
    0x08005f6e   0x08005f6e   0x000000de   Code   RO         2168    i.VL53L0X_set_measurement_timing_budget_micro_seconds  vl53l0x_api_core.o
    0x0800604c   0x0800604c   0x00000038   Code   RO         2000    i.VL53L0X_set_offset_calibration_data_micro_meter  vl53l0x_api_calibration.o
    0x08006084   0x08006084   0x00000020   Code   RO         2001    i.VL53L0X_set_ref_calibration  vl53l0x_api_calibration.o
    0x080060a4   0x080060a4   0x000000aa   Code   RO         2002    i.VL53L0X_set_reference_spads  vl53l0x_api_calibration.o
    0x0800614e   0x0800614e   0x000002da   Code   RO         2169    i.VL53L0X_set_vcsel_pulse_period  vl53l0x_api_core.o
    0x08006428   0x08006428   0x0000000c   Code   RO         2490    i.VL53L0X_write_byte  vl53l0x_i2c.o
    0x08006434   0x08006434   0x00000016   Code   RO         2492    i.VL53L0X_write_multi  vl53l0x_i2c.o
    0x0800644a   0x0800644a   0x0000003c   Code   RO         2493    i.VL53L0X_write_word  vl53l0x_i2c.o
    0x08006486   0x08006486   0x00000002   PAD
    0x08006488   0x08006488   0x00000028   Code   RO         2494    i.VL_IIC_Ack        vl53l0x_i2c.o
    0x080064b0   0x080064b0   0x00000028   Code   RO         2495    i.VL_IIC_NAck       vl53l0x_i2c.o
    0x080064d8   0x080064d8   0x0000005c   Code   RO         2497    i.VL_IIC_Read_Byte  vl53l0x_i2c.o
    0x08006534   0x08006534   0x0000006a   Code   RO         2498    i.VL_IIC_Read_nByte  vl53l0x_i2c.o
    0x0800659e   0x0800659e   0x00000002   PAD
    0x080065a0   0x080065a0   0x00000054   Code   RO         2499    i.VL_IIC_Send_Byte  vl53l0x_i2c.o
    0x080065f4   0x080065f4   0x00000028   Code   RO         2500    i.VL_IIC_Start      vl53l0x_i2c.o
    0x0800661c   0x0800661c   0x00000028   Code   RO         2501    i.VL_IIC_Stop       vl53l0x_i2c.o
    0x08006644   0x08006644   0x00000044   Code   RO         2502    i.VL_IIC_Wait_Ack   vl53l0x_i2c.o
    0x08006688   0x08006688   0x0000004c   Code   RO         2504    i.VL_IIC_Write_nByte  vl53l0x_i2c.o
    0x080066d4   0x080066d4   0x0000002c   Code   RO         2505    i.VL_SDA_IN         vl53l0x_i2c.o
    0x08006700   0x08006700   0x00000028   Code   RO         2506    i.VL_SDA_OUT        vl53l0x_i2c.o
    0x08006728   0x08006728   0x000000bc   Code   RO         2771    i.WS2812b_Configuration  ws2812.o
    0x080067e4   0x080067e4   0x00000078   Code   RO          599    i.XM1603_Init       xm1603.o
    0x0800685c   0x0800685c   0x00000030   Code   RO          600    i.XM1603_Write_Boud  xm1603.o
    0x0800688c   0x0800688c   0x0000003c   Code   RO          601    i.XM1603_Write_Byte  xm1603.o
    0x080068c8   0x080068c8   0x00000020   Code   RO         8769    i.__0printf         mc_w.l(printfa.o)
    0x080068e8   0x080068e8   0x00000026   Code   RO         8829    i.__ARM_fpclassifyf  m_wm.l(fpclassifyf.o)
    0x0800690e   0x0800690e   0x00000002   PAD
    0x08006910   0x08006910   0x00000150   Code   RO         8485    i.__hardfp_cosf     m_wm.l(cosf.o)
    0x08006a60   0x08006a60   0x00000190   Code   RO         8497    i.__hardfp_sinf     m_wm.l(sinf.o)
    0x08006bf0   0x08006bf0   0x0000007a   Code   RO         8509    i.__hardfp_sqrt     m_wm.l(sqrt.o)
    0x08006c6a   0x08006c6a   0x00000006   Code   RO         8832    i.__mathlib_flt_infnan  m_wm.l(funder.o)
    0x08006c70   0x08006c70   0x00000010   Code   RO         8834    i.__mathlib_flt_invalid  m_wm.l(funder.o)
    0x08006c80   0x08006c80   0x00000010   Code   RO         8837    i.__mathlib_flt_underflow  m_wm.l(funder.o)
    0x08006c90   0x08006c90   0x00000154   Code   RO         8845    i.__mathlib_rredf2  m_wm.l(rredf.o)
    0x08006de4   0x08006de4   0x0000000e   Code   RO         8902    i.__scatterload_copy  mc_w.l(handlers.o)
    0x08006df2   0x08006df2   0x00000002   Code   RO         8903    i.__scatterload_null  mc_w.l(handlers.o)
    0x08006df4   0x08006df4   0x0000000e   Code   RO         8904    i.__scatterload_zeroinit  mc_w.l(handlers.o)
    0x08006e02   0x08006e02   0x00000002   PAD
    0x08006e04   0x08006e04   0x0000000c   Code   RO         8872    i.__set_errno       mc_w.l(errno.o)
    0x08006e10   0x08006e10   0x00000184   Code   RO         8776    i._fp_digits        mc_w.l(printfa.o)
    0x08006f94   0x08006f94   0x000006dc   Code   RO         8777    i._printf_core      mc_w.l(printfa.o)
    0x08007670   0x08007670   0x00000024   Code   RO         8778    i._printf_post_padding  mc_w.l(printfa.o)
    0x08007694   0x08007694   0x0000002e   Code   RO         8779    i._printf_pre_padding  mc_w.l(printfa.o)
    0x080076c2   0x080076c2   0x00000002   PAD
    0x080076c4   0x080076c4   0x000000f0   Code   RO         3800    i.can_SendCmd       can.o
    0x080077b4   0x080077b4   0x000000fc   Code   RO         3801    i.can_init          can.o
    0x080078b0   0x080078b0   0x0000002c   Code   RO          556    i.cx522_Init        cx522.o
    0x080078dc   0x080078dc   0x00000018   Code   RO          557    i.cx522_ProcessData  cx522.o
    0x080078f4   0x080078f4   0x0000002c   Code   RO         3514    i.delay_init        delay.o
    0x08007920   0x08007920   0x00000034   Code   RO         3515    i.delay_ms          delay.o
    0x08007954   0x08007954   0x00000034   Code   RO         3516    i.delay_us          delay.o
    0x08007988   0x08007988   0x00000034   Code   RO         3517    i.delay_xms         delay.o
    0x080079bc   0x080079bc   0x00000094   Code   RO         2004    i.enable_ref_spads  vl53l0x_api_calibration.o
    0x08007a50   0x08007a50   0x0000002a   Code   RO         2005    i.enable_spad_bit   vl53l0x_api_calibration.o
    0x08007a7a   0x08007a7a   0x00000002   PAD
    0x08007a7c   0x08007a7c   0x00000014   Code   RO         3726    i.fputc             uart5.o
    0x08007a90   0x08007a90   0x00000050   Code   RO         8797    i.free              mc_w.l(malloc.o)
    0x08007ae0   0x08007ae0   0x00000052   Code   RO         2006    i.get_next_good_spad  vl53l0x_api_calibration.o
    0x08007b32   0x08007b32   0x0000000a   Code   RO         2007    i.get_ref_spad_map  vl53l0x_api_calibration.o
    0x08007b3c   0x08007b3c   0x0000011a   Code   RO         2170    i.get_sequence_step_timeout  vl53l0x_api_core.o
    0x08007c56   0x08007c56   0x00000002   PAD
    0x08007c58   0x08007c58   0x00000018   Code   RO         2008    i.is_aperture       vl53l0x_api_calibration.o
    0x08007c70   0x08007c70   0x00000012   Code   RO            3    i.main              main.o
    0x08007c82   0x08007c82   0x00000002   PAD
    0x08007c84   0x08007c84   0x0000006c   Code   RO         8798    i.malloc            mc_w.l(malloc.o)
    0x08007cf0   0x08007cf0   0x0000005e   Code   RO         2009    i.perform_ref_signal_measurement  vl53l0x_api_calibration.o
    0x08007d4e   0x08007d4e   0x0000000e   Code   RO         1263    i.print_pal_error   vl53l0x.o
    0x08007d5c   0x08007d5c   0x00000040   Code   RO         2773    i.rgb_SendArray     ws2812.o
    0x08007d9c   0x08007d9c   0x00000010   Code   RO         2774    i.rgb_SetColor      ws2812.o
    0x08007dac   0x08007dac   0x00000080   Code   RO         2775    i.rgb_WriteColor    ws2812.o
    0x08007e2c   0x08007e2c   0x00000042   Code   RO         1456    i.sequence_step_enabled  vl53l0x_api.o
    0x08007e6e   0x08007e6e   0x0000000a   Code   RO         2010    i.set_ref_spad_map  vl53l0x_api_calibration.o
    0x08007e78   0x08007e78   0x00000116   Code   RO         2171    i.set_sequence_step_timeout  vl53l0x_api_core.o
    0x08007f8e   0x08007f8e   0x00000002   PAD
    0x08007f90   0x08007f90   0x00000028   Code   RO         3628    i.uart2_WriteBuf    usart2.o
    0x08007fb8   0x08007fb8   0x000000b0   Code   RO         3696    i.uart4_init        uart4.o
    0x08008068   0x08008068   0x000000b8   Code   RO         3728    i.uart5_init        uart5.o
    0x08008120   0x08008120   0x00000028   Code   RO         3770    i.uart6_WriteBuf    usart6.o
    0x08008148   0x08008148   0x000000b0   Code   RO         3629    i.usart2_init       usart2.o
    0x080081f8   0x080081f8   0x000000ac   Code   RO         3659    i.usart3_init       usart3.o
    0x080082a4   0x080082a4   0x000000b4   Code   RO         3771    i.usart6_init       usart6.o
    0x08008358   0x08008358   0x00000062   Code   RO         1264    i.vl53l0x_Addr_set  vl53l0x.o
    0x080083ba   0x080083ba   0x00000002   PAD
    0x080083bc   0x080083bc   0x000000e8   Code   RO         1266    i.vl53l0x_init      vl53l0x.o
    0x080084a4   0x080084a4   0x0000013c   Code   RO         2433    i.vl53l0x_set_mode  vl53l0x_gen.o
    0x080085e0   0x080085e0   0x0000001e   Code   RO         2434    i.vl53l0x_start_single_test  vl53l0x_gen.o
    0x080085fe   0x080085fe   0x00000002   PAD
    0x08008600   0x08008600   0x0000006f   Data   RO          719    .constdata          im948_cmd.o
    0x0800866f   0x0800866f   0x0000001e   Data   RO         2777    .constdata          ws2812.o
    0x0800868d   0x0800868d   0x00000003   PAD
    0x08008690   0x08008690   0x00000020   Data   RO         8846    .constdata          m_wm.l(rredf.o)
    0x080086b0   0x080086b0   0x00000020   Data   RO         8900    Region$$Table       anon$$obj.o


    Execution Region RW_IRAM1 (Exec base: 0x20000000, Load base: 0x080086d0, Size: 0x000014a0, Max: 0x00020000, ABSOLUTE, COMPRESSED[0x00000300])

    Exec Addr    Load Addr    Size         Type   Attr      Idx    E Section Name        Object

    0x20000000   COMPRESSED   0x00000002   Data   RW          421    .data               ltck.o
    0x20000002   COMPRESSED   0x00000002   Data   RW          603    .data               xm1603.o
    0x20000004   COMPRESSED   0x00000014   Data   RW          720    .data               im948_cmd.o
    0x20000018   COMPRESSED   0x0000006c   Data   RW         1008    .data               control.o
    0x20000084   COMPRESSED   0x00000010   Data   RW         1078    .data               movement.o
    0x20000094   COMPRESSED   0x00000004   Data   RW         1079    .data               movement.o
    0x20000098   COMPRESSED   0x00000001   Data   RW         1275    .data               vl53l0x.o
    0x20000099   COMPRESSED   0x00000038   Data   RW         1277    .data               vl53l0x.o
    0x200000d1   COMPRESSED   0x000002a9   Data   RW         1457    .data               vl53l0x_api.o
    0x2000037a   COMPRESSED   0x00000002   PAD
    0x2000037c   COMPRESSED   0x00000010   Data   RW         2011    .data               vl53l0x_api_calibration.o
    0x2000038c   COMPRESSED   0x00000010   Data   RW         2637    .data               vl53l0x_it.o
    0x2000039c   COMPRESSED   0x00000003   Data   RW         2889    .data               key.o
    0x2000039f   COMPRESSED   0x00000001   PAD
    0x200003a0   COMPRESSED   0x00000010   Data   RW         2933    .data               delaytask.o
    0x200003b0   COMPRESSED   0x00000008   Data   RW         3013    .data               lobotdigitalservocontroller.o
    0x200003b8   COMPRESSED   0x00000001   Data   RW         3368    .data               stepmotor.o
    0x200003b9   COMPRESSED   0x00000003   PAD
    0x200003bc   COMPRESSED   0x00000034   Data   RW         3464    .data               turnplate.o
    0x200003f0   COMPRESSED   0x00000004   Data   RW         3518    .data               delay.o
    0x200003f4   COMPRESSED   0x00000004   Data   RW         3729    .data               uart5.o
    0x200003f8   COMPRESSED   0x00000010   Data   RW         6397    .data               stm32f4xx_rcc.o
    0x20000408   COMPRESSED   0x00000004   Data   RW         8868    .data               mc_w.l(mvars.o)
    0x2000040c   COMPRESSED   0x00000004   Data   RW         8869    .data               mc_w.l(mvars.o)
    0x20000410   COMPRESSED   0x00000004   Data   RW         8873    .data               mc_w.l(errno.o)
    0x20000414        -       0x00000032   Zero   RW          558    .bss                cx522.o
    0x20000446        -       0x00000080   Zero   RW          602    .bss                xm1603.o
    0x200004c6        -       0x0000004e   Zero   RW          718    .bss                im948_cmd.o
    0x20000514        -       0x00000014   Zero   RW         1270    .bss                vl53l0x.o
    0x20000528        -       0x00000483   Zero   RW         1271    .bss                vl53l0x.o
    0x200009ab        -       0x00000030   Zero   RW         2400    .bss                vl53l0x_cali.o
    0x200009db   COMPRESSED   0x00000001   PAD
    0x200009dc        -       0x0000001c   Zero   RW         2435    .bss                vl53l0x_gen.o
    0x200009f8        -       0x00000060   Zero   RW         2776    .bss                ws2812.o
    0x20000a58        -       0x00000190   Zero   RW         2932    .bss                delaytask.o
    0x20000be8        -       0x00000090   Zero   RW         3012    .bss                lobotdigitalservocontroller.o
    0x20000c78        -       0x00000120   Zero   RW         3232    .bss                chassis_path.o
    0x20000d98        -       0x000000a8   Zero   RW         3262    .bss                chassis_pid.o
    0x20000e40        -       0x00000030   Zero   RW         3367    .bss                stepmotor.o
    0x20000e70        -       0x0000002c   Zero   RW         3802    .bss                can.o
    0x20000e9c   COMPRESSED   0x00000004   PAD
    0x20000ea0        -       0x00000200   Zero   RW         3880    HEAP                startup_stm32f40_41xxx.o
    0x200010a0        -       0x00000400   Zero   RW         3879    STACK               startup_stm32f40_41xxx.o


==============================================================================

Image component sizes


      Code (inc. data)   RO Data    RW Data    ZI Data      Debug   Object Name

       492         16          0          0         44       2815   can.o
      1812        102          0          0          0       8105   chassis.o
       520         80          0          0        288       2593   chassis_path.o
       192         28          0          0        168       1252   chassis_pid.o
       548         84          0        108          0       3211   control.o
       120         22          0          0         50       2269   cx522.o
       200         18          0          4          0       2463   delay.o
       764         40          0         16        400       3610   delaytask.o
       168          4          0          0          0       1906   dma.o
        96         14          0          0          0        536   gray.o
      1610        110        111         20         78      12420   im948_cmd.o
        48          4          0          0          0        536   infrared.o
       340         30          0          3          0       2678   key.o
        60          4          0          0          0        515   led.o
       120         12          0          8        144       2912   lobotdigitalservocontroller.o
      1432        266          0          2          0       3265   ltck.o
        18          0          0          0          0     330893   main.o
       152         16          0          0          0       2201   misc.o
         0          0          0         20          0       1281   movement.o
       374         18          0          0          0       3537   pid.o
       196         14          0          0          0       1372   pwmservo.o
        36          8        392          0       1536        820   startup_stm32f40_41xxx.o
       452         28          0          1         48       4565   stepmotor.o
       654         10          0          0          0       3499   stm32f4xx_can.o
       700         78          0          0          0       8047   stm32f4xx_dma.o
       148         16          0          0          0       2280   stm32f4xx_exti.o
       164          0          0          0          0       2915   stm32f4xx_gpio.o
        18          0          0          0          0       4030   stm32f4xx_it.o
       244         30          0         16          0       4839   stm32f4xx_rcc.o
       100          0          0          0          0       2466   stm32f4xx_spi.o
        44          6          0          0          0        648   stm32f4xx_syscfg.o
       406         36          0          0          0       8574   stm32f4xx_tim.o
       388          8          0          0          0       6938   stm32f4xx_usart.o
       260         32          0          0          0       1553   system_stm32f4xx.o
       296         16          0          0          0       2052   timer.o
        72          8          0         52          0       2305   turnplate.o
       176         10          0          0          0        757   uart4.o
       204         20          0          4          0       3135   uart5.o
       216         14          0          0          0       1799   usart2.o
       172          8          0          0          0        754   usart3.o
       220         14          0          0          0       1775   usart6.o
       396         30          0         57       1175       4763   vl53l0x.o
      3384         62          0        681          0      36279   vl53l0x_api.o
      1850         14          0         16          0      18247   vl53l0x_api_calibration.o
      4928         16          0          0          0      29543   vl53l0x_api_core.o
       930        494          0          0          0       3503   vl53l0x_api_strings.o
         0          0          0          0         48        810   vl53l0x_cali.o
       346         14          0          0         28       2604   vl53l0x_gen.o
      1076         60          0          0          0      12991   vl53l0x_i2c.o
        16          6          0         16          0       1291   vl53l0x_it.o
       262          0          0          0          0       7387   vl53l0x_platform.o
       448         36         30          0         96       4759   ws2812.o
       308         30          0          2        128       3194   xm1603.o

    ----------------------------------------------------------------------
     28224       1986        568       1032       4236     579492   Object Totals
         0          0         32          0          0          0   (incl. Generated)
        48          0          3          6          5          0   (incl. Padding)

    ----------------------------------------------------------------------

      Code (inc. data)   RO Data    RW Data    ZI Data      Debug   Library Member Name

       336         56          0          0          0        136   cosf.o
        38          0          0          0          0        116   fpclassifyf.o
        38         12          0          0          0        348   funder.o
       340         24         32          0          0        160   rredf.o
       400         56          0          0          0        212   sinf.o
       122          0          0          0          0        148   sqrt.o
        86          0          0          0          0          0   __dczerorl2.o
         0          0          0          0          0          0   entry.o
         0          0          0          0          0          0   entry10a.o
         0          0          0          0          0          0   entry11a.o
         8          4          0          0          0          0   entry2.o
         4          0          0          0          0          0   entry5.o
         0          0          0          0          0          0   entry7b.o
         0          0          0          0          0          0   entry8b.o
         8          4          0          0          0          0   entry9a.o
        12          6          0          4          0         68   errno.o
        30          0          0          0          0          0   handlers.o
        36          8          0          0          0         68   init.o
         0          0          0          0          0          0   iusefp.o
        30          0          0          0          0         68   llshl.o
        36          0          0          0          0         68   llsshr.o
        32          0          0          0          0         68   llushr.o
       188         20          0          0          0        160   malloc.o
        36          0          0          0          0         68   memcpya.o
        36          0          0          0          0        108   memseta.o
         0          0          0          8          0          0   mvars.o
      2258         90          0          0          0        452   printfa.o
        18          0          0          0          0         68   strcpy.o
        14          0          0          0          0         68   strlen.o
        44          0          0          0          0         80   uidiv.o
        98          0          0          0          0         92   uldiv.o
        48          0          0          0          0         68   cdrcmple.o
        56          0          0          0          0         88   d2f.o
       334          0          0          0          0        148   dadd.o
       222          0          0          0          0        100   ddiv.o
       186          0          0          0          0        176   depilogue.o
        48          0          0          0          0         68   dfixul.o
       228          0          0          0          0         96   dmul.o
       162          0          0          0          0        100   dsqrt.o
        38          0          0          0          0         68   f2d.o
       110          0          0          0          0        168   fepilogue.o

    ----------------------------------------------------------------------
      5688        280         32         12          0       3636   Library Totals
         8          0          0          0          0          0   (incl. Padding)

    ----------------------------------------------------------------------

      Code (inc. data)   RO Data    RW Data    ZI Data      Debug   Library Name

      1274        148         32          0          0       1120   m_wm.l
      2974        132          0         12          0       1436   mc_w.l
      1432          0          0          0          0       1080   mf_w.l

    ----------------------------------------------------------------------
      5688        280         32         12          0       3636   Library Totals

    ----------------------------------------------------------------------

==============================================================================


      Code (inc. data)   RO Data    RW Data    ZI Data      Debug   

     33912       2266        600       1044       4236     555012   Grand Totals
     33912       2266        600        768       4236     555012   ELF Image Totals (compressed)
     33912       2266        600        768          0          0   ROM Totals

==============================================================================

    Total RO  Size (Code + RO Data)                34512 (  33.70kB)
    Total RW  Size (RW Data + ZI Data)              5280 (   5.16kB)
    Total ROM Size (Code + RO Data + RW Data)      35280 (  34.45kB)

==============================================================================

